I/MotoNetwCtrlr.MotoNetwCtrlrImpl.MotorolaMobileSignalController( 1 ) ( 1353): notifyListeners: calling QS [1] onMobileDataSignalChanged (Motorola api): Enab=true Sim=( none ) Sig=0x7f02022d=zz_moto_ic_qs_signal_full_4_of_4_wide Roam=( none ) Type=0x7f0202f6=zz_moto_ic_qs_signal_suspended_hplus_wide Act=( none ) In=false Out=false NetName="TIM" DescSim="" DescSig="potncia mxima do sinal de telefone" DescRoam="" DescType="H plus" DescAct="dados mveis suspensos para wi-fi" mobileNetworkName="TIM" mobileNoSim=false isDataTypeIconWide=true ShowWhenWifi=true ShowWhenNotEnab=true IsBidiDirEnab=false IsMotoWideIcons=true SubId=1 phoneId=0
I/MotoNetwCtrlr.MotoNetwCtrlrImpl.MotorolaMobileSignalController( 1 ) ( 1353): notifyListeners: calling QS [2] onMobileDataSignalChanged (Motorola api): Enab=true Sim=( none ) Sig=0x7f02022d=zz_moto_ic_qs_signal_full_4_of_4_wide Roam=( none ) Type=0x7f0202f6=zz_moto_ic_qs_signal_suspended_hplus_wide Act=( none ) In=false Out=false NetName="TIM" DescSim="" DescSig="potncia mxima do sinal de telefone" DescRoam="" DescType="H plus" DescAct="dados mveis suspensos para wi-fi" mobileNetworkName="TIM" mobileNoSim=false isDataTypeIconWide=true ShowWhenWifi=true ShowWhenNotEnab=true IsBidiDirEnab=false IsMotoWideIcons=true SubId=1 phoneId=0
I/MotoNetwCtrlr.MotoNetwCtrlrImpl.MotorolaMobileSignalController( 1 ) ( 1353): notifyListeners: calling SB [0] setMobileDataIndicators (Motorola api): mobileUseMotoUI=true mobileEnabled=true mobileSimIconId=( none ) mobileSignalIconId=0x7f02048c=zz_moto_stat_sys_signal_4_of_4_fully_wide mobileRoamingIconId=( none ) mobileDataTypeIconId=0x7f0203e1=zz_moto_stat_sys_data_suspended_hplus_wide mobileDataActivityIconId=( none ) mobileCarrierDescription="TIM" mobileSimDescription="" mobileSignalContentDescription="potncia mxima do sinal de telefone" mobileRoamingDescription="" mobileDataTypeContentDescription="H plus" mobileDataActivityContentDescription="dados mveis suspensos para wi-fi" mobileIsRoaming=false isDataTypeIconWide=true mobileIsBidiDirectionEnabled=false mobileSubId=1
I/MotoNetwCtrlr.MotoNetwCtrlrImpl.MotorolaMobileSignalController( 1 ) ( 1353): notifyListeners: calling SB [1] setMobileDataIndicators (Motorola api): mobileUseMotoUI=true mobileEnabled=true mobileSimIconId=( none ) mobileSignalIconId=0x7f02048c=zz_moto_stat_sys_signal_4_of_4_fully_wide mobileRoamingIconId=( none ) mobileDataTypeIconId=0x7f0203e1=zz_moto_stat_sys_data_suspended_hplus_wide mobileDataActivityIconId=( none ) mobileCarrierDescription="TIM" mobileSimDescription="" mobileSignalContentDescription="potncia mxima do sinal de telefone" mobileRoamingDescription="" mobileDataTypeContentDescription="H plus" mobileDataActivityContentDescription="dados mveis suspensos para wi-fi" mobileIsRoaming=false isDataTypeIconWide=true mobileIsBidiDirectionEnabled=false mobileSubId=1
I/MotoNetwCtrlr.MotoNetwCtrlrImpl.MotorolaMobileSignalController( 1 ) ( 1353): notifyListeners: calling SB [2] setMobileDataIndicators (Motorola api): mobileUseMotoUI=true mobileEnabled=true mobileSimIconId=( none ) mobileSignalIconId=0x7f02048c=zz_moto_stat_sys_signal_4_of_4_fully_wide mobileRoamingIconId=( none ) mobileDataTypeIconId=0x7f0203e1=zz_moto_stat_sys_data_suspended_hplus_wide mobileDataActivityIconId=( none ) mobileCarrierDescription="TIM" mobileSimDescription="" mobileSignalContentDescription="potncia mxima do sinal de telefone" mobileRoamingDescription="" mobileDataTypeContentDescription="H plus" mobileDataActivityContentDescription="dados mveis suspensos para wi-fi" mobileIsRoaming=false isDataTypeIconWide=true mobileIsBidiDirectionEnabled=false mobileSubId=1
D/BluetoothAdapter( 1353): 1008021778: getState() :  mService = null. Returning STATE_OFF
D/BluetoothAdapter( 1353): 1008021778: getState() :  mService = null. Returning STATE_OFF
I/GCoreUlr(11217): DispatchingService.updateActiveState+sync_source_no_data: Ensuring that reporting is active for [account#-8#]
I/GCoreUlr(11217): Place inference reporting - stop
D/BluetoothAdapter( 1353): 1008021778: getState() :  mService = null. Returning STATE_OFF
D/BluetoothAdapter( 1353): 1008021778: getState() :  mService = null. Returning STATE_OFF
W/Settings(  853): Setting tether_dun_apn has moved from android.provider.Settings.Secure to android.provider.Settings.Global.
D/ConnectivityService(  853): listenForNetwork for NetworkRequest [ id=38, legacyType=-1, [ Capabilities: INTERNET&NOT_RESTRICTED&TRUSTED&NOT_VPN] ]
D/ConnectivityService(  853): handleRegisterNetworkRequest checking NetworkAgentInfo [WIFI () - 131]
D/ConnectivityService(  853): apparently satisfied.  currentScore=60
D/ConnectivityManager.CallbackHandler(12883): CM callback handler got msg 524290
D/Tethering(  853):  upstream interface types: 
D/Tethering(  853):  1
D/Tethering(  853):  4
D/Tethering(  853):  7
W/DriveInitializer(12883): Awaiting to be initialized
W/DriveInitializer(12883): Background init thread started
I/GCoreUlrLong(11217): sendSettings(syncDirty): sent GetSettingsResults{mModMillis=-9223372036854775808, mReportingEnabled=false, mReportingSource=com.google.android.gms+not-dirty, mHistoryEnabled=false, mHistorySource=com.google.android.gms+not-dirty, mUserRestriction=0, mSource=0, mConcurrencyType=0, mDeletions=[], mPrimaryDevice=null, mAcccountType=0}, got back GetSettingsResults{mModMillis=-9223372036854775808, mReportingEnabled=null, mReportingSource=null, mHistoryEnabled=null, mHistorySource=null, mUserRestriction=3, mSource=2, mConcurrencyType=0, mDeletions=[], mPrimaryDevice=null, mAcccountType=0}; success: false
I/GCoreUlr(11217): Starting service, intent=Intent { act=com.google.android.location.reporting.ACTION_UPDATE_ACTIVE_STATE cmp=com.google.android.gms/com.google.android.location.reporting.service.DispatchingService (has extras) }, extras=Bundle[{source=sync_local_wins}]
I/GCoreUlr(11217): DispatchingService.updateActiveState+sync_local_wins: Ensuring that reporting is active for [account#-8#]
I/GCoreUlr(11217): Place inference reporting - stop
W/DriveInitializer(12883): Background init thread ended
I/art     ( 5711): Explicit concurrent mark sweep GC freed 2960(118KB) AllocSpace objects, 0(0B) LOS objects, 40% free, 7MB/13MB, paused 951us total 29.147ms
I/art     (  853): Explicit concurrent mark sweep GC freed 46943(1990KB) AllocSpace objects, 9(336KB) LOS objects, 33% free, 25MB/38MB, paused 2.108ms total 185.444ms
W/Gmail   ( 6237): Sync started for account: account:-946720545
I/Gmail   ( 6237): notifyAccountChanged
E/ActivityThread(12883): Failed to find provider info for com.android.contacts.metadata
I/Gmail   ( 6237): getAccountsCursor
D/SyncManager(  853): not retrying sync operation because the error is a hard error: ra84261@uem.br u0 (com.google), com.android.contacts.metadata, PERIODIC, currentRunTime 69445831, reason: Periodic
I/Gmail   ( 6237): MainSyncRequestProto: lowestBkwdConvoId: 0, highestHandledServerOp: 15688, normalSync: true
D/StatusBar( 1353): Clicked on content of 0|com.google.android.gm|-1902984919|null|10065
I/ActivityManager(  853): START u0 {act=android.intent.action.VIEW dat=content://com.android.gmail.ui/rbmangolin@gmail.com/label/^sq_ig_i_personal?appVersion=58383328 typ=application/gmail-ls flg=0x1000c000 cmp=com.google.android.gm/.ConversationListActivityGmail (has extras)} from uid 10065 on display 0
E/FastThread(  276): did not receive expected priority boost
V/msm8974_platform(  276): platform_get_output_snd_device: enter: output devices(0x2)
V/msm8974_platform(  276): platform_get_output_snd_device: exit: snd_device(speaker)
D/audio_hw_primary(  276): select_devices: out_snd_device(2: speaker) in_snd_device(0: )
D/hardware_info(  276): hw_info_append_hw_type : device_name = speaker
V/msm8974_platform(  276): platform_send_audio_calibration: sending audio calibration for snd_device(2) acdb_id(14)
V/WindowManager(  853): IKSWL-6868 finishPostLayoutPolicyLw: mHideKeyguard=false mDismissKeyguard=0
V/WindowManager(  853): IKSWL-6868 setKeyguardOccludedLw isOccluded=false wasOccluded=false showing=false
V/WindowManager(  853): IKSWL-6868 finishPostLayoutPolicyLw: mHideKeyguard=false mDismissKeyguard=0
V/WindowManager(  853): IKSWL-6868 setKeyguardOccludedLw isOccluded=false wasOccluded=false showing=false
V/WindowManager(  853): addAppToken: AppWindowToken{226feeec token=Token{237f8d9f ActivityRecord{3eb27b3e u0 com.google.android.gm/.ConversationListActivityGmail t682}}} to stack=1 task=682 at 0
I/[@@    ] SyncAdapterProxy( 5711): Delagator disabled, using the (deprecated) GData sync adapter
W/InputMethodManagerService(  853): Window already focused, ignoring focus gain of: com.android.internal.view.IInputMethodClient$Stub$Proxy@2200b416 attribute=null, token = android.os.BinderProxy@24279a9e
V/WindowManager(  853): Adding window Window{14672f84 u0 Starting com.google.android.gm} at 4 of 10 (after Window{2a2d297f u0 com.ionicframework.pdvmobile681514/com.ionicframework.pdvmobile681514.MainActivity})
I/GoogleHttpClient( 5711): GMS http client unavailable, use old client
V/WindowManager(  853): IKSWL-6868 finishPostLayoutPolicyLw: mHideKeyguard=false mDismissKeyguard=0
V/WindowManager(  853): IKSWL-6868 setKeyguardOccludedLw isOccluded=false wasOccluded=false showing=false
V/WindowManager(  853): IKSWL-6868 finishPostLayoutPolicyLw: mHideKeyguard=false mDismissKeyguard=0
V/WindowManager(  853): IKSWL-6868 setKeyguardOccludedLw isOccluded=false wasOccluded=false showing=false
V/WindowManager(  853): IKSWL-6868 finishPostLayoutPolicyLw: mHideKeyguard=false mDismissKeyguard=0
V/WindowManager(  853): IKSWL-6868 setKeyguardOccludedLw isOccluded=false wasOccluded=false showing=false
V/WindowManager(  853): IKSWL-6868 finishPostLayoutPolicyLw: mHideKeyguard=false mDismissKeyguard=0
V/WindowManager(  853): IKSWL-6868 setKeyguardOccludedLw isOccluded=false wasOccluded=false showing=false
V/WindowManager(  853): IKSWL-6868 finishPostLayoutPolicyLw: mHideKeyguard=false mDismissKeyguard=0
V/WindowManager(  853): IKSWL-6868 setKeyguardOccludedLw isOccluded=false wasOccluded=false showing=false
V/WindowManager(  853): IKSWL-6868 finishPostLayoutPolicyLw: mHideKeyguard=false mDismissKeyguard=0
V/WindowManager(  853): IKSWL-6868 setKeyguardOccludedLw isOccluded=false wasOccluded=false showing=false
V/WindowManager(  853): IKSWL-6868 finishPostLayoutPolicyLw: mHideKeyguard=false mDismissKeyguard=0
V/WindowManager(  853): IKSWL-6868 setKeyguardOccludedLw isOccluded=false wasOccluded=false showing=false
I/SFPerfTracer(  260):      triggers: (rate: 6044:257027) (compose: 0:46) (post: 0:5) (render: 17:2218) (15:479455 frames) (16:525960)
D/SFPerfTracer(  260):        layers: (4:10) (FocusedStackFrame (0xb745a918): 0:917)* (DimLayer (0xb745cd20): 0:23)* (DimLayer (0xb73d7dc0): 0:616)* (DimLayer (0xb73da1c8): 0:182) (StatusBar (0xb74459e8): 15:34678) (com.android.systemui.ImageWallpaper (0xb7448610): 0:1038)* (NavigationBar (0xb74517c0): 0:234) (com.ionicframework.pdvmobile681514/com.ionicframework.pdvmobile681514.MainActivity (0xb7452ee0): 16:57) (Starting com.google.android.gm (0xb744fe90): 0:4)* 
I/SFPerfTracer(  260):      triggers: (rate: 6044:257027) (compose: 0:46) (post: 0:5) (render: 17:2219) (11:479472 frames) (12:525979)
D/SFPerfTracer(  260):        layers: (4:10) (FocusedStackFrame (0xb745a918): 0:917)* (DimLayer (0xb745cd20): 0:23)* (DimLayer (0xb73d7dc0): 0:616)* (DimLayer (0xb73da1c8): 0:182) (StatusBar (0xb74459e8): 12:34697) (com.android.systemui.ImageWallpaper (0xb7448610): 0:1038)* (NavigationBar (0xb74517c0): 0:234) (com.ionicframework.pdvmobile681514/com.ionicframework.pdvmobile681514.MainActivity (0xb7452ee0): 1:65)* (Starting com.google.android.gm (0xb744fe90): 12:23) 
W/ActionBarDrawerToggle( 6237): DrawerToggle may not show up because NavigationIcon is not visible. You may need to call actionbar.setDisplayHomeAsUpEnabled(true);
V/WindowManager(  853): IKSWL-6868 finishPostLayoutPolicyLw: mHideKeyguard=false mDismissKeyguard=0
V/WindowManager(  853): IKSWL-6868 setKeyguardOccludedLw isOccluded=false wasOccluded=false showing=false
V/WindowManager(  853): IKSWL-6868 finishPostLayoutPolicyLw: mHideKeyguard=false mDismissKeyguard=0
V/WindowManager(  853): IKSWL-6868 setKeyguardOccludedLw isOccluded=false wasOccluded=false showing=false
V/NFC     ( 6237): this device does not have NFC support
W/Gmail   ( 6237): email_address in bundle is empty
I/ActivityManager(  853): Start proc 6721:com.google.android.gms.feedback/u0a19 for service com.google.android.gms/.feedback.FeedbackService
W/ResourceType( 1353): No package identifier when getting value for resource number 0x00000000
W/PackageManager( 1353): Failure retrieving resources for com.ionicframework.pdvmobile681514: Resource ID #0x0
D/OpenGLRenderer( 6237): Use EGL_SWAP_BEHAVIOR_PRESERVED: true
I/SFPerfTracer(  260):      triggers: (rate: 0:22) (117472 sw vsyncs) (0 skipped) (64:1276621 vsyncs) (66:1410019)
D/Atlas   ( 6237): Validating map...
I/ContactsDataManager(12090): onContentChanged()
V/WindowManager(  853): Adding window Window{228bf576 u0 com.google.android.gm/com.google.android.gm.ConversationListActivityGmail} at 4 of 11 (before Window{14672f84 u0 Starting com.google.android.gm})
W/ResourcesManager( 6721): Asset path '/system/framework/com.android.media.remotedisplay.jar' does not exist or contains no resources.
W/ResourcesManager( 6721): Asset path '/system/framework/com.android.location.provider.jar' does not exist or contains no resources.
I/ViewMode( 6237): ViewMode: executing change old=0 new=2
I/Gmail   ( 6237): Replacing ConversationListFragment while in Inbox
I/MultiDex( 6721): VM with version 2.1.0 has multidex support
I/MultiDex( 6721): install
I/MultiDex( 6721): VM has multidex support, MultiDex support library is disabled.
W/linker  ( 6721): libgmscore.so: unused DT entry: type 0x7ffffffd arg 0xa74
I/MotoNetwCtrlr( 1353): onReceive: Received intent=Intent { act=android.net.wifi.RSSI_CHANGED flg=0x4000010 (has extras) } Action=android.net.wifi.RSSI_CHANGED
I/MotoNetwCtrlr.MotoWifiSignalCtrlr( 1353): handleBroadcast: Entered: Intent=Intent { act=android.net.wifi.RSSI_CHANGED flg=0x4000010 (has extras) } Action=android.net.wifi.RSSI_CHANGED
I/MotoNetwCtrlr.MotorolaWifiSignalController( 1353): isDirty: returns true
I/MotoNetwCtrlr.MotorolaWifiSignalController( 1353): notifyListeners: calling QS [0] onWifiSignalChanged (Motorola api): UseMotoUI=true enab=true conn=true QSSig=0x7f0200a8=ic_qs_wifi_full_2 QSAct=( none ) In=true Out=true DescSig="Duas barras de sinal Wi-Fi." DescAct="wi-fi dentro e fora do alcance" NetName=""GUMGA""
I/MotoNetwCtrlr.MotorolaWifiSignalController( 1353): notifyListeners: calling QS [1] onWifiSignalChanged (Motorola api): UseMotoUI=true enab=true conn=true QSSig=0x7f0200a8=ic_qs_wifi_full_2 QSAct=( none ) In=true Out=true DescSig="Duas barras de sinal Wi-Fi." DescAct="wi-fi dentro e fora do alcance" NetName=""GUMGA""
I/MotoNetwCtrlr.MotorolaWifiSignalController( 1353): notifyListeners: calling QS [2] onWifiSignalChanged (Motorola api): UseMotoUI=true enab=true conn=true QSSig=0x7f0200a8=ic_qs_wifi_full_2 QSAct=( none ) In=true Out=true DescSig="Duas barras de sinal Wi-Fi." DescAct="wi-fi dentro e fora do alcance" NetName=""GUMGA""
I/MotoNetwCtrlr.MotorolaWifiSignalController( 1353): notifyListeners: calling SB [0] setWifiIndicators (Motorola api): UseMotoUI=true Vis=true SBSig=0x7f020148=stat_sys_wifi_signal_2_fully SBAct=( none ) DescSig="Duas barras de sinal Wi-Fi." DescAct="wi-fi dentro e fora do alcance" NetName=""GUMGA""
I/MotoNetwCtrlr.MotorolaWifiSignalController( 1353): notifyListeners: calling SB [1] setWifiIndicators (Motorola api): UseMotoUI=true Vis=true SBSig=0x7f020148=stat_sys_wifi_signal_2_fully SBAct=( none ) DescSig="Duas barras de sinal Wi-Fi." DescAct="wi-fi dentro e fora do alcance" NetName=""GUMGA""
I/MotoNetwCtrlr.MotorolaWifiSignalController( 1353): notifyListeners: calling SB [2] setWifiIndicators (Motorola api): UseMotoUI=true Vis=true SBSig=0x7f020148=stat_sys_wifi_signal_2_fully SBAct=( none ) DescSig="Duas barras de sinal Wi-Fi." DescAct="wi-fi dentro e fora do alcance" NetName=""GUMGA""
I/ConversationCursor( 6237): ConversationCursor pre-loading took 21ms n=46
I/MotoNetwCtrlr.MotoWifiSignalCtrlr( 1353): handleBroadcast: Completed
I/MotoNetwCtrlr( 1353): onReceive: Completed intent=Intent { act=android.net.wifi.RSSI_CHANGED flg=0x4000010 (has extras) } Action=android.net.wifi.RSSI_CHANGED
I/MotoNetwCtrlr( 1353): onReceive: Received intent=Intent { act=android.net.wifi.RSSI_CHANGED flg=0x4000010 (has extras) } Action=android.net.wifi.RSSI_CHANGED
I/MotoNetwCtrlr.MotoWifiSignalCtrlr( 1353): handleBroadcast: Entered: Intent=Intent { act=android.net.wifi.RSSI_CHANGED flg=0x4000010 (has extras) } Action=android.net.wifi.RSSI_CHANGED
I/MotoNetwCtrlr.MotorolaWifiSignalController( 1353): isDirty: returns false
I/MotoNetwCtrlr.MotoWifiSignalCtrlr( 1353): handleBroadcast: Completed
I/MotoNetwCtrlr( 1353): onReceive: Completed intent=Intent { act=android.net.wifi.RSSI_CHANGED flg=0x4000010 (has extras) } Action=android.net.wifi.RSSI_CHANGED
W/linker  ( 6721): libconscrypt_gmscore_jni.so: unused DT entry: type 0x1d arg 0xe0
W/linker  ( 6721): libconscrypt_gmscore_jni.so: unused DT entry: type 0x7ffffffd arg 0x1c9
V/JNIHelp ( 6721): Registering com/google/android/gms/org/conscrypt/NativeCrypto's 255 native methods...
D/PhoneStatusBar( 1353): disable: < expand icons* alerts system_info* back home recent clock search >
V/WindowManager(  853): IKSWL-6868 finishPostLayoutPolicyLw: mHideKeyguard=false mDismissKeyguard=0
V/WindowManager(  853): IKSWL-6868 setKeyguardOccludedLw isOccluded=false wasOccluded=false showing=false
I/ProviderInstaller( 6721): Installed default security provider GmsCore_OpenSSL
V/WindowManager(  853): IKSWL-6868 finishPostLayoutPolicyLw: mHideKeyguard=false mDismissKeyguard=0
V/WindowManager(  853): IKSWL-6868 setKeyguardOccludedLw isOccluded=false wasOccluded=false showing=false
V/WindowManager(  853): IKSWL-6868 finishPostLayoutPolicyLw: mHideKeyguard=false mDismissKeyguard=0
V/WindowManager(  853): IKSWL-6868 setKeyguardOccludedLw isOccluded=false wasOccluded=false showing=false
V/WindowManager(  853): IKSWL-6868 finishPostLayoutPolicyLw: mHideKeyguard=false mDismissKeyguard=0
V/WindowManager(  853): IKSWL-6868 setKeyguardOccludedLw isOccluded=false wasOccluded=false showing=false
D/ChimeraCfgMgr( 6721): Reading stored module config
I/art     (11217): Explicit concurrent mark sweep GC freed 99235(5MB) AllocSpace objects, 51(821KB) LOS objects, 39% free, 17MB/29MB, paused 3.413ms total 233.110ms
I/art     ( 6237): Background sticky concurrent mark sweep GC freed 22907(1932KB) AllocSpace objects, 13(206KB) LOS objects, 11% free, 17MB/19MB, paused 17.521ms total 166.246ms
I/Choreographer( 6237): Skipped 34 frames!  The application may be doing too much work on its main thread.
I/art     ( 6721): Rejecting re-init on previously-failed class java.lang.Class<irq>
I/art     ( 6721): Rejecting re-init on previously-failed class java.lang.Class<irq>
V/WindowManager(  853): IKSWL-6868 finishPostLayoutPolicyLw: mHideKeyguard=false mDismissKeyguard=0
V/WindowManager(  853): IKSWL-6868 setKeyguardOccludedLw isOccluded=false wasOccluded=false showing=false
V/WindowManager(  853): IKSWL-6868 finishPostLayoutPolicyLw: mHideKeyguard=false mDismissKeyguard=0
V/WindowManager(  853): IKSWL-6868 setKeyguardOccludedLw isOccluded=false wasOccluded=false showing=false
D/NativeLibraryUtils( 6721): Install completed successfully. count=12 extracted=0
I/Adreno-EGL( 6237): <qeglDrvAPI_eglInitialize:410>: EGL 1.4 QUALCOMM build: AU_LINUX_ANDROID_LA.BF.1.1.1_RB1.05.00.02.042.016_msm8226_LA.BF.1.1.1_RB1__release_AU ()
I/Adreno-EGL( 6237): OpenGL ES Shader Compiler Version: E031.25.03.00
I/Adreno-EGL( 6237): Build Date: 02/11/15 Wed
I/Adreno-EGL( 6237): Local Branch: 
I/Adreno-EGL( 6237): Remote Branch: quic/LA.BF.1.1.1_rb1.10
I/Adreno-EGL( 6237): Local Patches: NONE
I/Adreno-EGL( 6237): Reconstruct Branch: AU_LINUX_ANDROID_LA.BF.1.1.1_RB1.05.00.02.042.016 + 62ca4eb + acd831d + 9f8b442 + e027a02 + cba30ba + 53c303a + a649d79 + 23e16f8 + 5e97da7 + cbd2a44 + 33d072a + 7aacf06 + 72b33e7 + 28f6f60 + b4c13d8 +  NOTHING
I/OpenGLRenderer( 6237): Initialized EGL, version 1.4
I/ContactsDataManager(12090): onContentChanged()
D/OpenGLRenderer( 6237): Enabling debug mode 0
E/SQLiteLog( 6423): (284) automatic index on sqlite_sq_B8FBE5C8(STAT_DATA_ID)
E/SQLiteLog( 6423): (284) automatic index on sqlite_sq_B904B2E0(STAT_DATA_ID)
W/View    ( 6237): requestLayout() improperly called by android.widget.ListView{252ab2d6 VFED.VC. ......ID 0,0-608,1184 #102000a android:id/list} during layout: running second layout pass
I/art     (  853): Explicit concurrent mark sweep GC freed 17831(750KB) AllocSpace objects, 1(16KB) LOS objects, 33% free, 26MB/39MB, paused 1.709ms total 130.467ms
E/SQLiteLog( 6423): (284) automatic index on sqlite_sq_B90A5AB0(STAT_DATA_ID)
E/SQLiteLog( 6423): (284) automatic index on sqlite_sq_B90A7A10(STAT_DATA_ID)
W/ProcessCpuTracker(  853): Skipping unknown process pid 6689
W/ProcessCpuTracker(  853): Skipping unknown process pid 6692
W/AbstractGoogleClient( 6319): Application name is not set. Call Builder#setApplicationName.
I/Exchange( 6237): EasService.onCreate
W/ActivityManager(  853): Unable to start service Intent { cmp=com.google.android.gm.exchange/com.android.exchange.service.EasService } U=0: not found
I/Exchange( 6237): EasService.onCreate stoppedOldService=false
I/Exchange( 6237): needResyncCalendar: false, hasCalendarPermission: true, needResyncContacts: false, hasContactsPermission: true
I/Exchange( 6237): RestartPingTask
I/Choreographer( 6237): Skipped 33 frames!  The application may be doing too much work on its main thread.
I/ConversationCursor( 6237): ConversationCursor pre-loading took 40ms n=54
I/art     ( 6237): Background sticky concurrent mark sweep GC freed 5541(212KB) AllocSpace objects, 0(0B) LOS objects, 1% free, 27MB/28MB, paused 6.993ms total 43.629ms
V/WindowManager(  853): IKSWL-6868 finishPostLayoutPolicyLw: mHideKeyguard=false mDismissKeyguard=0
V/WindowManager(  853): IKSWL-6868 setKeyguardOccludedLw isOccluded=false wasOccluded=false showing=false
V/WindowManager(  853): IKSWL-6868 finishPostLayoutPolicyLw: mHideKeyguard=false mDismissKeyguard=0
V/WindowManager(  853): IKSWL-6868 setKeyguardOccludedLw isOccluded=false wasOccluded=false showing=false
I/LaunchCheckinHandler(  853): Displayed com.google.android.gm/.ConversationListActivityGmail,wp,ca,2745
I/ActivityManager(  853): Displayed com.google.android.gm/.ConversationListActivityGmail: +2s745ms
V/WindowManager(  853): IKSWL-6868 finishPostLayoutPolicyLw: mHideKeyguard=false mDismissKeyguard=0
V/WindowManager(  853): IKSWL-6868 setKeyguardOccludedLw isOccluded=false wasOccluded=false showing=false
I/CalendarSyncAdapter( 6319): Found no pending settings
W/View    ( 6237): requestLayout() improperly called by aiw{2fc2fad2 V.ED.... ......ID 112,29-359,67 #7f10024a app:id/drawer_footer_text} during second layout pass: posting in next frame
W/View    ( 6237): requestLayout() improperly called by aiw{edcf7a3 V.ED.... ......ID 112,29-395,67 #7f10024a app:id/drawer_footer_text} during second layout pass: posting in next frame
I/Choreographer( 6237): Skipped 33 frames!  The application may be doing too much work on its main thread.
W/IInputConnectionWrapper( 5656): showStatusIcon on inactive InputConnection
W/AbstractGoogleClient( 6319): Application name is not set. Call Builder#setApplicationName.
I/Gmail   ( 6237): GoogleApiClient connected.
I/Exchange( 6237): RestartPingsTask did not start any pings.
I/Exchange( 6237): PSS stopIfIdle
I/Exchange( 6237): PSS has no active accounts; stopping service.
W/Gmail   ( 6237): SectionedInboxTeaserView: No section: maxSenders 80 data 0
V/WindowManager(  853): IKSWL-6868 finishPostLayoutPolicyLw: mHideKeyguard=false mDismissKeyguard=0
W/Gmail   ( 6237): SectionedInboxTeaserView: No section: maxSenders 74 data 0
V/WindowManager(  853): IKSWL-6868 setKeyguardOccludedLw isOccluded=false wasOccluded=false showing=false
V/WindowManager(  853): IKSWL-6868 finishPostLayoutPolicyLw: mHideKeyguard=false mDismissKeyguard=0
V/WindowManager(  853): IKSWL-6868 setKeyguardOccludedLw isOccluded=false wasOccluded=false showing=false
I/Gmail   ( 6237): Sending provider changed intent: Intent { act=android.intent.action.PROVIDER_CHANGED dat=content://gmail-ls/unread/^sq_ig_i_personal (has extras) }
I/DynamiteModule( 6721): Considering local module com.google.android.gms.googlecertificates:1 and remote module com.google.android.gms.googlecertificates:1
I/DynamiteModule( 6721): Selected remote version of com.google.android.gms.googlecertificates, version >= 1
I/Exchange( 6237): onDestroy
D/ChimeraFileApk( 6721): Primary ABI of requesting process is armeabi-v7a
D/ChimeraFileApk( 6721): Classloading successful. Optimized code found.
D/GoogleCertificates( 6721): com.google.android.gms.googlecertificates module is loaded
I/Gmail   ( 6237): SuppressNotificationReceiver: Aborting broadcast of intent Intent { act=com.android.mail.action.update_notification typ=application/gmail-ls flg=0x10 (has extras) }, folder uri is content://com.android.gmail.ui/account%3A-1585194768/label/%5Esq_ig_i_personal
I/NotifUtils( 6237): Validating Notification, mapSize: 0 getAttention: false ignoreUnobtrusive: false
I/NotifUtils( 6237): validateNotifications - cancelling -1902984919 for -1585194768 / -317575340
D/GoogleCertificatesImpl( 6721): Fetched 163 Google release certificates
I/Gmail   ( 6237): Contacts Client connected:
I/CalendarSyncAdapter( 6319): Found no pending settings
W/AbstractGoogleClient( 6319): Application name is not set. Call Builder#setApplicationName.
I/ConversationCursor( 6237): Resuming caching, pos=0 idler=cxm@1de1a4fc
I/ConversationCursor( 6237): Caching complete pos=54
I/art     (  853): Explicit concurrent mark sweep GC freed 23549(966KB) AllocSpace objects, 4(64KB) LOS objects, 33% free, 26MB/39MB, paused 1.882ms total 146.840ms
I/MotoNetwCtrlr.MotoNetwCtrlrImpl.MotorolaMobileSignalController( 1 ) ( 1353): MotorolaMobilePhoneStateListener.onSignalStrengthsChanged: Entered: signalStrength=SignalStrength: 27 0 -120 -160 -120 -1 -1 99 2147483647 2147483647 2147483647 2147483647 2147483647 gsm|lte 0 -108 -1 false 4 4 0 0 0 99 99 99 4 0 level=4
I/Gmail   ( 6237): MainSyncRequestProto: lowestBkwdConvoId: 0, highestHandledServerOp: 15707, normalSync: true
I/MotoNetwCtrlr.MotoNetwCtrlrImpl.MotorolaMobileSignalController( 1 ) ( 1353): isDirty: returns true
I/MotoNetwCtrlr.MotoNetwCtrlrImpl.MotorolaMobileSignalController( 1 ) ( 1353): notifyListeners: calling SB [0] setMobileDataIndicators (Motorola api): mobileUseMotoUI=true mobileEnabled=true mobileSimIconId=( none ) mobileSignalIconId=0x7f02048c=zz_moto_stat_sys_signal_4_of_4_fully_wide mobileRoamingIconId=( none ) mobileDataTypeIconId=0x7f0203e1=zz_moto_stat_sys_data_suspended_hplus_wide mobileDataActivityIconId=( none ) mobileCarrierDescription="TIM" mobileSimDescription="" mobileSignalContentDescription="potncia mxima do sinal de telefone" mobileRoamingDescription="" mobileDataTypeContentDescription="H plus" mobileDataActivityContentDescription="dados mveis suspensos para wi-fi" mobileIsRoaming=false isDataTypeIconWide=true mobileIsBidiDirectionEnabled=false mobileSubId=1
I/MotoNetwCtrlr.MotoNetwCtrlrImpl.MotorolaMobileSignalController( 1 ) ( 1353): notifyListeners: calling SB [1] setMobileDataIndicators (Motorola api): mobileUseMotoUI=true mobileEnabled=true mobileSimIconId=( none ) mobileSignalIconId=0x7f02048c=zz_moto_stat_sys_signal_4_of_4_fully_wide mobileRoamingIconId=( none ) mobileDataTypeIconId=0x7f0203e1=zz_moto_stat_sys_data_suspended_hplus_wide mobileDataActivityIconId=( none ) mobileCarrierDescription="TIM" mobileSimDescription="" mobileSignalContentDescription="potncia mxima do sinal de telefone" mobileRoamingDescription="" mobileDataTypeContentDescription="H plus" mobileDataActivityContentDescription="dados mveis suspensos para wi-fi" mobileIsRoaming=false isDataTypeIconWide=true mobileIsBidiDirectionEnabled=false mobileSubId=1
I/MotoNetwCtrlr.MotoNetwCtrlrImpl.MotorolaMobileSignalController( 1 ) ( 1353): notifyListeners: calling SB [2] setMobileDataIndicators (Motorola api): mobileUseMotoUI=true mobileEnabled=true mobileSimIconId=( none ) mobileSignalIconId=0x7f02048c=zz_moto_stat_sys_signal_4_of_4_fully_wide mobileRoamingIconId=( none ) mobileDataTypeIconId=0x7f0203e1=zz_moto_stat_sys_data_suspended_hplus_wide mobileDataActivityIconId=( none ) mobileCarrierDescription="TIM" mobileSimDescription="" mobileSignalContentDescription="potncia mxima do sinal de telefone" mobileRoamingDescription="" mobileDataTypeContentDescription="H plus" mobileDataActivityContentDescription="dados mveis suspensos para wi-fi" mobileIsRoaming=false isDataTypeIconWide=true mobileIsBidiDirectionEnabled=false mobileSubId=1
I/MotoNetwCtrlr.MotoNetwCtrlrImpl.MotorolaMobileSignalController( 1 ) ( 1353): MotorolaMobilePhoneStateListener.onSignalStrengthsChanged: completed: level=4
I/Gmail   ( 6237): lowestBackward conversation id 0
I/Gmail   ( 6237): AppDataSearch: minSeqNo=1034, maxSeqNo=1052, lastCommittedSequence=1051
W/IcingInternalCorpora(12883): getNumBytesRead when not calculated.
D/hardware_info(  276): hw_info_append_hw_type : device_name = speaker
I/Gmail   ( 6237): notifyAccountChanged
I/Gmail   ( 6237): getAccountsCursor
I/Gmail   ( 6237): notifyAccountChanged
W/Gmail   ( 6237): Sync complete for account: account:-946720545
I/Gmail   ( 6237): getAccountsCursor
I/CalendarSyncAdapter( 6319): Found no pending settings
I/MotoNetwCtrlr( 1353): onReceive: Received intent=Intent { act=android.net.wifi.RSSI_CHANGED flg=0x4000010 (has extras) } Action=android.net.wifi.RSSI_CHANGED
I/MotoNetwCtrlr.MotoWifiSignalCtrlr( 1353): handleBroadcast: Entered: Intent=Intent { act=android.net.wifi.RSSI_CHANGED flg=0x4000010 (has extras) } Action=android.net.wifi.RSSI_CHANGED
I/MotoNetwCtrlr.MotorolaWifiSignalController( 1353): isDirty: returns false
I/MotoNetwCtrlr.MotoWifiSignalCtrlr( 1353): handleBroadcast: Completed
I/MotoNetwCtrlr( 1353): onReceive: Completed intent=Intent { act=android.net.wifi.RSSI_CHANGED flg=0x4000010 (has extras) } Action=android.net.wifi.RSSI_CHANGED
I/Icing   (12883): Indexing FC784B341BFAF3BAF74005F50918A4BCAFB3308B from com.google.android.gm
I/Icing   (12883): Indexing done FC784B341BFAF3BAF74005F50918A4BCAFB3308B
I/MotoNetwCtrlr.MotoWifiHndlr( 1353): handleMessage: Entered msg.what=1
I/MotoNetwCtrlr.MotorolaWifiSignalController( 1353): isDirty: returns true
I/MotoNetwCtrlr.MotorolaWifiSignalController( 1353): notifyListeners: calling SB [0] setWifiIndicators (Motorola api): UseMotoUI=true Vis=true SBSig=0x7f020148=stat_sys_wifi_signal_2_fully SBAct=( none ) DescSig="Duas barras de sinal Wi-Fi." DescAct="wi-fi ocioso" NetName=""GUMGA""
I/MotoNetwCtrlr.MotorolaWifiSignalController( 1353): notifyListeners: calling SB [1] setWifiIndicators (Motorola api): UseMotoUI=true Vis=true SBSig=0x7f020148=stat_sys_wifi_signal_2_fully SBAct=( none ) DescSig="Duas barras de sinal Wi-Fi." DescAct="wi-fi ocioso" NetName=""GUMGA""
I/MotoNetwCtrlr.MotorolaWifiSignalController( 1353): notifyListeners: calling SB [2] setWifiIndicators (Motorola api): UseMotoUI=true Vis=true SBSig=0x7f020148=stat_sys_wifi_signal_2_fully SBAct=( none ) DescSig="Duas barras de sinal Wi-Fi." DescAct="wi-fi ocioso" NetName=""GUMGA""
I/MotoNetwCtrlr.MotoWifiHndlr( 1353): handleMessage: Completed
E/FastThread(  276): did not receive expected priority boost
V/msm8974_platform(  276): platform_get_output_snd_device: enter: output devices(0x2)
V/msm8974_platform(  276): platform_get_output_snd_device: exit: snd_device(speaker)
D/audio_hw_primary(  276): select_devices: out_snd_device(2: speaker) in_snd_device(0: )
D/hardware_info(  276): hw_info_append_hw_type : device_name = speaker
V/msm8974_platform(  276): platform_send_audio_calibration: sending audio calibration for snd_device(2) acdb_id(14)
W/ResourceType( 1353): No package identifier when getting value for resource number 0x00000000
W/PackageManager( 1353): Failure retrieving resources for com.google.android.gm: Resource ID #0x0
I/ActivityManager(  853): START u0 {act=com.android.systemui.recents.SHOW_RECENTS flg=0x10804000 cmp=com.android.systemui/.recents.RecentsActivity} from uid 10024 on display 0
V/WindowManager(  853): IKSWL-6868 finishPostLayoutPolicyLw: mHideKeyguard=false mDismissKeyguard=0
V/WindowManager(  853): IKSWL-6868 setKeyguardOccludedLw isOccluded=false wasOccluded=false showing=false
V/WindowManager(  853): IKSWL-6868 finishPostLayoutPolicyLw: mHideKeyguard=false mDismissKeyguard=0
V/WindowManager(  853): IKSWL-6868 setKeyguardOccludedLw isOccluded=false wasOccluded=false showing=false
V/WindowManager(  853): IKSWL-6868 finishPostLayoutPolicyLw: mHideKeyguard=false mDismissKeyguard=0
V/WindowManager(  853): IKSWL-6868 setKeyguardOccludedLw isOccluded=false wasOccluded=false showing=false
V/WindowManager(  853): IKSWL-6868 finishPostLayoutPolicyLw: mHideKeyguard=false mDismissKeyguard=0
V/WindowManager(  853): IKSWL-6868 setKeyguardOccludedLw isOccluded=false wasOccluded=false showing=false
I/SFPerfTracer(  260):      triggers: (rate: 6044:257030) (compose: 0:46) (post: 0:5) (render: 17:2219) (1:479556 frames) (2:526080)
D/SFPerfTracer(  260):        layers: (3:11) (FocusedStackFrame (0xb745a918): 1:921)* (DimLayer (0xb745cd20): 0:23)* (DimLayer (0xb73d7dc0): 0:616)* (DimLayer (0xb73da1c8): 0:184)* (StatusBar (0xb74459e8): 0:34761) (com.android.systemui.ImageWallpaper (0xb7448610): 0:1038)* (NavigationBar (0xb74517c0): 2:241) (com.ionicframework.pdvmobile681514/com.ionicframework.pdvmobile681514.MainActivity (0xb7452ee0): 0:66)- (Starting com.google.android.gm (0xb744fe90): 0:40)- (com.google.android.gm/com.google.android.gm.ConversationListActivityGmail (0xb7452ee0): 1:22) 
V/WindowManager(  853): IKSWL-6868 finishPostLayoutPolicyLw: mHideKeyguard=false mDismissKeyguard=0
V/WindowManager(  853): IKSWL-6868 setKeyguardOccludedLw isOccluded=false wasOccluded=false showing=false
V/WindowManager(  853): IKSWL-6868 finishPostLayoutPolicyLw: mHideKeyguard=false mDismissKeyguard=0
V/WindowManager(  853): IKSWL-6868 setKeyguardOccludedLw isOccluded=false wasOccluded=false showing=false
V/WindowManager(  853): IKSWL-6868 finishPostLayoutPolicyLw: mHideKeyguard=false mDismissKeyguard=0
V/WindowManager(  853): IKSWL-6868 setKeyguardOccludedLw isOccluded=false wasOccluded=false showing=false
V/WindowManager(  853): IKSWL-6868 finishPostLayoutPolicyLw: mHideKeyguard=false mDismissKeyguard=0
V/WindowManager(  853): IKSWL-6868 setKeyguardOccludedLw isOccluded=false wasOccluded=false showing=false
V/WindowManager(  853): IKSWL-6868 finishPostLayoutPolicyLw: mHideKeyguard=false mDismissKeyguard=0
V/WindowManager(  853): IKSWL-6868 setKeyguardOccludedLw isOccluded=false wasOccluded=false showing=false
I/MotoNetwCtrlr.MotoNetwCtrlrImpl.MotorolaMobileSignalController( 1 ) ( 1353): MotorolaMobilePhoneStateListener.onSignalStrengthsChanged: Entered: signalStrength=SignalStrength: 26 0 -120 -160 -120 -1 -1 99 2147483647 2147483647 2147483647 2147483647 2147483647 gsm|lte 0 -108 -1 false 4 4 0 0 0 99 99 99 4 0 level=4
I/LaunchCheckinHandler(  853): Displayed com.android.systemui/.recents.RecentsActivity,wp,wa,208
W/InputMethodManagerService(  853): Starting input on non-focused client com.android.internal.view.IInputMethodClient$Stub$Proxy@252be43b (uid=10065 pid=6237)
V/WindowManager(  853): IKSWL-6868 finishPostLayoutPolicyLw: mHideKeyguard=false mDismissKeyguard=0
V/WindowManager(  853): IKSWL-6868 setKeyguardOccludedLw isOccluded=false wasOccluded=false showing=false
I/MotoNetwCtrlr.MotoNetwCtrlrImpl.MotorolaMobileSignalController( 1 ) ( 1353): isDirty: returns true
I/MotoNetwCtrlr.MotoNetwCtrlrImpl.MotorolaMobileSignalController( 1 ) ( 1353): notifyListeners: calling SB [0] setMobileDataIndicators (Motorola api): mobileUseMotoUI=true mobileEnabled=true mobileSimIconId=( none ) mobileSignalIconId=0x7f02048c=zz_moto_stat_sys_signal_4_of_4_fully_wide mobileRoamingIconId=( none ) mobileDataTypeIconId=0x7f0203e1=zz_moto_stat_sys_data_suspended_hplus_wide mobileDataActivityIconId=( none ) mobileCarrierDescription="TIM" mobileSimDescription="" mobileSignalContentDescription="potncia mxima do sinal de telefone" mobileRoamingDescription="" mobileDataTypeContentDescription="H plus" mobileDataActivityContentDescription="dados mveis suspensos para wi-fi" mobileIsRoaming=false isDataTypeIconWide=true mobileIsBidiDirectionEnabled=false mobileSubId=1
I/MotoNetwCtrlr.MotoNetwCtrlrImpl.MotorolaMobileSignalController( 1 ) ( 1353): notifyListeners: calling SB [1] setMobileDataIndicators (Motorola api): mobileUseMotoUI=true mobileEnabled=true mobileSimIconId=( none ) mobileSignalIconId=0x7f02048c=zz_moto_stat_sys_signal_4_of_4_fully_wide mobileRoamingIconId=( none ) mobileDataTypeIconId=0x7f0203e1=zz_moto_stat_sys_data_suspended_hplus_wide mobileDataActivityIconId=( none ) mobileCarrierDescription="TIM" mobileSimDescription="" mobileSignalContentDescription="potncia mxima do sinal de telefone" mobileRoamingDescription="" mobileDataTypeContentDescription="H plus" mobileDataActivityContentDescription="dados mveis suspensos para wi-fi" mobileIsRoaming=false isDataTypeIconWide=true mobileIsBidiDirectionEnabled=false mobileSubId=1
I/MotoNetwCtrlr.MotoNetwCtrlrImpl.MotorolaMobileSignalController( 1 ) ( 1353): notifyListeners: calling SB [2] setMobileDataIndicators (Motorola api): mobileUseMotoUI=true mobileEnabled=true mobileSimIconId=( none ) mobileSignalIconId=0x7f02048c=zz_moto_stat_sys_signal_4_of_4_fully_wide mobileRoamingIconId=( none ) mobileDataTypeIconId=0x7f0203e1=zz_moto_stat_sys_data_suspended_hplus_wide mobileDataActivityIconId=( none ) mobileCarrierDescription="TIM" mobileSimDescription="" mobileSignalContentDescription="potncia mxima do sinal de telefone" mobileRoamingDescription="" mobileDataTypeContentDescription="H plus" mobileDataActivityContentDescription="dados mveis suspensos para wi-fi" mobileIsRoaming=false isDataTypeIconWide=true mobileIsBidiDirectionEnabled=false mobileSubId=1
I/MotoNetwCtrlr.MotoNetwCtrlrImpl.MotorolaMobileSignalController( 1 ) ( 1353): MotorolaMobilePhoneStateListener.onSignalStrengthsChanged: completed: level=4
I/AbstractDataManager(12090): doInBackground()
I/AbstractDataManager(12090): importContentData() : Canceled
I/AbstractDataManager(12090): onPostExecute() : Result = android.util.Pair@0
I/ContactsDataManager(12090): onImportFinished() : Result = 0 : Count = 0
V/WindowManager(  853): IKSWL-6868 finishPostLayoutPolicyLw: mHideKeyguard=false mDismissKeyguard=0
V/WindowManager(  853): IKSWL-6868 setKeyguardOccludedLw isOccluded=false wasOccluded=false showing=false
V/WindowManager(  853): IKSWL-6868 finishPostLayoutPolicyLw: mHideKeyguard=false mDismissKeyguard=0
V/WindowManager(  853): IKSWL-6868 setKeyguardOccludedLw isOccluded=false wasOccluded=false showing=false
V/WindowManager(  853): IKSWL-6868 finishPostLayoutPolicyLw: mHideKeyguard=false mDismissKeyguard=0
V/WindowManager(  853): IKSWL-6868 setKeyguardOccludedLw isOccluded=false wasOccluded=false showing=false
V/WindowManager(  853): IKSWL-6868 finishPostLayoutPolicyLw: mHideKeyguard=false mDismissKeyguard=0
V/WindowManager(  853): IKSWL-6868 setKeyguardOccludedLw isOccluded=false wasOccluded=false showing=false
W/ResourceType( 1353): No package identifier when getting value for resource number 0x00000000
W/PackageManager( 1353): Failure retrieving resources for com.google.android.gm: Resource ID #0x0
D/TaskStackView( 1353): onTaskViewClicked: task = Task (682): com.google.android.gm [com.android.systemui.recents.model.Task@27925b54] index = 1
V/WindowManager(  853): IKSWL-6868 finishPostLayoutPolicyLw: mHideKeyguard=false mDismissKeyguard=0
V/WindowManager(  853): IKSWL-6868 setKeyguardOccludedLw isOccluded=false wasOccluded=false showing=false
I/SFPerfTracer(  260):      triggers: (rate: 0:22) (117472 sw vsyncs) (0 skipped) (75:1276763 vsyncs) (77:1410174)
V/WindowManager(  853): IKSWL-6868 finishPostLayoutPolicyLw: mHideKeyguard=false mDismissKeyguard=0
V/WindowManager(  853): IKSWL-6868 setKeyguardOccludedLw isOccluded=false wasOccluded=false showing=false
V/WindowManager(  853): IKSWL-6868 finishPostLayoutPolicyLw: mHideKeyguard=false mDismissKeyguard=0
V/WindowManager(  853): IKSWL-6868 setKeyguardOccludedLw isOccluded=false wasOccluded=false showing=false
W/Gmail   ( 6237): email_address in bundle is empty
V/WindowManager(  853): IKSWL-6868 finishPostLayoutPolicyLw: mHideKeyguard=false mDismissKeyguard=0
V/WindowManager(  853): IKSWL-6868 setKeyguardOccludedLw isOccluded=false wasOccluded=false showing=false
V/WindowManager(  853): IKSWL-6868 finishPostLayoutPolicyLw: mHideKeyguard=false mDismissKeyguard=0
V/WindowManager(  853): IKSWL-6868 setKeyguardOccludedLw isOccluded=false wasOccluded=false showing=false
V/WindowManager(  853): IKSWL-6868 finishPostLayoutPolicyLw: mHideKeyguard=false mDismissKeyguard=0
V/WindowManager(  853): IKSWL-6868 setKeyguardOccludedLw isOccluded=false wasOccluded=false showing=false
I/Gmail   ( 6237): GoogleApiClient connected.
V/WindowManager(  853): IKSWL-6868 finishPostLayoutPolicyLw: mHideKeyguard=false mDismissKeyguard=0
V/WindowManager(  853): IKSWL-6868 setKeyguardOccludedLw isOccluded=false wasOccluded=false showing=false
I/Gmail   ( 6237): Contacts Client connected:
V/WindowManager(  853): IKSWL-6868 finishPostLayoutPolicyLw: mHideKeyguard=false mDismissKeyguard=0
V/WindowManager(  853): IKSWL-6868 setKeyguardOccludedLw isOccluded=false wasOccluded=false showing=false
I/MotoNetwCtrlr( 1353): onReceive: Received intent=Intent { act=android.net.wifi.RSSI_CHANGED flg=0x4000010 (has extras) } Action=android.net.wifi.RSSI_CHANGED
I/MotoNetwCtrlr.MotoWifiSignalCtrlr( 1353): handleBroadcast: Entered: Intent=Intent { act=android.net.wifi.RSSI_CHANGED flg=0x4000010 (has extras) } Action=android.net.wifi.RSSI_CHANGED
I/MotoNetwCtrlr.MotorolaWifiSignalController( 1353): isDirty: returns true
I/MotoNetwCtrlr.MotorolaWifiSignalController( 1353): notifyListeners: calling SB [0] setWifiIndicators (Motorola api): UseMotoUI=true Vis=true SBSig=0x7f02014a=stat_sys_wifi_signal_3_fully SBAct=( none ) DescSig="Trs barras de sinal Wi-Fi." DescAct="wi-fi ocioso" NetName=""GUMGA""
I/MotoNetwCtrlr.MotorolaWifiSignalController( 1353): notifyListeners: calling SB [1] setWifiIndicators (Motorola api): UseMotoUI=true Vis=true SBSig=0x7f02014a=stat_sys_wifi_signal_3_fully SBAct=( none ) DescSig="Trs barras de sinal Wi-Fi." DescAct="wi-fi ocioso" NetName=""GUMGA""
I/MotoNetwCtrlr.MotorolaWifiSignalController( 1353): notifyListeners: calling SB [2] setWifiIndicators (Motorola api): UseMotoUI=true Vis=true SBSig=0x7f02014a=stat_sys_wifi_signal_3_fully SBAct=( none ) DescSig="Trs barras de sinal Wi-Fi." DescAct="wi-fi ocioso" NetName=""GUMGA""
I/MotoNetwCtrlr.MotoWifiSignalCtrlr( 1353): handleBroadcast: Completed
I/MotoNetwCtrlr( 1353): onReceive: Completed intent=Intent { act=android.net.wifi.RSSI_CHANGED flg=0x4000010 (has extras) } Action=android.net.wifi.RSSI_CHANGED
I/MotoNetwCtrlr( 1353): onReceive: Received intent=Intent { act=android.net.wifi.RSSI_CHANGED flg=0x4000010 (has extras) } Action=android.net.wifi.RSSI_CHANGED
I/MotoNetwCtrlr.MotoWifiSignalCtrlr( 1353): handleBroadcast: Entered: Intent=Intent { act=android.net.wifi.RSSI_CHANGED flg=0x4000010 (has extras) } Action=android.net.wifi.RSSI_CHANGED
I/MotoNetwCtrlr.MotorolaWifiSignalController( 1353): isDirty: returns false
I/MotoNetwCtrlr.MotoWifiSignalCtrlr( 1353): handleBroadcast: Completed
I/MotoNetwCtrlr( 1353): onReceive: Completed intent=Intent { act=android.net.wifi.RSSI_CHANGED flg=0x4000010 (has extras) } Action=android.net.wifi.RSSI_CHANGED
I/art     (12883): Explicit concurrent mark sweep GC freed 16267(943KB) AllocSpace objects, 7(112KB) LOS objects, 40% free, 16MB/27MB, paused 1.486ms total 106.508ms
V/WindowManager(  853): IKSWL-6868 finishPostLayoutPolicyLw: mHideKeyguard=false mDismissKeyguard=0
V/WindowManager(  853): IKSWL-6868 setKeyguardOccludedLw isOccluded=false wasOccluded=false showing=false
V/WindowManager(  853): IKSWL-6868 finishPostLayoutPolicyLw: mHideKeyguard=false mDismissKeyguard=0
V/WindowManager(  853): IKSWL-6868 setKeyguardOccludedLw isOccluded=false wasOccluded=false showing=false
V/WindowManager(  853): IKSWL-6868 finishPostLayoutPolicyLw: mHideKeyguard=false mDismissKeyguard=0
V/WindowManager(  853): IKSWL-6868 setKeyguardOccludedLw isOccluded=false wasOccluded=false showing=false
I/SFPerfTracer(  260):      triggers: (rate: 6044:257030) (compose: 0:46) (post: 0:5) (render: 17:2219) (0:479639 frames) (1:526180)
D/SFPerfTracer(  260):        layers: (3:13) (FocusedStackFrame (0xb745a918): 0:924)* (DimLayer (0xb745cd20): 0:23)* (DimLayer (0xb73d7dc0): 0:616)* (DimLayer (0xb73da1c8): 0:184)* (StatusBar (0xb74459e8): 0:34764) (com.android.systemui.ImageWallpaper (0xb7448610): 1:1040)* (NavigationBar (0xb74517c0): 0:264) (com.google.android.gm/com.google.android.gm.ConversationListActivityGmail (0xb7452ee0): 0:43)- (com.android.systemui/com.android.systemui.recents.RecentsActivity (0xb7469798): 0:52)- (thumbnail anim (0xb73dd9d0): 0:23)- (com.google.android.gm/com.google.android.gm.ConversationListActivityGmail (0xb7452e48): 0:26) (thumbnail anim (0xb73dd9d0): 0:21)- 
W/ResourceType( 1353): No package identifier when getting value for resource number 0x00000000
W/PackageManager( 1353): Failure retrieving resources for com.google.android.gm: Resource ID #0x0
I/ActivityManager(  853): START u0 {act=com.android.systemui.recents.SHOW_RECENTS flg=0x10804000 cmp=com.android.systemui/.recents.RecentsActivity} from uid 10024 on display 0
V/WindowManager(  853): IKSWL-6868 finishPostLayoutPolicyLw: mHideKeyguard=false mDismissKeyguard=0
V/WindowManager(  853): IKSWL-6868 setKeyguardOccludedLw isOccluded=false wasOccluded=false showing=false
V/WindowManager(  853): IKSWL-6868 finishPostLayoutPolicyLw: mHideKeyguard=false mDismissKeyguard=0
V/WindowManager(  853): IKSWL-6868 setKeyguardOccludedLw isOccluded=false wasOccluded=false showing=false
V/WindowManager(  853): IKSWL-6868 finishPostLayoutPolicyLw: mHideKeyguard=false mDismissKeyguard=0
V/WindowManager(  853): IKSWL-6868 setKeyguardOccludedLw isOccluded=false wasOccluded=false showing=false
V/WindowManager(  853): IKSWL-6868 finishPostLayoutPolicyLw: mHideKeyguard=false mDismissKeyguard=0
V/WindowManager(  853): IKSWL-6868 setKeyguardOccludedLw isOccluded=false wasOccluded=false showing=false
V/WindowManager(  853): IKSWL-6868 finishPostLayoutPolicyLw: mHideKeyguard=false mDismissKeyguard=0
V/WindowManager(  853): IKSWL-6868 setKeyguardOccludedLw isOccluded=false wasOccluded=false showing=false
V/WindowManager(  853): IKSWL-6868 finishPostLayoutPolicyLw: mHideKeyguard=false mDismissKeyguard=0
V/WindowManager(  853): IKSWL-6868 setKeyguardOccludedLw isOccluded=false wasOccluded=false showing=false
V/WindowManager(  853): IKSWL-6868 finishPostLayoutPolicyLw: mHideKeyguard=false mDismissKeyguard=0
V/WindowManager(  853): IKSWL-6868 setKeyguardOccludedLw isOccluded=false wasOccluded=false showing=false
V/WindowManager(  853): IKSWL-6868 finishPostLayoutPolicyLw: mHideKeyguard=false mDismissKeyguard=0
V/WindowManager(  853): IKSWL-6868 setKeyguardOccludedLw isOccluded=false wasOccluded=false showing=false
I/LaunchCheckinHandler(  853): Displayed com.android.systemui/.recents.RecentsActivity,wp,wa,133
V/WindowManager(  853): IKSWL-6868 finishPostLayoutPolicyLw: mHideKeyguard=false mDismissKeyguard=0
V/WindowManager(  853): IKSWL-6868 setKeyguardOccludedLw isOccluded=false wasOccluded=false showing=false
V/WindowManager(  853): IKSWL-6868 finishPostLayoutPolicyLw: mHideKeyguard=false mDismissKeyguard=0
V/WindowManager(  853): IKSWL-6868 setKeyguardOccludedLw isOccluded=false wasOccluded=false showing=false
V/WindowManager(  853): IKSWL-6868 finishPostLayoutPolicyLw: mHideKeyguard=false mDismissKeyguard=0
V/WindowManager(  853): IKSWL-6868 setKeyguardOccludedLw isOccluded=false wasOccluded=false showing=false
V/WindowManager(  853): IKSWL-6868 finishPostLayoutPolicyLw: mHideKeyguard=false mDismissKeyguard=0
V/WindowManager(  853): IKSWL-6868 setKeyguardOccludedLw isOccluded=false wasOccluded=false showing=false
V/WindowManager(  853): IKSWL-6868 finishPostLayoutPolicyLw: mHideKeyguard=false mDismissKeyguard=0
V/WindowManager(  853): IKSWL-6868 setKeyguardOccludedLw isOccluded=false wasOccluded=false showing=false
V/WindowManager(  853): IKSWL-6868 finishPostLayoutPolicyLw: mHideKeyguard=false mDismissKeyguard=0
V/WindowManager(  853): IKSWL-6868 setKeyguardOccludedLw isOccluded=false wasOccluded=false showing=false
D/TaskStackView( 1353): onTaskViewDismissed: task = Task (682): com.google.android.gm [com.android.systemui.recents.model.Task@212b3cb5] index = 1 focused = false
I/ActivityManager(  853): Killing 6605:com.google.android.apps.paidtasks/u0a47 (adj 15): empty #7
I/ActivityManager(  853): Killing 6237:com.google.android.gm/u0a65 (adj 13): remove task
I/WindowState(  853): WIN DEATH: Window{228bf576 u0 com.google.android.gm/com.google.android.gm.ConversationListActivityGmail}
V/WindowManager(  853): IKSWL-6868 finishPostLayoutPolicyLw: mHideKeyguard=false mDismissKeyguard=0
V/WindowManager(  853): IKSWL-6868 setKeyguardOccludedLw isOccluded=false wasOccluded=false showing=false
I/SFPerfTracer(  260):      triggers: (rate: 0:22) (117472 sw vsyncs) (0 skipped) (77:1276871 vsyncs) (79:1410288)
D/TaskPersister(  853): removeObsoleteFile: deleting file=682_task.xml
D/TaskPersister(  853): removeObsoleteFile: deleting file=682_task_thumbnail.png
D/TaskStackView( 1353): onTaskViewClicked: task = Task (681): com.ionicframework.pdvmobile681514 [com.android.systemui.recents.model.Task@34e62f4a] index = 0
V/WindowManager(  853): IKSWL-6868 finishPostLayoutPolicyLw: mHideKeyguard=false mDismissKeyguard=0
