V/WindowManager(  853): Adding window Window{21acc80b u0 com.android.launcher/com.android.launcher2.Launcher} at 2 of 8 (after Window{c4f7333 u0 com.android.systemui/com.android.systemui.recents.RecentsActivity EXITING})
V/WindowManager(  853): IKSWL-6868 finishPostLayoutPolicyLw: mHideKeyguard=false mDismissKeyguard=0
V/WindowManager(  853): IKSWL-6868 setKeyguardOccludedLw isOccluded=false wasOccluded=false showing=false
V/WindowManager(  853): IKSWL-6868 finishPostLayoutPolicyLw: mHideKeyguard=false mDismissKeyguard=0
V/WindowManager(  853): IKSWL-6868 setKeyguardOccludedLw isOccluded=false wasOccluded=false showing=false
V/WindowManager(  853): IKSWL-6868 finishPostLayoutPolicyLw: mHideKeyguard=false mDismissKeyguard=0
V/WindowManager(  853): IKSWL-6868 setKeyguardOccludedLw isOccluded=false wasOccluded=false showing=false
W/ResourcesManager( 3846): Asset path '/system/framework/com.google.android.maps.jar' does not exist or contains no resources.
V/WindowManager(  853): IKSWL-6868 finishPostLayoutPolicyLw: mHideKeyguard=false mDismissKeyguard=0
V/WindowManager(  853): IKSWL-6868 setKeyguardOccludedLw isOccluded=false wasOccluded=false showing=false
V/WindowManager(  853): IKSWL-6868 finishPostLayoutPolicyLw: mHideKeyguard=false mDismissKeyguard=0
V/WindowManager(  853): IKSWL-6868 setKeyguardOccludedLw isOccluded=false wasOccluded=false showing=false
V/WindowManager(  853): IKSWL-6868 finishPostLayoutPolicyLw: mHideKeyguard=false mDismissKeyguard=0
V/WindowManager(  853): IKSWL-6868 setKeyguardOccludedLw isOccluded=false wasOccluded=false showing=false
I/LaunchCheckinHandler(  853): Displayed com.android.launcher/com.android.launcher2.Launcher,cp,ca,3012
V/WindowManager(  853): IKSWL-6868 finishPostLayoutPolicyLw: mHideKeyguard=false mDismissKeyguard=0
V/WindowManager(  853): IKSWL-6868 setKeyguardOccludedLw isOccluded=false wasOccluded=false showing=false
I/SFPerfTracer(  260):      triggers: (rate: 6038:256802) (compose: 0:46) (post: 0:5) (render: 17:2182) (13:478254 frames) (14:524452)
D/SFPerfTracer(  260):        layers: (4:13) (FocusedStackFrame (0xb745a918): 0:879)* (DimLayer (0xb745cd20): 0:23)* (DimLayer (0xb73d7dc0): 0:529)* (DimLayer (0xb73da1c8): 0:170)* (StatusBar (0xb74459e8): 0:34250) (com.android.systemui.ImageWallpaper (0xb7448610): 0:1035) (com.nianticlabs.pokemongo/com.unity3d.player.UnityPlayerNativeActivity (0xb7469798): 0:54)- (SurfaceView (0xb73dd9d0): 0:23898)- (NavigationBar (0xb74517c0): 0:92) (com.android.systemui/com.android.systemui.recents.RecentsActivity (0xb7452a68): 0:45) (thumbnail anim (0xb744d860): 0:24)- (com.android.launcher/com.android.launcher2.Launcher (0xb7469798): 14:14)* 
V/WindowManager(  853): IKSWL-6868 finishPostLayoutPolicyLw: mHideKeyguard=false mDismissKeyguard=0
V/WindowManager(  853): IKSWL-6868 setKeyguardOccludedLw isOccluded=false wasOccluded=false showing=false
V/WindowManager(  853): IKSWL-6868 finishPostLayoutPolicyLw: mHideKeyguard=false mDismissKeyguard=0
V/WindowManager(  853): IKSWL-6868 setKeyguardOccludedLw isOccluded=false wasOccluded=false showing=false
V/WindowManager(  853): IKSWL-6868 finishPostLayoutPolicyLw: mHideKeyguard=false mDismissKeyguard=0
V/WindowManager(  853): IKSWL-6868 setKeyguardOccludedLw isOccluded=false wasOccluded=false showing=false
I/ActivityManager(  853): Start proc 3931:com.google.process.gapps/u0a19 for content provider com.google.android.gsf/.gservices.GservicesProvider
I/SFPerfTracer(  260):      triggers: (rate: 0:22) (117472 sw vsyncs) (0 skipped) (159:1275635 vsyncs) (161:1408633)
I/ActivityManager(  853): Start proc 3971:com.google.android.calendar/u0a66 for service com.google.android.calendar/com.android.calendar.widget.CalendarAppWidgetService
I/ActivityManager(  853): Start proc 4009:com.android.providers.calendar/u0a5 for content provider com.android.providers.calendar/.CalendarProvider2
W/ResourcesManager( 4009): Asset path '/system/framework/android.test.runner.jar' does not exist or contains no resources.
V/AlarmManager(  853): sending alarm {30370faf type 3 *alarm*:com.google.android.location.fused.LOCATION_STATUS_ALARM_ACTION_0}
V/AlarmManager(  853): done {30370faf, *alarm*:com.google.android.location.fused.LOCATION_STATUS_ALARM_ACTION_0} [3ms]
I/ActivityManager(  853): Start proc 4049:com.facebook.orca/u0a127 for broadcast com.facebook.orca/com.facebook.messaging.business.calendar.CalendarSyncReceiver
W/ResourcesManager( 4049): Asset path '/system/framework/com.google.android.maps.jar' does not exist or contains no resources.
I/ActivityManager(  853): Start proc 4107:com.motorola.context/u0a8 for broadcast com.motorola.context/.publisher.calendar.CalendarReceiver
W/ResourcesManager( 4107): Asset path '/system/framework/com.motorola.motosignature.jar' does not exist or contains no resources.
W/ActivityManager(  853): getRunningAppProcesses: caller 10127 does not hold REAL_GET_TASKS; limiting output
W/BroadcastQueue(  853): Permission Denial: broadcasting Intent { act=android.net.conn.CONNECTIVITY_CHANGE flg=0x4000010 (has extras) } from null (pid=-1, uid=-1) requires com.facebook.permission.prod.FB_APP_COMMUNICATION due to registered receiver BroadcastFilter{3dac8257 u0 ReceiverList{befd6 4049 com.facebook.orca/10127/u0 remote:3bfcb7f1}}
W/BroadcastQueue(  853): Permission Denial: broadcasting Intent { act=android.net.conn.INET_CONDITION_ACTION flg=0x4000010 (has extras) } from null (pid=-1, uid=-1) requires com.facebook.permission.prod.FB_APP_COMMUNICATION due to registered receiver BroadcastFilter{3dac8257 u0 ReceiverList{befd6 4049 com.facebook.orca/10127/u0 remote:3bfcb7f1}}
W/BroadcastQueue(  853): Permission Denial: broadcasting Intent { act=android.net.conn.CONNECTIVITY_CHANGE flg=0x4000010 (has extras) } from null (pid=-1, uid=-1) requires com.facebook.permission.prod.FB_APP_COMMUNICATION due to registered receiver BroadcastFilter{eb664dc u0 ReceiverList{23ff654f 4049 com.facebook.orca/10127/u0 remote:a5123ae}}
W/ProcessStats(  853): Time val negative: -83992
W/ProcessStats(  853): Time val negative: -115948
W/ProcessStats(  853): Time val negative: -94306
W/ProcessStats(  853): Time val negative: -76252
W/ProcessStats(  853): Time val negative: -68644
W/ProcessStats(  853): Time val negative: -68644
W/ProcessStats(  853): Time val negative: -68644
I/ProcessStatsService(  853): Prepared write state in 10ms
I/ActivityManager(  853): Start proc 4268:com.android.cellbroadcastreceiver/u0a54 for service com.android.cellbroadcastreceiver/.CBLocUpdateService
V/AlarmManager(  853): sending alarm {1e478017 type 2 *walarm*:com.google.android.location.ALARM_WAKEUP_LOCATOR}
V/AlarmManager(  853): sending alarm {374ba116 type 2 *walarm*:com.google.android.location.ALARM_WAKEUP_ACTIVITY_DETECTION}
V/AlarmManager(  853): sending alarm {f5865bf type 3 *alarm*:com.google.android.gms/.lockbox.LockboxAlarmReceiver}
D/WifiService(  853): acquireWifiLockLocked: WifiLock{NlpWifiLock type=2 binder=android.os.BinderProxy@154b9264}
V/AlarmManager(  853): done {1e478017, *walarm*:com.google.android.location.ALARM_WAKEUP_LOCATOR} [52ms]
V/AlarmManager(  853): done {374ba116, *walarm*:com.google.android.location.ALARM_WAKEUP_ACTIVITY_DETECTION} [85ms]
V/AlarmManager(  853): done {f5865bf, *alarm*:com.google.android.gms/.lockbox.LockboxAlarmReceiver} [88ms]
D/WifiService(  853): releaseWifiLockLocked: WifiLock{NlpWifiLock type=2 binder=android.os.BinderProxy@154b9264}
I/ActivityManager(  853): Start proc 4336:com.android.defcontainer/u0a10 for service com.android.defcontainer/.DefaultContainerService
D/DefContainer( 4336): Copying /data/local/tmp/android-debug.apk to base.apk
D/PackageManager(  853): Renaming /data/app/vmdl925822362.tmp to /data/app/com.ionicframework.pdvmobile681514-1
I/ActivityManager(  853): Force stopping com.ionicframework.pdvmobile681514 appid=10076 user=-1: uninstall pkg
I/PackageManager(  853): Package com.ionicframework.pdvmobile681514 codePath changed from /data/app/com.ionicframework.pdvmobile681514-2 to /data/app/com.ionicframework.pdvmobile681514-1; Retaining data and using new
V/AlarmManager(  853): sending alarm {374ba116 type 2 *walarm*:com.google.android.location.ALARM_WAKEUP_ACTIVITY_DETECTION}
V/AlarmManager(  853): done {374ba116, *walarm*:com.google.android.location.ALARM_WAKEUP_ACTIVITY_DETECTION} [12ms]
I/ActivityManager(  853): Force stopping com.ionicframework.pdvmobile681514 appid=10076 user=-1: update pkg
W/PackageManager(  853): Code path for pkg : com.ionicframework.pdvmobile681514 changing from /data/app/com.ionicframework.pdvmobile681514-2 to /data/app/com.ionicframework.pdvmobile681514-1
W/PackageManager(  853): Resource path for pkg : com.ionicframework.pdvmobile681514 changing from /data/app/com.ionicframework.pdvmobile681514-2 to /data/app/com.ionicframework.pdvmobile681514-1
I/ActivityManager(  853): Force stopping com.ionicframework.pdvmobile681514 appid=10076 user=0: pkg removed
I/ActivityManager(  853): Start proc 4375:android.process.acore/u0a7 for broadcast com.android.providers.contacts/.PackageIntentReceiver
D/JobSchedulerService(  853): Receieved: android.intent.action.PACKAGE_REMOVED
D/BackupManagerService(  853): Received broadcast Intent { act=android.intent.action.PACKAGE_REMOVED dat=package:com.ionicframework.pdvmobile681514 flg=0x4000010 (has extras) }
I/ActivityManager(  853): Killing 26790:com.android.vending/u0a36 (adj 13): empty #7
D/BackupManagerService(  853): Received broadcast Intent { act=android.intent.action.PACKAGE_ADDED dat=package:com.ionicframework.pdvmobile681514 flg=0x4000010 (has extras) }
W/BackupManagerService(  853): Removing schedule queue dupe of com.ionicframework.pdvmobile681514
I/ActivityManager(  853): Start proc 4402:com.android.keychain/1000 for broadcast com.android.keychain/.KeyChainBroadcastReceiver
W/ContextImpl( 4402): Calling a method in the system process without a qualified user: android.app.ContextImpl.startService:1831 android.content.ContextWrapper.startService:516 android.content.ContextWrapper.startService:516 com.android.keychain.KeyChainBroadcastReceiver.onReceive:12 android.app.ActivityThread.handleReceiver:2639 
I/ActivityManager(  853): Start proc 4427:com.android.vending/u0a36 for broadcast com.android.vending/com.google.android.finsky.receivers.PackageMonitorReceiver$RegisteredReceiver
I/ActivityManager(  853): Killing 4107:com.motorola.context/u0a8 (adj 13): empty #7
W/ResourcesManager( 3846): Asset path '/system/framework/com.motorola.gallery' does not exist or contains no resources.
W/ResourcesManager( 3846): Asset path '/system/framework/com.google.android.media.effects.jar' does not exist or contains no resources.
W/ResourcesManager( 3846): Asset path '/system/framework/com.motorola.frameworks.core.addon.jar' does not exist or contains no resources.
I/ActivityManager(  853): Waited long enough for: ServiceRecord{14f9b72f u0 com.facebook.orca/com.facebook.messaging.newphoto.NewPhotoIntentService}
V/WindowManager(  853): Adding window Window{855e08f u0 AtchDlg:com.android.launcher/com.android.launcher2.Launcher} at 3 of 9 (after Window{21acc80b u0 com.android.launcher/com.android.launcher2.Launcher})
V/WindowManager(  853): IKSWL-6868 finishPostLayoutPolicyLw: mHideKeyguard=false mDismissKeyguard=0
V/WindowManager(  853): IKSWL-6868 setKeyguardOccludedLw isOccluded=false wasOccluded=false showing=false
V/WindowManager(  853): IKSWL-6868 finishPostLayoutPolicyLw: mHideKeyguard=false mDismissKeyguard=0
V/WindowManager(  853): IKSWL-6868 setKeyguardOccludedLw isOccluded=false wasOccluded=false showing=false
V/WindowManager(  853): IKSWL-6868 finishPostLayoutPolicyLw: mHideKeyguard=false mDismissKeyguard=0
V/WindowManager(  853): IKSWL-6868 setKeyguardOccludedLw isOccluded=false wasOccluded=false showing=false
V/WindowManager(  853): IKSWL-6868 finishPostLayoutPolicyLw: mHideKeyguard=false mDismissKeyguard=0
V/WindowManager(  853): IKSWL-6868 setKeyguardOccludedLw isOccluded=false wasOccluded=false showing=false
V/WindowManager(  853): IKSWL-6868 finishPostLayoutPolicyLw: mHideKeyguard=false mDismissKeyguard=0
V/WindowManager(  853): IKSWL-6868 setKeyguardOccludedLw isOccluded=false wasOccluded=false showing=false
V/WindowManager(  853): IKSWL-6868 finishPostLayoutPolicyLw: mHideKeyguard=false mDismissKeyguard=0
V/WindowManager(  853): IKSWL-6868 setKeyguardOccludedLw isOccluded=false wasOccluded=false showing=false
V/WindowManager(  853): IKSWL-6868 finishPostLayoutPolicyLw: mHideKeyguard=false mDismissKeyguard=0
V/WindowManager(  853): IKSWL-6868 setKeyguardOccludedLw isOccluded=false wasOccluded=false showing=false
I/ActivityManager(  853): Start proc 4497:com.quickoffice.android/u0a91 for broadcast com.quickoffice.android/com.qo.android.quickoffice.QOBroadcastReceiver
I/ActivityManager(  853): START u0 {act=android.intent.action.MAIN flg=0x10000000 cmp=com.ionicframework.pdvmobile681514/.MainActivity} from uid 2000 on display 0
V/WindowManager(  853): addAppToken: AppWindowToken{15cf3395 token=Token{183dc74c ActivityRecord{30b60b7f u0 com.ionicframework.pdvmobile681514/.MainActivity t680}}} to stack=1 task=680 at 0
V/WindowManager(  853): Adding window Window{3e4bb3e4 u0 Starting com.ionicframework.pdvmobile681514} at 4 of 10 (after Window{855e08f u0 AtchDlg:com.android.launcher/com.android.launcher2.Launcher})
V/WindowManager(  853): IKSWL-6868 finishPostLayoutPolicyLw: mHideKeyguard=false mDismissKeyguard=0
V/WindowManager(  853): IKSWL-6868 setKeyguardOccludedLw isOccluded=false wasOccluded=false showing=false
I/ActivityManager(  853): Start proc 4532:com.ionicframework.pdvmobile681514/u0a76 for activity com.ionicframework.pdvmobile681514/.MainActivity
V/WindowManager(  853): IKSWL-6868 finishPostLayoutPolicyLw: mHideKeyguard=false mDismissKeyguard=0
V/WindowManager(  853): IKSWL-6868 setKeyguardOccludedLw isOccluded=false wasOccluded=false showing=false
V/WindowManager(  853): IKSWL-6868 finishPostLayoutPolicyLw: mHideKeyguard=false mDismissKeyguard=0
V/WindowManager(  853): IKSWL-6868 setKeyguardOccludedLw isOccluded=false wasOccluded=false showing=false
V/WindowManager(  853): IKSWL-6868 finishPostLayoutPolicyLw: mHideKeyguard=false mDismissKeyguard=0
V/WindowManager(  853): IKSWL-6868 setKeyguardOccludedLw isOccluded=false wasOccluded=false showing=false
V/WindowManager(  853): IKSWL-6868 finishPostLayoutPolicyLw: mHideKeyguard=false mDismissKeyguard=0
V/WindowManager(  853): IKSWL-6868 setKeyguardOccludedLw isOccluded=false wasOccluded=false showing=false
V/WindowManager(  853): IKSWL-6868 finishPostLayoutPolicyLw: mHideKeyguard=false mDismissKeyguard=0
V/WindowManager(  853): IKSWL-6868 setKeyguardOccludedLw isOccluded=false wasOccluded=false showing=false
V/WindowManager(  853): IKSWL-6868 finishPostLayoutPolicyLw: mHideKeyguard=false mDismissKeyguard=0
V/WindowManager(  853): IKSWL-6868 setKeyguardOccludedLw isOccluded=false wasOccluded=false showing=false
V/WindowManager(  853): IKSWL-6868 finishPostLayoutPolicyLw: mHideKeyguard=false mDismissKeyguard=0
V/WindowManager(  853): IKSWL-6868 setKeyguardOccludedLw isOccluded=false wasOccluded=false showing=false
V/WindowManager(  853): IKSWL-6868 finishPostLayoutPolicyLw: mHideKeyguard=false mDismissKeyguard=0
V/WindowManager(  853): IKSWL-6868 setKeyguardOccludedLw isOccluded=false wasOccluded=false showing=false
V/WindowManager(  853): IKSWL-6868 finishPostLayoutPolicyLw: mHideKeyguard=false mDismissKeyguard=0
V/WindowManager(  853): IKSWL-6868 setKeyguardOccludedLw isOccluded=false wasOccluded=false showing=false
I/ActivityManager(  853): Killing 4009:com.android.providers.calendar/u0a5 (adj 15): empty #7
I/ActivityManager(  853): Killing 3971:com.google.android.calendar/u0a66 (adj 15): empty #7
V/WindowManager(  853): IKSWL-6868 finishPostLayoutPolicyLw: mHideKeyguard=false mDismissKeyguard=0
V/WindowManager(  853): IKSWL-6868 setKeyguardOccludedLw isOccluded=false wasOccluded=false showing=false
V/WindowManager(  853): IKSWL-6868 finishPostLayoutPolicyLw: mHideKeyguard=false mDismissKeyguard=0
V/WindowManager(  853): IKSWL-6868 setKeyguardOccludedLw isOccluded=false wasOccluded=false showing=false
I/SFPerfTracer(  260):      triggers: (rate: 6038:256803) (compose: 0:46) (post: 0:5) (render: 17:2182) (7:478317 frames) (8:524557)
D/SFPerfTracer(  260):        layers: (5:12) (FocusedStackFrame (0xb745a918): 0:880)* (DimLayer (0xb745cd20): 0:23)* (DimLayer (0xb73d7dc0): 0:529)* (DimLayer (0xb73da1c8): 0:171)* (StatusBar (0xb74459e8): 0:34293) (com.android.systemui.ImageWallpaper (0xb7448610): 0:1035) (NavigationBar (0xb74517c0): 0:118) (com.android.systemui/com.android.systemui.recents.RecentsActivity (0xb7452a68): 0:56)- (com.android.launcher/com.android.launcher2.Launcher (0xb7469798): 0:51) (AtchDlg:com.android.launcher/com.android.launcher2.Launcher (0xb7452a68): 0:30)- (Starting com.ionicframework.pdvmobile681514 (0xb73dd9d0): 8:11) 
I/ActivityManager(  853): Start proc 4564:com.google.android.apps.docs/u0a60 for broadcast com.google.android.apps.docs/.receivers.AppPackageAddRemoveReceiver
V/WindowManager(  853): IKSWL-6868 finishPostLayoutPolicyLw: mHideKeyguard=false mDismissKeyguard=0
V/WindowManager(  853): IKSWL-6868 setKeyguardOccludedLw isOccluded=false wasOccluded=false showing=false
V/WindowManager(  853): IKSWL-6868 finishPostLayoutPolicyLw: mHideKeyguard=false mDismissKeyguard=0
V/WindowManager(  853): IKSWL-6868 setKeyguardOccludedLw isOccluded=false wasOccluded=false showing=false
W/ActivityManager(  853): getRunningAppProcesses: caller 10060 does not hold REAL_GET_TASKS; limiting output
W/ActivityManager(  853): getRunningAppProcesses: caller 10060 does not hold REAL_GET_TASKS; limiting output
W/ActivityManager(  853): getRunningAppProcesses: caller 10060 does not hold REAL_GET_TASKS; limiting output
V/WindowManager(  853): Adding window Window{1a7f2e62 u0 com.ionicframework.pdvmobile681514/com.ionicframework.pdvmobile681514.MainActivity} at 4 of 11 (before Window{3e4bb3e4 u0 Starting com.ionicframework.pdvmobile681514})
I/SFPerfTracer(  260):      triggers: (rate: 0:22) (117472 sw vsyncs) (0 skipped) (44:1275710 vsyncs) (46:1408748)
V/WindowManager(  853): Adding window Window{11f110b0 u0 com.ionicframework.pdvmobile681514/com.ionicframework.pdvmobile681514.MainActivity} at 5 of 12 (before Window{3e4bb3e4 u0 Starting com.ionicframework.pdvmobile681514})
V/WindowManager(  853): Adding window Window{2325ceae u0 com.ionicframework.pdvmobile681514/com.ionicframework.pdvmobile681514.MainActivity} at 4 of 13 (before Window{1a7f2e62 u0 com.ionicframework.pdvmobile681514/com.ionicframework.pdvmobile681514.MainActivity})
V/WindowManager(  853): IKSWL-6868 finishPostLayoutPolicyLw: mHideKeyguard=false mDismissKeyguard=0
V/WindowManager(  853): IKSWL-6868 setKeyguardOccludedLw isOccluded=false wasOccluded=false showing=false
V/WindowManager(  853): IKSWL-6868 finishPostLayoutPolicyLw: mHideKeyguard=false mDismissKeyguard=0
V/WindowManager(  853): IKSWL-6868 setKeyguardOccludedLw isOccluded=false wasOccluded=false showing=false
V/WindowManager(  853): IKSWL-6868 finishPostLayoutPolicyLw: mHideKeyguard=false mDismissKeyguard=0
V/WindowManager(  853): IKSWL-6868 setKeyguardOccludedLw isOccluded=false wasOccluded=false showing=false
V/WindowManager(  853): IKSWL-6868 finishPostLayoutPolicyLw: mHideKeyguard=false mDismissKeyguard=0
V/WindowManager(  853): IKSWL-6868 setKeyguardOccludedLw isOccluded=false wasOccluded=false showing=false
V/WindowManager(  853): IKSWL-6868 finishPostLayoutPolicyLw: mHideKeyguard=false mDismissKeyguard=0
V/WindowManager(  853): IKSWL-6868 setKeyguardOccludedLw isOccluded=false wasOccluded=false showing=false
V/WindowManager(  853): IKSWL-6868 finishPostLayoutPolicyLw: mHideKeyguard=false mDismissKeyguard=0
V/WindowManager(  853): IKSWL-6868 setKeyguardOccludedLw isOccluded=false wasOccluded=false showing=false
V/WindowManager(  853): IKSWL-6868 finishPostLayoutPolicyLw: mHideKeyguard=false mDismissKeyguard=0
V/WindowManager(  853): IKSWL-6868 setKeyguardOccludedLw isOccluded=false wasOccluded=false showing=false
V/WindowManager(  853): IKSWL-6868 finishPostLayoutPolicyLw: mHideKeyguard=false mDismissKeyguard=0
V/WindowManager(  853): IKSWL-6868 setKeyguardOccludedLw isOccluded=false wasOccluded=false showing=false
V/WindowManager(  853): IKSWL-6868 finishPostLayoutPolicyLw: mHideKeyguard=false mDismissKeyguard=0
V/WindowManager(  853): IKSWL-6868 setKeyguardOccludedLw isOccluded=false wasOccluded=false showing=false
V/WindowManager(  853): IKSWL-6868 finishPostLayoutPolicyLw: mHideKeyguard=false mDismissKeyguard=0
V/WindowManager(  853): IKSWL-6868 setKeyguardOccludedLw isOccluded=false wasOccluded=false showing=false
V/WindowManager(  853): IKSWL-6868 finishPostLayoutPolicyLw: mHideKeyguard=false mDismissKeyguard=0
V/WindowManager(  853): IKSWL-6868 setKeyguardOccludedLw isOccluded=false wasOccluded=false showing=false
I/LaunchCheckinHandler(  853): Displayed com.ionicframework.pdvmobile681514/.MainActivity,cp,ca,1597
V/WindowManager(  853): IKSWL-6868 finishPostLayoutPolicyLw: mHideKeyguard=false mDismissKeyguard=0
V/WindowManager(  853): IKSWL-6868 setKeyguardOccludedLw isOccluded=false wasOccluded=false showing=false
V/WindowManager(  853): IKSWL-6868 finishPostLayoutPolicyLw: mHideKeyguard=false mDismissKeyguard=0
V/WindowManager(  853): IKSWL-6868 setKeyguardOccludedLw isOccluded=false wasOccluded=false showing=false
W/InputMethodManagerService(  853): Window already focused, ignoring focus gain of: com.android.internal.view.IInputMethodClient$Stub$Proxy@1f01f674 attribute=null, token = android.os.BinderProxy@110ae92d
W/ActivityManager(  853): getRunningAppProcesses: caller 10060 does not hold REAL_GET_TASKS; limiting output
V/WindowManager(  853): IKSWL-6868 finishPostLayoutPolicyLw: mHideKeyguard=false mDismissKeyguard=0
V/WindowManager(  853): IKSWL-6868 setKeyguardOccludedLw isOccluded=false wasOccluded=false showing=false
V/WindowManager(  853): IKSWL-6868 finishPostLayoutPolicyLw: mHideKeyguard=false mDismissKeyguard=0
V/WindowManager(  853): IKSWL-6868 setKeyguardOccludedLw isOccluded=false wasOccluded=false showing=false
I/ActivityManager(  853): Start proc 4651:com.google.android.googlequicksearchbox:search/u0a42 for broadcast com.google.android.googlequicksearchbox/com.google.android.apps.gsa.search.core.icingsync.IcingCorporaChangedReceiver
I/ActivityManager(  853): Start proc 4674:com.facebook.katana/u0a109 for broadcast com.facebook.katana/com.facebook.feed.platformads.AppInstallReceiver
I/ActivityManager(  853): Killing 4375:android.process.acore/u0a7 (adj 15): empty #7
W/ResourcesManager( 4674): Asset path '/system/framework/com.google.android.maps.jar' does not exist or contains no resources.
V/WindowManager(  853): IKSWL-6868 finishPostLayoutPolicyLw: mHideKeyguard=false mDismissKeyguard=0
V/WindowManager(  853): IKSWL-6868 setKeyguardOccludedLw isOccluded=false wasOccluded=false showing=false
V/WindowManager(  853): IKSWL-6868 finishPostLayoutPolicyLw: mHideKeyguard=false mDismissKeyguard=0
V/WindowManager(  853): IKSWL-6868 setKeyguardOccludedLw isOccluded=false wasOccluded=false showing=false
I/SFPerfTracer(  260):      triggers: (rate: 6038:256807) (compose: 0:46) (post: 0:5) (render: 17:2191) (92:478432 frames) (93:524687)
D/SFPerfTracer(  260):        layers: (4:13) (FocusedStackFrame (0xb745a918): 0:883)* (DimLayer (0xb745cd20): 0:23)* (DimLayer (0xb73d7dc0): 0:529)* (DimLayer (0xb73da1c8): 0:173)* (StatusBar (0xb74459e8): 4:34307) (com.android.systemui.ImageWallpaper (0xb7448610): 0:1036)* (NavigationBar (0xb74517c0): 1:129) (com.android.launcher/com.android.launcher2.Launcher (0xb7469798): 0:52)- (Starting com.ionicframework.pdvmobile681514 (0xb73dd9d0): 0:40)- (com.ionicframework.pdvmobile681514/com.ionicframework.pdvmobile681514.MainActivity (0xb7452a68): 93:109) (com.ionicframework.pdvmobile681514/com.ionicframework.pdvmobile681514.MainActivity (0xb7469798): 0:15)- (com.ionicframework.pdvmobile681514/com.ionicframework.pdvmobile681514.MainActivity (0xb744ce70): 0:4) 
V/WindowManager(  853): IKSWL-6868 finishPostLayoutPolicyLw: mHideKeyguard=false mDismissKeyguard=0
V/WindowManager(  853): IKSWL-6868 setKeyguardOccludedLw isOccluded=false wasOccluded=false showing=false
I/SFPerfTracer(  260):      triggers: (rate: 0:22) (117472 sw vsyncs) (0 skipped) (94:1275834 vsyncs) (96:1408886)
D/WifiService(  853): New client listening to asynchronous messages
I/ActivityManager(  853): Start proc 4736:com.google.android.partnersetup/u0a22 for broadcast com.google.android.partnersetup/.RlzPingBroadcastReceiver
I/ActivityManager(  853): Start proc 4762:android.process.acore/u0a7 for broadcast com.android.providers.contacts/.PackageIntentReceiver
I/ActivityManager(  853): Killing 4402:com.android.keychain/1000 (adj 15): empty #7
W/ActivityManager(  853): getRunningAppProcesses: caller 10109 does not hold REAL_GET_TASKS; limiting output
I/ActivityManager(  853): Killing 4564:com.google.android.apps.docs/u0a60 (adj 15): empty #7
I/ActivityManager(  853): Start proc 4815:com.google.android.apps.docs/u0a60 for broadcast com.google.android.apps.docs/.receivers.AppPackageAddRemoveReceiver
I/ActivityManager(  853): Killing 4651:com.google.android.googlequicksearchbox:search/u0a42 (adj 15): empty #7
W/ActivityManager(  853): getRunningAppProcesses: caller 10060 does not hold REAL_GET_TASKS; limiting output
W/ActivityManager(  853): getRunningAppProcesses: caller 10060 does not hold REAL_GET_TASKS; limiting output
W/ActivityManager(  853): getRunningAppProcesses: caller 10060 does not hold REAL_GET_TASKS; limiting output
V/AlarmManager(  853): sending alarm {374ba116 type 2 *walarm*:com.google.android.location.ALARM_WAKEUP_ACTIVITY_DETECTION}
W/ActivityManager(  853): getRunningAppProcesses: caller 10060 does not hold REAL_GET_TASKS; limiting output
I/ActivityManager(  853): Start proc 4852:com.google.android.googlequicksearchbox:search/u0a42 for broadcast com.google.android.googlequicksearchbox/com.google.android.apps.gsa.search.core.icingsync.IcingCorporaChangedReceiver
I/ActivityManager(  853): Killing 4736:com.google.android.partnersetup/u0a22 (adj 15): empty #7
I/ActivityManager(  853): Start proc 4884:com.motorola.context/u0a8 for broadcast com.motorola.context/.receiver.PackageReplaceReceiver
W/ResourcesManager( 4884): Asset path '/system/framework/com.motorola.motosignature.jar' does not exist or contains no resources.
D/WifiService(  853): New client listening to asynchronous messages
I/ActivityManager(  853): Killing 4427:com.android.vending/u0a36 (adj 15): empty #7
I/ActivityManager(  853): Start proc 4924:com.motorola.MotGallery2/u0a31 for broadcast com.motorola.MotGallery2/com.motorola.blur.service.blur.StartupReceiver
W/ResourcesManager( 4924): Asset path '/system/framework/com.motorola.gallery' does not exist or contains no resources.
W/ResourcesManager( 4924): Asset path '/system/framework/com.google.android.media.effects.jar' does not exist or contains no resources.
W/ResourcesManager( 4924): Asset path '/system/framework/com.motorola.frameworks.core.addon.jar' does not exist or contains no resources.
I/ActivityManager(  853): Killing 4497:com.quickoffice.android/u0a91 (adj 15): empty #7
V/AlarmManager(  853): done {374ba116, *walarm*:com.google.android.location.ALARM_WAKEUP_ACTIVITY_DETECTION} [1843ms]
V/WindowManager(  853): IKSWL-6868 finishPostLayoutPolicyLw: mHideKeyguard=false mDismissKeyguard=0
V/WindowManager(  853): IKSWL-6868 setKeyguardOccludedLw isOccluded=false wasOccluded=false showing=false
V/WindowManager(  853): IKSWL-6868 finishPostLayoutPolicyLw: mHideKeyguard=false mDismissKeyguard=0
V/WindowManager(  853): IKSWL-6868 setKeyguardOccludedLw isOccluded=false wasOccluded=false showing=false
V/WindowManager(  853): IKSWL-6868 finishPostLayoutPolicyLw: mHideKeyguard=false mDismissKeyguard=0
V/WindowManager(  853): IKSWL-6868 setKeyguardOccludedLw isOccluded=false wasOccluded=false showing=false
V/WindowManager(  853): IKSWL-6868 finishPostLayoutPolicyLw: mHideKeyguard=false mDismissKeyguard=0
V/WindowManager(  853): IKSWL-6868 setKeyguardOccludedLw isOccluded=false wasOccluded=false showing=false
V/WindowManager(  853): IKSWL-6868 finishPostLayoutPolicyLw: mHideKeyguard=false mDismissKeyguard=0
V/WindowManager(  853): IKSWL-6868 setKeyguardOccludedLw isOccluded=false wasOccluded=false showing=false
V/WindowManager(  853): IKSWL-6868 finishPostLayoutPolicyLw: mHideKeyguard=false mDismissKeyguard=0
V/WindowManager(  853): IKSWL-6868 setKeyguardOccludedLw isOccluded=false wasOccluded=false showing=false
I/SFPerfTracer(  260):      triggers: (rate: 6038:256815) (compose: 0:46) (post: 0:5) (render: 17:2193) (12:478490 frames) (13:524756)
D/SFPerfTracer(  260):        layers: (4:10) (FocusedStackFrame (0xb745a918): 0:885)* (DimLayer (0xb745cd20): 0:23)* (DimLayer (0xb73d7dc0): 0:529)* (DimLayer (0xb73da1c8): 0:173)* (StatusBar (0xb74459e8): 0:34328) (com.android.systemui.ImageWallpaper (0xb7448610): 0:1036)* (NavigationBar (0xb74517c0): 0:143) (com.ionicframework.pdvmobile681514/com.ionicframework.pdvmobile681514.MainActivity (0xb744ce70): 2:38) (InputMethod (0xb7469798): 13:18) 
I/ActivityManager(  853): START u0 {act=com.google.zxing.client.android.SCAN cat=[android.intent.category.DEFAULT] pkg=com.ionicframework.pdvmobile681514 cmp=com.ionicframework.pdvmobile681514/com.google.zxing.client.android.CaptureActivity} from uid 10076 on display 0
V/WindowManager(  853): IKSWL-6868 finishPostLayoutPolicyLw: mHideKeyguard=false mDismissKeyguard=0
V/WindowManager(  853): IKSWL-6868 setKeyguardOccludedLw isOccluded=false wasOccluded=false showing=false
V/WindowManager(  853): addAppToken: AppWindowToken{3ba2ad89 token=Token{1ef3e090 ActivityRecord{39e36f53 u0 com.ionicframework.pdvmobile681514/com.google.zxing.client.android.CaptureActivity t680}}} to stack=1 task=680 at 1
V/WindowManager(  853): IKSWL-6868 finishPostLayoutPolicyLw: mHideKeyguard=false mDismissKeyguard=0
V/WindowManager(  853): IKSWL-6868 setKeyguardOccludedLw isOccluded=false wasOccluded=false showing=false
V/WindowManager(  853): Adding window Window{2a65789a u0 com.ionicframework.pdvmobile681514/com.google.zxing.client.android.CaptureActivity} at 4 of 10 (after Window{2325ceae u0 com.ionicframework.pdvmobile681514/com.ionicframework.pdvmobile681514.MainActivity})
V/WindowManager(  853): IKSWL-6868 finishPostLayoutPolicyLw: mHideKeyguard=false mDismissKeyguard=0
V/WindowManager(  853): IKSWL-6868 setKeyguardOccludedLw isOccluded=false wasOccluded=false showing=false
V/WindowManager(  853): IKSWL-6868 finishPostLayoutPolicyLw: mHideKeyguard=false mDismissKeyguard=0
V/WindowManager(  853): IKSWL-6868 setKeyguardOccludedLw isOccluded=false wasOccluded=false showing=false
V/WindowManager(  853): Adding window Window{77b31a8 u0 SurfaceView} at 5 of 11 (before Window{2a65789a u0 com.ionicframework.pdvmobile681514/com.google.zxing.client.android.CaptureActivity})
V/WindowManager(  853): IKSWL-6868 finishPostLayoutPolicyLw: mHideKeyguard=false mDismissKeyguard=0
V/WindowManager(  853): IKSWL-6868 setKeyguardOccludedLw isOccluded=false wasOccluded=false showing=false
E/SchedPolicy(  301): sched_setscheduler failed: tid 5062, errno=1
E/SchedPolicy(  301): sched_setscheduler failed: tid 5063, errno=1
E/SchedPolicy(  301): sched_setscheduler failed: tid 5064, errno=1
E/SchedPolicy(  301): sched_setscheduler failed: tid 5065, errno=1
V/WindowManager(  853): IKSWL-6868 finishPostLayoutPolicyLw: mHideKeyguard=false mDismissKeyguard=0
V/WindowManager(  853): IKSWL-6868 setKeyguardOccludedLw isOccluded=false wasOccluded=false showing=false
V/WindowManager(  853): IKSWL-6868 finishPostLayoutPolicyLw: mHideKeyguard=false mDismissKeyguard=0
V/WindowManager(  853): IKSWL-6868 setKeyguardOccludedLw isOccluded=false wasOccluded=false showing=false
V/WindowManager(  853): IKSWL-6868 finishPostLayoutPolicyLw: mHideKeyguard=false mDismissKeyguard=0
V/WindowManager(  853): IKSWL-6868 setKeyguardOccludedLw isOccluded=false wasOccluded=false showing=false
V/WindowManager(  853): IKSWL-6868 finishPostLayoutPolicyLw: mHideKeyguard=false mDismissKeyguard=0
V/WindowManager(  853): IKSWL-6868 setKeyguardOccludedLw isOccluded=false wasOccluded=false showing=false
V/WindowManager(  853): IKSWL-6868 finishPostLayoutPolicyLw: mHideKeyguard=false mDismissKeyguard=0
V/WindowManager(  853): IKSWL-6868 setKeyguardOccludedLw isOccluded=false wasOccluded=false showing=false
V/WindowManager(  853): IKSWL-6868 finishPostLayoutPolicyLw: mHideKeyguard=false mDismissKeyguard=0
V/WindowManager(  853): IKSWL-6868 setKeyguardOccludedLw isOccluded=false wasOccluded=false showing=false
I/LaunchCheckinHandler(  853): Displayed com.ionicframework.pdvmobile681514/com.google.zxing.client.android.CaptureActivity,wp,ca,1110
V/WindowManager(  853): IKSWL-6868 finishPostLayoutPolicyLw: mHideKeyguard=false mDismissKeyguard=0
V/WindowManager(  853): IKSWL-6868 setKeyguardOccludedLw isOccluded=false wasOccluded=false showing=false
I/SFPerfTracer(  260):      triggers: (rate: 0:22) (117472 sw vsyncs) (0 skipped) (55:1275931 vsyncs) (57:1409017)
V/WindowManager(  853): IKSWL-6868 finishPostLayoutPolicyLw: mHideKeyguard=false mDismissKeyguard=0
V/WindowManager(  853): IKSWL-6868 setKeyguardOccludedLw isOccluded=false wasOccluded=false showing=false
V/WindowManager(  853): IKSWL-6868 finishPostLayoutPolicyLw: mHideKeyguard=false mDismissKeyguard=0
V/WindowManager(  853): IKSWL-6868 setKeyguardOccludedLw isOccluded=false wasOccluded=false showing=false
V/WindowManager(  853): IKSWL-6868 finishPostLayoutPolicyLw: mHideKeyguard=false mDismissKeyguard=0
V/WindowManager(  853): IKSWL-6868 setKeyguardOccludedLw isOccluded=false wasOccluded=false showing=false
V/WindowManager(  853): IKSWL-6868 finishPostLayoutPolicyLw: mHideKeyguard=false mDismissKeyguard=0
V/WindowManager(  853): IKSWL-6868 setKeyguardOccludedLw isOccluded=false wasOccluded=false showing=false
V/WindowManager(  853): IKSWL-6868 finishPostLayoutPolicyLw: mHideKeyguard=false mDismissKeyguard=0
V/WindowManager(  853): IKSWL-6868 setKeyguardOccludedLw isOccluded=false wasOccluded=false showing=false
V/WindowManager(  853): IKSWL-6868 finishPostLayoutPolicyLw: mHideKeyguard=false mDismissKeyguard=0
V/WindowManager(  853): IKSWL-6868 setKeyguardOccludedLw isOccluded=false wasOccluded=false showing=false
W/BroadcastQueue(  853): Permission Denial: broadcasting Intent { act=android.net.conn.CONNECTIVITY_CHANGE flg=0x4000010 (has extras) } from null (pid=-1, uid=-1) requires com.facebook.permission.prod.FB_APP_COMMUNICATION due to registered receiver BroadcastFilter{6bad316 u0 ReceiverList{22d82031 4674 com.facebook.katana/10109/u0 remote:32b254d8}}
W/BroadcastQueue(  853): Permission Denial: broadcasting Intent { act=android.net.conn.INET_CONDITION_ACTION flg=0x4000010 (has extras) } from null (pid=-1, uid=-1) requires com.facebook.permission.prod.FB_APP_COMMUNICATION due to registered receiver BroadcastFilter{6bad316 u0 ReceiverList{22d82031 4674 com.facebook.katana/10109/u0 remote:32b254d8}}
W/BroadcastQueue(  853): Permission Denial: broadcasting Intent { act=android.net.conn.CONNECTIVITY_CHANGE flg=0x4000010 (has extras) } from null (pid=-1, uid=-1) requires com.facebook.permission.prod.FB_APP_COMMUNICATION due to registered receiver BroadcastFilter{147ae6f0 u0 ReceiverList{26631333 4674 com.facebook.katana/10109/u0 remote:1e090aa2}}
V/AlarmManager(  853): sending alarm {37192b37 type 3 *alarm*:android.intent.action.TIME_TICK}
V/AlarmManager(  853): done {37192b37, *alarm*:android.intent.action.TIME_TICK} [58ms]
V/AlarmManager(  853): sending alarm {374ba116 type 2 *walarm*:com.google.android.location.ALARM_WAKEUP_ACTIVITY_DETECTION}
V/AlarmManager(  853): done {374ba116, *walarm*:com.google.android.location.ALARM_WAKEUP_ACTIVITY_DETECTION} [22ms]
I/SFPerfTracer(  260):       trigger: frame rate (-44.196%)	(33.482 fps)	(29.866 ms) 	(105 drops)	(237 frames)
I/SFPerfTracer(  260):      triggers: (rate: 6039:256922) (compose: 0:46) (post: 0:5) (render: 17:2196) (237:478789 frames) (238:525070)
D/SFPerfTracer(  260):        layers: (3:12) (FocusedStackFrame (0xb745a918): 0:890)* (DimLayer (0xb745cd20): 0:23)* (DimLayer (0xb73d7dc0): 0:529)* (DimLayer (0xb73da1c8): 0:175)* (StatusBar (0xb74459e8): 3:34352)* (com.android.systemui.ImageWallpaper (0xb7448610): 0:1036)* (NavigationBar (0xb74517c0): 0:151) (com.ionicframework.pdvmobile681514/com.ionicframework.pdvmobile681514.MainActivity (0xb744ce70): 0:50)- (InputMethod (0xb7469798): 0:32)- (com.ionicframework.pdvmobile681514/com.google.zxing.client.android.CaptureActivity (0xb7452a68): 71:144) (SurfaceView (0xb744fbb0): 196:266) 
V/WindowManager(  853): IKSWL-6868 finishPostLayoutPolicyLw: mHideKeyguard=false mDismissKeyguard=0
V/WindowManager(  853): IKSWL-6868 setKeyguardOccludedLw isOccluded=false wasOccluded=false showing=false
V/WindowManager(  853): IKSWL-6868 finishPostLayoutPolicyLw: mHideKeyguard=false mDismissKeyguard=0
V/WindowManager(  853): IKSWL-6868 setKeyguardOccludedLw isOccluded=false wasOccluded=false showing=false
V/WindowManager(  853): IKSWL-6868 finishPostLayoutPolicyLw: mHideKeyguard=false mDismissKeyguard=0
V/WindowManager(  853): IKSWL-6868 setKeyguardOccludedLw isOccluded=false wasOccluded=false showing=false
V/WindowManager(  853): not Base app: Adding window Window{33f66229 u0 com.ionicframework.pdvmobile681514/com.ionicframework.pdvmobile681514.MainActivity} at 4 of 12
V/WindowManager(  853): IKSWL-6868 finishPostLayoutPolicyLw: mHideKeyguard=false mDismissKeyguard=0
V/WindowManager(  853): IKSWL-6868 setKeyguardOccludedLw isOccluded=false wasOccluded=false showing=false
V/WindowManager(  853): IKSWL-6868 finishPostLayoutPolicyLw: mHideKeyguard=false mDismissKeyguard=0
V/WindowManager(  853): IKSWL-6868 setKeyguardOccludedLw isOccluded=false wasOccluded=false showing=false
V/WindowManager(  853): IKSWL-6868 finishPostLayoutPolicyLw: mHideKeyguard=false mDismissKeyguard=0
V/WindowManager(  853): IKSWL-6868 setKeyguardOccludedLw isOccluded=false wasOccluded=false showing=false
V/WindowManager(  853): IKSWL-6868 finishPostLayoutPolicyLw: mHideKeyguard=false mDismissKeyguard=0
V/WindowManager(  853): IKSWL-6868 setKeyguardOccludedLw isOccluded=false wasOccluded=false showing=false
V/WindowManager(  853): IKSWL-6868 finishPostLayoutPolicyLw: mHideKeyguard=false mDismissKeyguard=0
V/WindowManager(  853): IKSWL-6868 setKeyguardOccludedLw isOccluded=false wasOccluded=false showing=false
V/WindowManager(  853): IKSWL-6868 finishPostLayoutPolicyLw: mHideKeyguard=false mDismissKeyguard=0
V/WindowManager(  853): IKSWL-6868 setKeyguardOccludedLw isOccluded=false wasOccluded=false showing=false
W/ResourcesManager( 4815): Asset path '/system/framework/com.android.media.remotedisplay.jar' does not exist or contains no resources.
W/ResourcesManager( 4815): Asset path '/system/framework/com.android.location.provider.jar' does not exist or contains no resources.
V/WindowManager(  853): IKSWL-6868 finishPostLayoutPolicyLw: mHideKeyguard=false mDismissKeyguard=0
V/WindowManager(  853): IKSWL-6868 setKeyguardOccludedLw isOccluded=false wasOccluded=false showing=false
V/WindowManager(  853): IKSWL-6868 finishPostLayoutPolicyLw: mHideKeyguard=false mDismissKeyguard=0
V/WindowManager(  853): IKSWL-6868 setKeyguardOccludedLw isOccluded=false wasOccluded=false showing=false
V/WindowManager(  853): IKSWL-6868 finishPostLayoutPolicyLw: mHideKeyguard=false mDismissKeyguard=0
V/WindowManager(  853): IKSWL-6868 setKeyguardOccludedLw isOccluded=false wasOccluded=false showing=false
V/WindowManager(  853): IKSWL-6868 finishPostLayoutPolicyLw: mHideKeyguard=false mDismissKeyguard=0
V/WindowManager(  853): IKSWL-6868 setKeyguardOccludedLw isOccluded=false wasOccluded=false showing=false
V/WindowManager(  853): IKSWL-6868 finishPostLayoutPolicyLw: mHideKeyguard=false mDismissKeyguard=0
V/WindowManager(  853): IKSWL-6868 setKeyguardOccludedLw isOccluded=false wasOccluded=false showing=false
V/WindowManager(  853): IKSWL-6868 finishPostLayoutPolicyLw: mHideKeyguard=false mDismissKeyguard=0
V/WindowManager(  853): IKSWL-6868 setKeyguardOccludedLw isOccluded=false wasOccluded=false showing=false
V/WindowManager(  853): IKSWL-6868 finishPostLayoutPolicyLw: mHideKeyguard=false mDismissKeyguard=0
V/WindowManager(  853): IKSWL-6868 setKeyguardOccludedLw isOccluded=false wasOccluded=false showing=false
V/WindowManager(  853): IKSWL-6868 finishPostLayoutPolicyLw: mHideKeyguard=false mDismissKeyguard=0
V/WindowManager(  853): IKSWL-6868 setKeyguardOccludedLw isOccluded=false wasOccluded=false showing=false
V/WindowManager(  853): IKSWL-6868 finishPostLayoutPolicyLw: mHideKeyguard=false mDismissKeyguard=0
V/WindowManager(  853): IKSWL-6868 setKeyguardOccludedLw isOccluded=false wasOccluded=false showing=false
V/WindowManager(  853): IKSWL-6868 finishPostLayoutPolicyLw: mHideKeyguard=false mDismissKeyguard=0
V/WindowManager(  853): IKSWL-6868 setKeyguardOccludedLw isOccluded=false wasOccluded=false showing=false
V/WindowManager(  853): IKSWL-6868 finishPostLayoutPolicyLw: mHideKeyguard=false mDismissKeyguard=0
V/WindowManager(  853): IKSWL-6868 setKeyguardOccludedLw isOccluded=false wasOccluded=false showing=false
V/WindowManager(  853): IKSWL-6868 finishPostLayoutPolicyLw: mHideKeyguard=false mDismissKeyguard=0
V/WindowManager(  853): IKSWL-6868 setKeyguardOccludedLw isOccluded=false wasOccluded=false showing=false
I/SFPerfTracer(  260):      triggers: (rate: 0:22) (117472 sw vsyncs) (0 skipped) (28:1275975 vsyncs) (30:1409139)
I/ActivityManager(  853): Start proc 5202:com.android.vending/u0a36 for service com.android.vending/com.google.android.finsky.services.ContentSyncService
V/AlarmManager(  853): sending alarm {5a81086 type 0 *walarm*:com.android.vending/com.google.android.finsky.services.ContentSyncService}
V/AlarmManager(  853): done {5a81086, *walarm*:com.android.vending/com.google.android.finsky.services.ContentSyncService} [46ms]
I/SFPerfTracer(  260):       trigger: frame rate (-26.265%)	(44.241 fps)	(22.604 ms) 	(3 drops)	(17 frames)
I/SFPerfTracer(  260):      triggers: (rate: 6040:256933) (compose: 0:46) (post: 0:5) (render: 17:2201) (17:478826 frames) (18:525124)
D/SFPerfTracer(  260):        layers: (5:12) (FocusedStackFrame (0xb745a918): 0:893)* (DimLayer (0xb745cd20): 0:23)* (DimLayer (0xb73d7dc0): 0:540) (DimLayer (0xb73da1c8): 0:175)* (StatusBar (0xb74459e8): 0:34369) (com.android.systemui.ImageWallpaper (0xb7448610): 0:1036)* (NavigationBar (0xb74517c0): 0:164) (com.ionicframework.pdvmobile681514/com.google.zxing.client.android.CaptureActivity (0xb7452a68): 0:161)- (SurfaceView (0xb744fbb0): 0:289)- (com.ionicframework.pdvmobile681514/com.ionicframework.pdvmobile681514.MainActivity (0xb7469798): 13:39) (com.ionicframework.pdvmobile681514/com.ionicframework.pdvmobile681514.MainActivity (0xb744ce70): 13:29) 
V/WindowManager(  853): IKSWL-6868 finishPostLayoutPolicyLw: mHideKeyguard=false mDismissKeyguard=0
V/WindowManager(  853): IKSWL-6868 setKeyguardOccludedLw isOccluded=false wasOccluded=false showing=false
W/InputMethodManagerService(  853): Window already focused, ignoring focus gain of: com.android.internal.view.IInputMethodClient$Stub$Proxy@260f2799 attribute=null, token = android.os.BinderProxy@2ed9eb29
I/ActivityManager(  853): Killing 4815:com.google.android.apps.docs/u0a60 (adj 15): empty #7
V/WindowManager(  853): IKSWL-6868 finishPostLayoutPolicyLw: mHideKeyguard=false mDismissKeyguard=0
V/WindowManager(  853): IKSWL-6868 setKeyguardOccludedLw isOccluded=false wasOccluded=false showing=false
V/WindowManager(  853): IKSWL-6868 finishPostLayoutPolicyLw: mHideKeyguard=false mDismissKeyguard=0
V/WindowManager(  853): IKSWL-6868 setKeyguardOccludedLw isOccluded=false wasOccluded=false showing=false
V/WindowManager(  853): IKSWL-6868 finishPostLayoutPolicyLw: mHideKeyguard=false mDismissKeyguard=0
V/WindowManager(  853): IKSWL-6868 setKeyguardOccludedLw isOccluded=false wasOccluded=false showing=false
V/WindowManager(  853): not Base app: Adding window Window{3b3cd637 u0 com.ionicframework.pdvmobile681514/com.ionicframework.pdvmobile681514.MainActivity} at 4 of 10
V/WindowManager(  853): IKSWL-6868 finishPostLayoutPolicyLw: mHideKeyguard=false mDismissKeyguard=0
V/WindowManager(  853): IKSWL-6868 setKeyguardOccludedLw isOccluded=false wasOccluded=false showing=false
V/WindowManager(  853): IKSWL-6868 finishPostLayoutPolicyLw: mHideKeyguard=false mDismissKeyguard=0
V/WindowManager(  853): IKSWL-6868 setKeyguardOccludedLw isOccluded=false wasOccluded=false showing=false
V/WindowManager(  853): IKSWL-6868 finishPostLayoutPolicyLw: mHideKeyguard=false mDismissKeyguard=0
V/WindowManager(  853): IKSWL-6868 setKeyguardOccludedLw isOccluded=false wasOccluded=false showing=false
V/WindowManager(  853): IKSWL-6868 finishPostLayoutPolicyLw: mHideKeyguard=false mDismissKeyguard=0
V/WindowManager(  853): IKSWL-6868 setKeyguardOccludedLw isOccluded=false wasOccluded=false showing=false
V/WindowManager(  853): IKSWL-6868 finishPostLayoutPolicyLw: mHideKeyguard=false mDismissKeyguard=0
V/WindowManager(  853): IKSWL-6868 setKeyguardOccludedLw isOccluded=false wasOccluded=false showing=false
I/ActivityManager(  853): Killing 4336:com.android.defcontainer/u0a10 (adj 15): empty #7
V/WindowManager(  853): IKSWL-6868 finishPostLayoutPolicyLw: mHideKeyguard=false mDismissKeyguard=0
V/WindowManager(  853): IKSWL-6868 setKeyguardOccludedLw isOccluded=false wasOccluded=false showing=false
V/WindowManager(  853): IKSWL-6868 finishPostLayoutPolicyLw: mHideKeyguard=false mDismissKeyguard=0
V/WindowManager(  853): IKSWL-6868 setKeyguardOccludedLw isOccluded=false wasOccluded=false showing=false
W/InputMethodManagerService(  853): Window already focused, ignoring focus gain of: com.android.internal.view.IInputMethodClient$Stub$Proxy@27b627a4 attribute=null, token = android.os.BinderProxy@2ed9eb29
V/WindowManager(  853): IKSWL-6868 finishPostLayoutPolicyLw: mHideKeyguard=false mDismissKeyguard=0
V/WindowManager(  853): IKSWL-6868 setKeyguardOccludedLw isOccluded=false wasOccluded=false showing=false
V/WindowManager(  853): IKSWL-6868 finishPostLayoutPolicyLw: mHideKeyguard=false mDismissKeyguard=0
V/WindowManager(  853): IKSWL-6868 setKeyguardOccludedLw isOccluded=false wasOccluded=false showing=false
V/WindowManager(  853): IKSWL-6868 finishPostLayoutPolicyLw: mHideKeyguard=false mDismissKeyguard=0
V/WindowManager(  853): IKSWL-6868 setKeyguardOccludedLw isOccluded=false wasOccluded=false showing=false
I/SFPerfTracer(  260):      triggers: (rate: 0:22) (117472 sw vsyncs) (0 skipped) (0:1276054 vsyncs) (1:1409240)
V/AlarmManager(  853): sending alarm {f5865bf type 3 *alarm*:com.google.android.gms/.lockbox.LockboxAlarmReceiver}
V/AlarmManager(  853): done {f5865bf, *alarm*:com.google.android.gms/.lockbox.LockboxAlarmReceiver} [14ms]
V/AlarmManager(  853): sending alarm {d71154b type 2 *walarm*:CONTEXT_MANAGER_ALARM_WAKEUP_62066737}
V/AlarmManager(  853): done {d71154b, *walarm*:CONTEXT_MANAGER_ALARM_WAKEUP_62066737} [16ms]
V/AlarmManager(  853): sending alarm {37192b37 type 3 *alarm*:android.intent.action.TIME_TICK}
V/AlarmManager(  853): done {37192b37, *alarm*:android.intent.action.TIME_TICK} [44ms]
I/SFPerfTracer(  260):      triggers: (rate: 6040:256934) (compose: 0:46) (post: 0:5) (render: 17:2201) (0:478876 frames) (1:525224)
D/SFPerfTracer(  260):        layers: (3:11) (FocusedStackFrame (0xb745a918): 0:896)* (DimLayer (0xb745cd20): 0:23)* (DimLayer (0xb73d7dc0): 0:574)* (DimLayer (0xb73da1c8): 0:175)* (StatusBar (0xb74459e8): 1:34398) (com.android.systemui.ImageWallpaper (0xb7448610): 0:1036)* (NavigationBar (0xb74517c0): 0:164) (com.ionicframework.pdvmobile681514/com.ionicframework.pdvmobile681514.MainActivity (0xb7469798): 0:39) (com.ionicframework.pdvmobile681514/com.ionicframework.pdvmobile681514.MainActivity (0xb744ce70): 0:41)- (com.ionicframework.pdvmobile681514/com.ionicframework.pdvmobile681514.MainActivity (0xb7452a68): 0:43)- 
D/BatteryService(  853): uevent={POWER_SUPPLY_TEMP=348, POWER_SUPPLY_STATUS=Charging, POWER_SUPPLY_CAPACITY=66, ACTION=change, DEVPATH=/devices/qpnp-charger-e4a3ba00/power_supply/battery, POWER_SUPPLY_VOLTAGE_OCV=-22, POWER_SUPPLY_ONLINE=1, SUBSYSTEM=power_supply, POWER_SUPPLY_NUM_SYSTEM_TEMP_LEVELS=4, POWER_SUPPLY_INPUT_CURRENT_MAX=500000, POWER_SUPPLY_VOLTAGE_MAX_DESIGN=4350000, POWER_SUPPLY_CHARGE_FULL=2013000, POWER_SUPPLY_NAME=battery, POWER_SUPPLY_VOLTAGE_MIN_DESIGN=4300000, POWER_SUPPLY_VOLTAGE_MIN=4300000, POWER_SUPPLY_HEALTH=Good, POWER_SUPPLY_CYCLE_COUNT=5, POWER_SUPPLY_TECHNOLOGY=Li-ion, POWER_SUPPLY_CHARGE_TYPE=Fast, POWER_SUPPLY_PRESENT=1, POWER_SUPPLY_INPUT_CURRENT_SETTLED=0, POWER_SUPPLY_MODEL_NAME=UNKNOWN, POWER_SUPPLY_VOLTAGE_NOW=4013464, SEQNUM=46110, POWER_SUPPLY_TEMP_WARM=450, POWER_SUPPLY_TEMP_COOL=0, POWER_SUPPLY_CHARGE_FULL_DESIGN=2022000, POWER_SUPPLY_CURRENT_NOW=-351511, POWER_SUPPLY_CHARGE_COUNTER=671053, POWER_SUPPLY_SYSTEM_TEMP_LEVEL=0, POWER_SUPPLY_INPUT_CURRENT_TRIM=33, POWER_SUPPLY_VOLTAGE_EMPTY=3200000, POWER_SUPPLY_CHARGE_RATE=Normal, POWER_SUPPLY_INPUT_VOLTAGE_REGULATION=0, POWER_SUPPLY_CHARGING_ENABLED=1}
V/AlarmManager(  853): sending alarm {1e478017 type 2 *walarm*:com.google.android.location.ALARM_WAKEUP_LOCATOR}
V/AlarmManager(  853): sending alarm {f5865bf type 3 *alarm*:com.google.android.gms/.lockbox.LockboxAlarmReceiver}
D/WifiService(  853): acquireWifiLockLocked: WifiLock{NlpWifiLock type=2 binder=android.os.BinderProxy@3d511e72}
V/AlarmManager(  853): done {1e478017, *walarm*:com.google.android.location.ALARM_WAKEUP_LOCATOR} [87ms]
V/AlarmManager(  853): done {f5865bf, *alarm*:com.google.android.gms/.lockbox.LockboxAlarmReceiver} [92ms]
D/WifiService(  853): releaseWifiLockLocked: WifiLock{NlpWifiLock type=2 binder=android.os.BinderProxy@3d511e72}
I/ActivityManager(  853): Start proc 5461:com.android.defcontainer/u0a10 for service com.android.defcontainer/.DefaultContainerService
D/DefContainer( 5461): Copying /data/local/tmp/android-debug.apk to base.apk
