D/PackageManager(  853): Renaming /data/app/vmdl663825030.tmp to /data/app/com.ionicframework.pdvmobile681514-2
I/ActivityManager(  853): Force stopping com.ionicframework.pdvmobile681514 appid=10076 user=-1: uninstall pkg
I/ActivityManager(  853): Killing 4532:com.ionicframework.pdvmobile681514/u0a76 (adj 0): stop com.ionicframework.pdvmobile681514
I/WindowState(  853): WIN DEATH: Window{2325ceae u0 com.ionicframework.pdvmobile681514/com.ionicframework.pdvmobile681514.MainActivity}
V/WindowManager(  853): IKSWL-6868 finishPostLayoutPolicyLw: mHideKeyguard=false mDismissKeyguard=0
V/WindowManager(  853): IKSWL-6868 setKeyguardOccludedLw isOccluded=false wasOccluded=false showing=false
I/PackageManager(  853): Package com.ionicframework.pdvmobile681514 codePath changed from /data/app/com.ionicframework.pdvmobile681514-1 to /data/app/com.ionicframework.pdvmobile681514-2; Retaining data and using new
W/ActivityManager(  853): Force removing ActivityRecord{30b60b7f u0 com.ionicframework.pdvmobile681514/.MainActivity t680}: app died, no saved state
V/WindowManager(  853): IKSWL-6868 finishPostLayoutPolicyLw: mHideKeyguard=false mDismissKeyguard=0
V/WindowManager(  853): IKSWL-6868 setKeyguardOccludedLw isOccluded=false wasOccluded=false showing=false
V/WindowManager(  853): IKSWL-6868 finishPostLayoutPolicyLw: mHideKeyguard=false mDismissKeyguard=0
V/WindowManager(  853): IKSWL-6868 setKeyguardOccludedLw isOccluded=false wasOccluded=false showing=false
W/ActivityManager(  853): Spurious death for ProcessRecord{2b9c939c 4532:com.ionicframework.pdvmobile681514/u0a76}, curProc for 4532: null
V/WindowManager(  853): IKSWL-6868 finishPostLayoutPolicyLw: mHideKeyguard=false mDismissKeyguard=0
V/WindowManager(  853): IKSWL-6868 setKeyguardOccludedLw isOccluded=false wasOccluded=false showing=false
V/WindowManager(  853): IKSWL-6868 finishPostLayoutPolicyLw: mHideKeyguard=false mDismissKeyguard=0
V/WindowManager(  853): IKSWL-6868 setKeyguardOccludedLw isOccluded=false wasOccluded=false showing=false
W/InputMethodManagerService(  853): Got RemoteException sending setActive(false) notification to pid 4532 uid 10076
V/WindowManager(  853): IKSWL-6868 finishPostLayoutPolicyLw: mHideKeyguard=false mDismissKeyguard=0
V/WindowManager(  853): IKSWL-6868 setKeyguardOccludedLw isOccluded=false wasOccluded=false showing=false
V/WindowManager(  853): IKSWL-6868 finishPostLayoutPolicyLw: mHideKeyguard=false mDismissKeyguard=0
V/WindowManager(  853): IKSWL-6868 setKeyguardOccludedLw isOccluded=false wasOccluded=false showing=false
V/WindowManager(  853): IKSWL-6868 finishPostLayoutPolicyLw: mHideKeyguard=false mDismissKeyguard=0
V/WindowManager(  853): IKSWL-6868 setKeyguardOccludedLw isOccluded=false wasOccluded=false showing=false
V/WindowManager(  853): IKSWL-6868 finishPostLayoutPolicyLw: mHideKeyguard=false mDismissKeyguard=0
V/WindowManager(  853): IKSWL-6868 setKeyguardOccludedLw isOccluded=false wasOccluded=false showing=false
V/WindowManager(  853): IKSWL-6868 finishPostLayoutPolicyLw: mHideKeyguard=false mDismissKeyguard=0
V/WindowManager(  853): IKSWL-6868 setKeyguardOccludedLw isOccluded=false wasOccluded=false showing=false
V/WindowManager(  853): IKSWL-6868 finishPostLayoutPolicyLw: mHideKeyguard=false mDismissKeyguard=0
V/WindowManager(  853): IKSWL-6868 setKeyguardOccludedLw isOccluded=false wasOccluded=false showing=false
V/WindowManager(  853): IKSWL-6868 finishPostLayoutPolicyLw: mHideKeyguard=false mDismissKeyguard=0
V/WindowManager(  853): IKSWL-6868 setKeyguardOccludedLw isOccluded=false wasOccluded=false showing=false
V/WindowManager(  853): IKSWL-6868 finishPostLayoutPolicyLw: mHideKeyguard=false mDismissKeyguard=0
V/WindowManager(  853): IKSWL-6868 setKeyguardOccludedLw isOccluded=false wasOccluded=false showing=false
W/PackageManager(  853): Code path for pkg : com.ionicframework.pdvmobile681514 changing from /data/app/com.ionicframework.pdvmobile681514-1 to /data/app/com.ionicframework.pdvmobile681514-2
I/ActivityManager(  853): Force stopping com.ionicframework.pdvmobile681514 appid=10076 user=-1: update pkg
W/PackageManager(  853): Resource path for pkg : com.ionicframework.pdvmobile681514 changing from /data/app/com.ionicframework.pdvmobile681514-1 to /data/app/com.ionicframework.pdvmobile681514-2
I/ActivityManager(  853): Force stopping com.ionicframework.pdvmobile681514 appid=10076 user=0: pkg removed
I/ActivityManager(  853): Start proc 5515:com.android.keychain/1000 for broadcast com.android.keychain/.KeyChainBroadcastReceiver
W/ContextImpl( 5515): Calling a method in the system process without a qualified user: android.app.ContextImpl.startService:1831 android.content.ContextWrapper.startService:516 android.content.ContextWrapper.startService:516 com.android.keychain.KeyChainBroadcastReceiver.onReceive:12 android.app.ActivityThread.handleReceiver:2639 
I/ActivityManager(  853): Start proc 5533:com.quickoffice.android/u0a91 for broadcast com.quickoffice.android/com.qo.android.quickoffice.QOBroadcastReceiver
D/JobSchedulerService(  853): Receieved: android.intent.action.PACKAGE_REMOVED
D/BackupManagerService(  853): Received broadcast Intent { act=android.intent.action.PACKAGE_REMOVED dat=package:com.ionicframework.pdvmobile681514 flg=0x4000010 (has extras) }
I/ActivityManager(  853): Killing 4884:com.motorola.context/u0a8 (adj 15): empty #7
D/BackupManagerService(  853): Received broadcast Intent { act=android.intent.action.PACKAGE_ADDED dat=package:com.ionicframework.pdvmobile681514 flg=0x4000010 (has extras) }
W/BackupManagerService(  853): Removing schedule queue dupe of com.ionicframework.pdvmobile681514
I/ActivityManager(  853): Killing 4852:com.google.android.googlequicksearchbox:search/u0a42 (adj 15): empty #7
D/WifiService(  853): Client connection lost with reason: 4
I/ActivityManager(  853): Start proc 5582:com.google.android.apps.docs/u0a60 for broadcast com.google.android.apps.docs/.receivers.AppPackageAddRemoveReceiver
V/WindowManager(  853): Adding window Window{2fc61bea u0 AtchDlg:com.android.launcher/com.android.launcher2.Launcher} at 3 of 9 (after Window{21acc80b u0 com.android.launcher/com.android.launcher2.Launcher})
V/WindowManager(  853): IKSWL-6868 finishPostLayoutPolicyLw: mHideKeyguard=false mDismissKeyguard=0
V/WindowManager(  853): IKSWL-6868 setKeyguardOccludedLw isOccluded=false wasOccluded=false showing=false
V/WindowManager(  853): IKSWL-6868 finishPostLayoutPolicyLw: mHideKeyguard=false mDismissKeyguard=0
V/WindowManager(  853): IKSWL-6868 setKeyguardOccludedLw isOccluded=false wasOccluded=false showing=false
W/ResourcesManager( 3846): Asset path '/system/framework/com.motorola.gallery' does not exist or contains no resources.
W/ResourcesManager( 3846): Asset path '/system/framework/com.google.android.media.effects.jar' does not exist or contains no resources.
V/WindowManager(  853): IKSWL-6868 finishPostLayoutPolicyLw: mHideKeyguard=false mDismissKeyguard=0
V/WindowManager(  853): IKSWL-6868 setKeyguardOccludedLw isOccluded=false wasOccluded=false showing=false
W/ResourcesManager( 3846): Asset path '/system/framework/com.motorola.frameworks.core.addon.jar' does not exist or contains no resources.
V/WindowManager(  853): IKSWL-6868 finishPostLayoutPolicyLw: mHideKeyguard=false mDismissKeyguard=0
V/WindowManager(  853): IKSWL-6868 setKeyguardOccludedLw isOccluded=false wasOccluded=false showing=false
W/ActivityManager(  853): getRunningAppProcesses: caller 10060 does not hold REAL_GET_TASKS; limiting output
W/ActivityManager(  853): getRunningAppProcesses: caller 10060 does not hold REAL_GET_TASKS; limiting output
V/WindowManager(  853): IKSWL-6868 finishPostLayoutPolicyLw: mHideKeyguard=false mDismissKeyguard=0
V/WindowManager(  853): IKSWL-6868 setKeyguardOccludedLw isOccluded=false wasOccluded=false showing=false
W/ActivityManager(  853): getRunningAppProcesses: caller 10060 does not hold REAL_GET_TASKS; limiting output
V/WindowManager(  853): IKSWL-6868 finishPostLayoutPolicyLw: mHideKeyguard=false mDismissKeyguard=0
V/WindowManager(  853): IKSWL-6868 setKeyguardOccludedLw isOccluded=false wasOccluded=false showing=false
W/ActivityManager(  853): getRunningAppProcesses: caller 10060 does not hold REAL_GET_TASKS; limiting output
I/ActivityManager(  853): Start proc 5637:com.google.android.googlequicksearchbox:search/u0a42 for broadcast com.google.android.googlequicksearchbox/com.google.android.apps.gsa.search.core.icingsync.IcingCorporaChangedReceiver
I/ActivityManager(  853): START u0 {act=android.intent.action.MAIN flg=0x10000000 cmp=com.ionicframework.pdvmobile681514/.MainActivity} from uid 2000 on display 0
V/WindowManager(  853): addAppToken: AppWindowToken{264ffcaf token=Token{1371fc8e ActivityRecord{11e4a489 u0 com.ionicframework.pdvmobile681514/.MainActivity t681}}} to stack=1 task=681 at 0
V/WindowManager(  853): Adding window Window{32650f66 u0 Starting com.ionicframework.pdvmobile681514} at 4 of 10 (after Window{2fc61bea u0 AtchDlg:com.android.launcher/com.android.launcher2.Launcher})
V/WindowManager(  853): IKSWL-6868 finishPostLayoutPolicyLw: mHideKeyguard=false mDismissKeyguard=0
V/WindowManager(  853): IKSWL-6868 setKeyguardOccludedLw isOccluded=false wasOccluded=false showing=false
V/WindowManager(  853): IKSWL-6868 finishPostLayoutPolicyLw: mHideKeyguard=false mDismissKeyguard=0
V/WindowManager(  853): IKSWL-6868 setKeyguardOccludedLw isOccluded=false wasOccluded=false showing=false
V/WindowManager(  853): IKSWL-6868 finishPostLayoutPolicyLw: mHideKeyguard=false mDismissKeyguard=0
V/WindowManager(  853): IKSWL-6868 setKeyguardOccludedLw isOccluded=false wasOccluded=false showing=false
I/ActivityManager(  853): Start proc 5656:com.ionicframework.pdvmobile681514/u0a76 for activity com.ionicframework.pdvmobile681514/.MainActivity
V/WindowManager(  853): IKSWL-6868 finishPostLayoutPolicyLw: mHideKeyguard=false mDismissKeyguard=0
V/WindowManager(  853): IKSWL-6868 setKeyguardOccludedLw isOccluded=false wasOccluded=false showing=false
I/SFPerfTracer(  260):      triggers: (rate: 0:22) (117472 sw vsyncs) (0 skipped) (0:1276096 vsyncs) (2:1409341)
V/WindowManager(  853): IKSWL-6868 finishPostLayoutPolicyLw: mHideKeyguard=false mDismissKeyguard=0
V/WindowManager(  853): IKSWL-6868 setKeyguardOccludedLw isOccluded=false wasOccluded=false showing=false
V/WindowManager(  853): IKSWL-6868 finishPostLayoutPolicyLw: mHideKeyguard=false mDismissKeyguard=0
V/WindowManager(  853): IKSWL-6868 setKeyguardOccludedLw isOccluded=false wasOccluded=false showing=false
V/WindowManager(  853): IKSWL-6868 finishPostLayoutPolicyLw: mHideKeyguard=false mDismissKeyguard=0
V/WindowManager(  853): IKSWL-6868 setKeyguardOccludedLw isOccluded=false wasOccluded=false showing=false
V/WindowManager(  853): IKSWL-6868 finishPostLayoutPolicyLw: mHideKeyguard=false mDismissKeyguard=0
V/WindowManager(  853): IKSWL-6868 setKeyguardOccludedLw isOccluded=false wasOccluded=false showing=false
V/WindowManager(  853): IKSWL-6868 finishPostLayoutPolicyLw: mHideKeyguard=false mDismissKeyguard=0
V/WindowManager(  853): IKSWL-6868 setKeyguardOccludedLw isOccluded=false wasOccluded=false showing=false
I/ActivityManager(  853): Killing 3931:com.google.process.gapps/u0a19 (adj 15): empty #7
I/ActivityManager(  853): Start proc 5693:com.google.android.partnersetup/u0a22 for broadcast com.google.android.partnersetup/.RlzPingBroadcastReceiver
I/ActivityManager(  853): Start proc 5711:com.google.process.gapps/u0a19 for content provider com.google.android.gsf/.settings.GoogleSettingsProvider
V/WindowManager(  853): IKSWL-6868 finishPostLayoutPolicyLw: mHideKeyguard=false mDismissKeyguard=0
V/WindowManager(  853): IKSWL-6868 setKeyguardOccludedLw isOccluded=false wasOccluded=false showing=false
I/SFPerfTracer(  260):      triggers: (rate: 6040:256937) (compose: 0:46) (post: 0:5) (render: 17:2201) (0:478936 frames) (1:525324)
D/SFPerfTracer(  260):        layers: (5:12) (FocusedStackFrame (0xb745a918): 0:898)* (DimLayer (0xb745cd20): 0:23)* (DimLayer (0xb73d7dc0): 0:574)* (DimLayer (0xb73da1c8): 0:176)* (StatusBar (0xb74459e8): 0:34443) (com.android.systemui.ImageWallpaper (0xb7448610): 0:1037) (NavigationBar (0xb74517c0): 0:190) (com.ionicframework.pdvmobile681514/com.ionicframework.pdvmobile681514.MainActivity (0xb7469798): 0:39)- (com.android.launcher/com.android.launcher2.Launcher (0xb7469798): 0:19) (AtchDlg:com.android.launcher/com.android.launcher2.Launcher (0xb7452a68): 0:16)* (Starting com.ionicframework.pdvmobile681514 (0xb73dd9d0): 1:11) 
V/WindowManager(  853): IKSWL-6868 finishPostLayoutPolicyLw: mHideKeyguard=false mDismissKeyguard=0
V/WindowManager(  853): IKSWL-6868 setKeyguardOccludedLw isOccluded=false wasOccluded=false showing=false
V/AlarmManager(  853): sending alarm {7d9be1c type 2 *walarm*:com.android.server.task.controllers.BatteryController.ACTION_CHARGING_STABLE}
I/ActivityManager(  853): Killing 5515:com.android.keychain/1000 (adj 15): empty #7
V/WindowManager(  853): IKSWL-6868 finishPostLayoutPolicyLw: mHideKeyguard=false mDismissKeyguard=0
V/WindowManager(  853): IKSWL-6868 setKeyguardOccludedLw isOccluded=false wasOccluded=false showing=false
V/WindowManager(  853): IKSWL-6868 finishPostLayoutPolicyLw: mHideKeyguard=false mDismissKeyguard=0
V/WindowManager(  853): IKSWL-6868 setKeyguardOccludedLw isOccluded=false wasOccluded=false showing=false
V/WindowManager(  853): Adding window Window{25067bb4 u0 com.ionicframework.pdvmobile681514/com.ionicframework.pdvmobile681514.MainActivity} at 3 of 10 (before Window{32650f66 u0 Starting com.ionicframework.pdvmobile681514})
V/WindowManager(  853): Adding window Window{19d71b52 u0 com.ionicframework.pdvmobile681514/com.ionicframework.pdvmobile681514.MainActivity} at 4 of 11 (before Window{32650f66 u0 Starting com.ionicframework.pdvmobile681514})
V/WindowManager(  853): Adding window Window{2a2d297f u0 com.ionicframework.pdvmobile681514/com.ionicframework.pdvmobile681514.MainActivity} at 3 of 12 (before Window{25067bb4 u0 com.ionicframework.pdvmobile681514/com.ionicframework.pdvmobile681514.MainActivity})
V/WindowManager(  853): IKSWL-6868 finishPostLayoutPolicyLw: mHideKeyguard=false mDismissKeyguard=0
V/WindowManager(  853): IKSWL-6868 setKeyguardOccludedLw isOccluded=false wasOccluded=false showing=false
V/WindowManager(  853): IKSWL-6868 finishPostLayoutPolicyLw: mHideKeyguard=false mDismissKeyguard=0
V/WindowManager(  853): IKSWL-6868 setKeyguardOccludedLw isOccluded=false wasOccluded=false showing=false
V/WindowManager(  853): IKSWL-6868 finishPostLayoutPolicyLw: mHideKeyguard=false mDismissKeyguard=0
V/WindowManager(  853): IKSWL-6868 setKeyguardOccludedLw isOccluded=false wasOccluded=false showing=false
V/WindowManager(  853): IKSWL-6868 finishPostLayoutPolicyLw: mHideKeyguard=false mDismissKeyguard=0
V/WindowManager(  853): IKSWL-6868 setKeyguardOccludedLw isOccluded=false wasOccluded=false showing=false
V/WindowManager(  853): IKSWL-6868 finishPostLayoutPolicyLw: mHideKeyguard=false mDismissKeyguard=0
V/WindowManager(  853): IKSWL-6868 setKeyguardOccludedLw isOccluded=false wasOccluded=false showing=false
V/WindowManager(  853): IKSWL-6868 finishPostLayoutPolicyLw: mHideKeyguard=false mDismissKeyguard=0
V/WindowManager(  853): IKSWL-6868 setKeyguardOccludedLw isOccluded=false wasOccluded=false showing=false
I/ActivityManager(  853): Killing 5582:com.google.android.apps.docs/u0a60 (adj 15): empty #7
V/WindowManager(  853): IKSWL-6868 finishPostLayoutPolicyLw: mHideKeyguard=false mDismissKeyguard=0
V/WindowManager(  853): IKSWL-6868 setKeyguardOccludedLw isOccluded=false wasOccluded=false showing=false
I/ActivityManager(  853): Start proc 5764:com.google.android.apps.docs/u0a60 for broadcast com.google.android.apps.docs/.receivers.AppPackageAddRemoveReceiver
V/WindowManager(  853): IKSWL-6868 finishPostLayoutPolicyLw: mHideKeyguard=false mDismissKeyguard=0
V/WindowManager(  853): IKSWL-6868 setKeyguardOccludedLw isOccluded=false wasOccluded=false showing=false
V/WindowManager(  853): IKSWL-6868 finishPostLayoutPolicyLw: mHideKeyguard=false mDismissKeyguard=0
V/WindowManager(  853): IKSWL-6868 setKeyguardOccludedLw isOccluded=false wasOccluded=false showing=false
V/WindowManager(  853): IKSWL-6868 finishPostLayoutPolicyLw: mHideKeyguard=false mDismissKeyguard=0
V/WindowManager(  853): IKSWL-6868 setKeyguardOccludedLw isOccluded=false wasOccluded=false showing=false
V/WindowManager(  853): IKSWL-6868 finishPostLayoutPolicyLw: mHideKeyguard=false mDismissKeyguard=0
V/WindowManager(  853): IKSWL-6868 setKeyguardOccludedLw isOccluded=false wasOccluded=false showing=false
I/LaunchCheckinHandler(  853): Displayed com.ionicframework.pdvmobile681514/.MainActivity,cp,ca,1216
V/WindowManager(  853): IKSWL-6868 finishPostLayoutPolicyLw: mHideKeyguard=false mDismissKeyguard=0
V/WindowManager(  853): IKSWL-6868 setKeyguardOccludedLw isOccluded=false wasOccluded=false showing=false
V/WindowManager(  853): IKSWL-6868 finishPostLayoutPolicyLw: mHideKeyguard=false mDismissKeyguard=0
V/WindowManager(  853): IKSWL-6868 setKeyguardOccludedLw isOccluded=false wasOccluded=false showing=false
V/WindowManager(  853): IKSWL-6868 finishPostLayoutPolicyLw: mHideKeyguard=false mDismissKeyguard=0
V/WindowManager(  853): IKSWL-6868 setKeyguardOccludedLw isOccluded=false wasOccluded=false showing=false
W/InputMethodManagerService(  853): Window already focused, ignoring focus gain of: com.android.internal.view.IInputMethodClient$Stub$Proxy@1e331050 attribute=null, token = android.os.BinderProxy@8a8b087
W/ActivityManager(  853): getRunningAppProcesses: caller 10060 does not hold REAL_GET_TASKS; limiting output
V/WindowManager(  853): IKSWL-6868 finishPostLayoutPolicyLw: mHideKeyguard=false mDismissKeyguard=0
V/WindowManager(  853): IKSWL-6868 setKeyguardOccludedLw isOccluded=false wasOccluded=false showing=false
W/ActivityManager(  853): getRunningAppProcesses: caller 10060 does not hold REAL_GET_TASKS; limiting output
V/WindowManager(  853): IKSWL-6868 finishPostLayoutPolicyLw: mHideKeyguard=false mDismissKeyguard=0
V/WindowManager(  853): IKSWL-6868 setKeyguardOccludedLw isOccluded=false wasOccluded=false showing=false
W/ActivityManager(  853): getRunningAppProcesses: caller 10060 does not hold REAL_GET_TASKS; limiting output
V/AlarmManager(  853): sending alarm {37192b37 type 3 *alarm*:android.intent.action.TIME_TICK}
V/AlarmManager(  853): done {37192b37, *alarm*:android.intent.action.TIME_TICK} [56ms]
W/ActivityManager(  853): getRunningAppProcesses: caller 10060 does not hold REAL_GET_TASKS; limiting output
I/ActivityManager(  853): Start proc 5813:com.motorola.context/u0a8 for broadcast com.motorola.context/.receiver.PackageReplaceReceiver
I/SFPerfTracer(  260):      triggers: (rate: 0:22) (117472 sw vsyncs) (0 skipped) (53:1276219 vsyncs) (55:1409477)
I/SFPerfTracer(  260):      triggers: (rate: 6040:256940) (compose: 0:46) (post: 0:5) (render: 17:2208) (60:479016 frames) (61:525420)
D/SFPerfTracer(  260):        layers: (4:14) (FocusedStackFrame (0xb745a918): 0:902)* (DimLayer (0xb745cd20): 0:23)* (DimLayer (0xb73d7dc0): 0:574)* (DimLayer (0xb73da1c8): 0:179)* (StatusBar (0xb74459e8): 5:34457) (com.android.systemui.ImageWallpaper (0xb7448610): 0:1038)* (NavigationBar (0xb74517c0): 1:198) (com.android.launcher/com.android.launcher2.Launcher (0xb7469798): 0:20)- (AtchDlg:com.android.launcher/com.android.launcher2.Launcher (0xb7452a68): 0:17)- (Starting com.ionicframework.pdvmobile681514 (0xb73dd9d0): 0:39)- (com.ionicframework.pdvmobile681514/com.ionicframework.pdvmobile681514.MainActivity (0xb7469798): 61:75) (com.ionicframework.pdvmobile681514/com.ionicframework.pdvmobile681514.MainActivity (0xb7452a68): 0:15)- (com.ionicframework.pdvmobile681514/com.ionicframework.pdvmobile681514.MainActivity (0xb744d850): 0:5) 
W/ResourcesManager( 5813): Asset path '/system/framework/com.motorola.motosignature.jar' does not exist or contains no resources.
I/ActivityManager(  853): Killing 5693:com.google.android.partnersetup/u0a22 (adj 15): empty #7
D/WifiService(  853): New client listening to asynchronous messages
V/AlarmManager(  853): done {7d9be1c, *walarm*:com.android.server.task.controllers.BatteryController.ACTION_CHARGING_STABLE} [2347ms]
V/WindowManager(  853): IKSWL-6868 finishPostLayoutPolicyLw: mHideKeyguard=false mDismissKeyguard=0
V/WindowManager(  853): IKSWL-6868 setKeyguardOccludedLw isOccluded=false wasOccluded=false showing=false
V/WindowManager(  853): IKSWL-6868 finishPostLayoutPolicyLw: mHideKeyguard=false mDismissKeyguard=0
V/WindowManager(  853): IKSWL-6868 setKeyguardOccludedLw isOccluded=false wasOccluded=false showing=false
I/ActivityManager(  853): Killing 5202:com.android.vending/u0a36 (adj 15): empty #7
D/TaskPersister(  853): removeObsoleteFile: deleting file=680_task.xml
I/ActivityManager(  853): Killing 5533:com.quickoffice.android/u0a91 (adj 15): empty #7
I/ActivityManager(  853): START u0 {act=com.google.zxing.client.android.SCAN cat=[android.intent.category.DEFAULT] pkg=com.ionicframework.pdvmobile681514 cmp=com.ionicframework.pdvmobile681514/com.google.zxing.client.android.CaptureActivity} from uid 10076 on display 0
V/WindowManager(  853): IKSWL-6868 finishPostLayoutPolicyLw: mHideKeyguard=false mDismissKeyguard=0
V/WindowManager(  853): IKSWL-6868 setKeyguardOccludedLw isOccluded=false wasOccluded=false showing=false
V/WindowManager(  853): addAppToken: AppWindowToken{150ddba token=Token{2452dee5 ActivityRecord{1d42cddc u0 com.ionicframework.pdvmobile681514/com.google.zxing.client.android.CaptureActivity t681}}} to stack=1 task=681 at 1
V/WindowManager(  853): IKSWL-6868 finishPostLayoutPolicyLw: mHideKeyguard=false mDismissKeyguard=0
V/WindowManager(  853): IKSWL-6868 setKeyguardOccludedLw isOccluded=false wasOccluded=false showing=false
V/WindowManager(  853): Adding window Window{c45bc47 u0 com.ionicframework.pdvmobile681514/com.google.zxing.client.android.CaptureActivity} at 4 of 10 (after Window{2a2d297f u0 com.ionicframework.pdvmobile681514/com.ionicframework.pdvmobile681514.MainActivity})
V/WindowManager(  853): IKSWL-6868 finishPostLayoutPolicyLw: mHideKeyguard=false mDismissKeyguard=0
V/WindowManager(  853): IKSWL-6868 setKeyguardOccludedLw isOccluded=false wasOccluded=false showing=false
V/WindowManager(  853): IKSWL-6868 finishPostLayoutPolicyLw: mHideKeyguard=false mDismissKeyguard=0
V/WindowManager(  853): IKSWL-6868 setKeyguardOccludedLw isOccluded=false wasOccluded=false showing=false
V/WindowManager(  853): Adding window Window{2a7059d u0 SurfaceView} at 4 of 11 (before Window{c45bc47 u0 com.ionicframework.pdvmobile681514/com.google.zxing.client.android.CaptureActivity})
V/WindowManager(  853): IKSWL-6868 finishPostLayoutPolicyLw: mHideKeyguard=false mDismissKeyguard=0
V/WindowManager(  853): IKSWL-6868 setKeyguardOccludedLw isOccluded=false wasOccluded=false showing=false
--------- beginning of main
E/mm-camera(  301): is_module_start_session: Exit successful
E/mm-camera(  301): is_module_get_port: Exit successful
E/mm-camera-img(  301): module_imglib_create_msg_thread:231] E
E/mm-camera(  301): module_drsd_start_session:1189] E
E/mm-camera-img(  301): module_imglib_create_msg_thread:231] E
E/mm-camera-img(  301): module_imglib_create_msg_thread:253] X
E/hdr     (  301): Session id 0x1 started
E/mm-camera-img(  301): module_imglib_create_msg_thread:231] E
E/mm-camera-img(  301): module_imglib_create_msg_thread:253] X
E/mm-camera(  301): module_drsd_start_session:1210] X rc = 0
E/mm-camera-img(  301): module_imglib_create_msg_thread:253] X
E/mm-camera-img(  301): module_imglib_create_msg_thread:231] E
E/mm-camera-img(  301): module_imglib_create_msg_thread:253] X
E/mm-camera-img(  301): module_imglib_create_msg_thread:231] E
E/mm-camera-img(  301): module_imglib_create_msg_thread:253] X
E/mm-camera(  301): c2d_module_start_session:238, info: starting session 1
E/mm-camera(  301): c2d_thread_func:41: c2d_thread entering the polling loop...
E/mm-camera(  301): c2d_module_start_session:285, info: c2d_thread created.
E/mm-camera(  301): c2d_module_start_session:307, info: session 1 started.
E/mm-camera-img(  301): module_imglib_create_msg_thread:231] E
E/mm-camera-img(  301): module_imglib_create_msg_thread:253] X
E/mm-camera-sensor(  301): sensor_write_lsc:272 using default or module LSC
E/mm-camera-sensor(  301): module_sensor_start_session:715 failed
E/mm-camera-sensor(  301): module_sensor_start_session:721 failed
D/QCamera2HWI(  276): int qcamera::QCamera2HardwareInterface::openCamera(): enable_4k2k is 0
E/qomx_image_core(  276): OMX_Init:94] Complete 2
E/QCameraHWI_Mem(  276): int qcamera::QCameraMemory::alloc(int, int, int) : No memory pool available
D/QCameraHWI_Mem(  276): static int qcamera::QCameraMemory::allocOneBuffer(qcamera::QCameraMemory::QCameraMemInfo&, int, int, bool) : ION buffer 0x1 with size 1048576 allocated
E/QCameraHWI_Mem(  276): int qcamera::QCameraMemory::alloc(int, int, int) : No memory pool available
D/QCameraHWI_Mem(  276): static int qcamera::QCameraMemory::allocOneBuffer(qcamera::QCameraMemory::QCameraMemInfo&, int, int, bool) : ION buffer 0x1 with size 65544 allocated
D/QCameraParameters(  276): int32_t qcamera::QCameraParameters::initBatchUpdate(void*):Initializing batch parameter set
D/QCameraParameters(  276): int32_t qcamera::QCameraParameters::initDefaultParameters(): supported preview sizes: 1280x960,1280x720,960x720,864x480,768x432,720x480,640x480,320x240,176x144
D/QCameraParameters(  276): int32_t qcamera::QCameraParameters::initDefaultParameters(): supported video sizes: 1280x720,864x480,720x480,640x480,352x288,320x240,176x144
D/QCameraParameters(  276): int32_t qcamera::QCameraParameters::initDefaultParameters(): supported pic sizes: 2592x1944,2592x1456,1920x1080,1440x1080,1280x960,1280x720,640x480,352x288
I/QCameraParameters(  276): int32_t qcamera::QCameraParameters::initDefaultParameters(): supported live snapshot sizes: 1280x768,1280x720,1024x768,800x600,864x480,800x480,720x480,640x480,352x288,320x240,176x144
D/QCameraParameters(  276): int32_t qcamera::QCameraParameters::initDefaultParameters(): supported fps ranges: (15000,15000),(15000,30000)
E/QCameraParameters(  276): int32_t qcamera::QCameraParameters::setPreviewFpsRange(int, int): Setting preview fps range 15000,30000
D/QCameraParameters(  276): int32_t qcamera::QCameraParameters::AddSetParmEntryToBatch(void*, cam_intf_parm_type_t, uint32_t, void*): num_entry: 1, paramType: 4, paramLength: 8, aligned_size_req: 24
D/QCameraParameters(  276): int32_t qcamera::QCameraParameters::initDefaultParameters(): supported fps rates: 15,16,17,18,19,20,21,22,23,24,25,26,27,28,29,30
D/QCameraParameters(  276): int32_t qcamera::QCameraParameters::AddSetParmEntryToBatch(void*, cam_intf_parm_type_t, uint32_t, void*): num_entry: 2, paramType: 30, paramLength: 4, aligned_size_req: 20
D/QCameraParameters(  276): int32_t qcamera::QCameraParameters::AddSetParmEntryToBatch(void*, cam_intf_parm_type_t, uint32_t, void*): num_entry: 3, paramType: 28, paramLength: 60, aligned_size_req: 76
D/QCameraParameters(  276): int32_t qcamera::QCameraParameters::AddSetParmEntryToBatch(void*, cam_intf_parm_type_t, uint32_t, void*): num_entry: 4, paramType: 20, paramLength: 4, aligned_size_req: 20
D/QCameraParameters(  276): int32_t qcamera::QCameraParameters::AddSetParmEntryToBatch(void*, cam_intf_parm_type_t, uint32_t, void*): num_entry: 5, paramType: 18, paramLength: 4, aligned_size_req: 20
D/QCameraParameters(  276): int32_t qcamera::QCameraParameters::AddSetParmEntryToBatch(void*, cam_intf_parm_type_t, uint32_t, void*): num_entry: 6, paramType: 19, paramLength: 4, aligned_size_req: 20
D/QCameraParameters(  276): int32_t qcamera::QCameraParameters::AddSetParmEntryToBatch(void*, cam_intf_parm_type_t, uint32_t, void*): num_entry: 7, paramType: 31, paramLength: 4, aligned_size_req: 20
D/QCameraParameters(  276): int32_t qcamera::QCameraParameters::AddSetParmEntryToBatch(void*, cam_intf_parm_type_t, uint32_t, void*): num_entry: 8, paramType: 21, paramLength: 4, aligned_size_req: 20
D/QCameraParameters(  276): int32_t qcamera::QCameraParameters::AddSetParmEntryToBatch(void*, cam_intf_parm_type_t, uint32_t, void*): num_entry: 9, paramType: 26, paramLength: 4, aligned_size_req: 20
D/QCameraParameters(  276): int32_t qcamera::QCameraParameters::AddSetParmEntryToBatch(void*, cam_intf_parm_type_t, uint32_t, void*): num_entry: 10, paramType: 2, paramLength: 4, aligned_size_req: 20
D/QCameraParameters(  276): int32_t qcamera::QCameraParameters::AddSetParmEntryToBatch(void*, cam_intf_parm_type_t, uint32_t, void*): num_entry: 11, paramType: 1, paramLength: 4, aligned_size_req: 20
D/QCameraParameters(  276): int32_t qcamera::QCameraParameters::AddSetParmEntryToBatch(void*, cam_intf_parm_type_t, uint32_t, void*): num_entry: 12, paramType: 7, paramLength: 4, aligned_size_req: 20
D/QCameraParameters(  276): int32_t qcamera::QCameraParameters::AddSetParmEntryToBatch(void*, cam_intf_parm_type_t, uint32_t, void*): num_entry: 13, paramType: 6, paramLength: 4, aligned_size_req: 20
D/QCameraParameters(  276): int32_t qcamera::QCameraParameters::AddSetParmEntryToBatch(void*, cam_intf_parm_type_t, uint32_t, void*): num_entry: 14, paramType: 10, paramLength: 4, aligned_size_req: 20
D/QCameraParameters(  276): int32_t qcamera::QCameraParameters::AddSetParmEntryToBatch(void*, cam_intf_parm_type_t, uint32_t, void*): num_entry: 15, paramType: 8, paramLength: 4, aligned_size_req: 20
D/QCameraParameters(  276): int32_t qcamera::QCameraParameters::AddSetParmEntryToBatch(void*, cam_intf_parm_type_t, uint32_t, void*): num_entry: 16, paramType: 22, paramLength: 4, aligned_size_req: 20
D/QCameraParameters(  276): int32_t qcamera::QCameraParameters::AddSetParmEntryToBatch(void*, cam_intf_parm_type_t, uint32_t, void*): num_entry: 17, paramType: 35, paramLength: 4, aligned_size_req: 20
D/QCameraParameters(  276): int32_t qcamera::QCameraParameters::AddSetParmEntryToBatch(void*, cam_intf_parm_type_t, uint32_t, void*): num_entry: 18, paramType: 27, paramLength: 4, aligned_size_req: 20
D/QCameraParameters(  276): int32_t qcamera::QCameraParameters::AddSetParmEntryToBatch(void*, cam_intf_parm_type_t, uint32_t, void*): num_entry: 19, paramType: 23, paramLength: 4, aligned_size_req: 20
D/QCameraParameters(  276): int32_t qcamera::QCameraParameters::setAEBracket(const char*), EXP_BRACKETING_OFF
E/QCameraParameters(  276): int32_t qcamera::QCameraParameters::enableFlash(bool, bool):Wrong saved led mode
D/QCameraParameters(  276): int32_t qcamera::QCameraParameters::AddSetParmEntryToBatch(void*, cam_intf_parm_type_t, uint32_t, void*): num_entry: 20, paramType: 37, paramLength: 16, aligned_size_req: 32
D/QCameraParameters(  276): int32_t qcamera::QCameraParameters::initDefaultParameters(): Supported WNR:ON/OFF default:ON
D/QCameraParameters(  276): int32_t qcamera::QCameraParameters::AddSetParmEntryToBatch(void*, cam_intf_parm_type_t, uint32_t, void*): num_entry: 21, paramType: 61, paramLength: 4, aligned_size_req: 20
D/QCameraParameters(  276): int32_t qcamera::QCameraParameters::initDefaultParameters(): Supported TINTLESS:ON/OFF default:ON
E/QCameraParameters(  276): int32_t qcamera::QCameraParameters::setResetRoi(const char*): Setting reset-roi value to off (0)
D/QCameraParameters(  276): int32_t qcamera::QCameraParameters::setLA(const char*): Setting LA value off 0
D/QCameraParameters(  276): int32_t qcamera::QCameraParameters::AddSetParmEntryToBatch(void*, cam_intf_parm_type_t, uint32_t, void*): num_entry: 22, paramType: 149, paramLength: 4, aligned_size_req: 20
D/QCameraParameters(  276): int32_t qcamera::QCameraParameters::AddSetParmEntryToBatch(void*, cam_intf_parm_type_t, uint32_t, void*): num_entry: 23, paramType: 150, paramLength: 1, aligned_size_req: 20
D/QCameraParameters(  276): int32_t qcamera::QCameraParameters::AddSetParmEntryToBatch(void*, cam_intf_parm_type_t, uint32_t, void*): num_entry: 24, paramType: 151, paramLength: 4, aligned_size_req: 20
D/QCameraParameters(  276): int32_t qcamera::QCameraParameters::AddSetParmEntryToBatch(void*, cam_intf_parm_type_t, uint32_t, void*): num_entry: 25, paramType: 24, paramLength: 4, aligned_size_req: 20
D/QCameraParameters(  276): int32_t qcamera::QCameraParameters::AddSetParmEntryToBatch(void*, cam_intf_parm_type_t, uint32_t, void*): num_entry: 26, paramType: 34, paramLength: 4, aligned_size_req: 20
D/QCameraParameters(  276): int32_t qcamera::QCameraParameters::AddSetParmEntryToBatch(void*, cam_intf_parm_type_t, uint32_t, void*): num_entry: 27, paramType: 9, paramLength: 4, aligned_size_req: 20
D/QCameraParameters(  276): int32_t qcamera::QCameraParameters::AddSetParmEntryToBatch(void*, cam_intf_parm_type_t, uint32_t, void*): num_entry: 28, paramType: 36, paramLength: 4, aligned_size_req: 20
D/QCameraParameters(  276): int32_t qcamera::QCameraParameters::AddSetParmEntryToBatch(void*, cam_intf_parm_type_t, uint32_t, void*): num_entry: 29, paramType: 40, paramLength: 4, aligned_size_req: 20
D/QCameraParameters(  276): int32_t qcamera::QCameraParameters::AddSetParmEntryToBatch(void*, cam_intf_parm_type_t, uint32_t, void*): num_entry: 30, paramType: 3, paramLength: 4, aligned_size_req: 20
D/QCameraParameters(  276): int32_t qcamera::QCameraParameters::AddSetParmEntryToBatch(void*, cam_intf_parm_type_t, uint32_t, void*): num_entry: 31, paramType: 5, paramLength: 4, aligned_size_req: 20
D/QCameraParameters(  276): int32_t qcamera::QCameraParameters::commitSetBatch():waiting for commitSetBatch to complete
D/QCameraParameters(  276): int32_t qcamera::QCameraParameters::setNumOfSnapshot(): nBurstNum = 1, nExpnum = 1
E/Thermal-Lib(  276): Thermal-Lib-Client: thermal_client_register_callback: Client Registration failed
E/Thermal-Lib(  276): Thermal-Lib-Client: thermal_client_register_callback: Client Registration failed
E/MotISP_GPU(  276): int MotISP_GPU::Init(int, int): GPU resolution: 1920x1080
I/QCameraHalWatchdog(  276): Stopped Watchdog Thread...
E/Thermal-Lib(  276): Thermal-Lib-Client: thermal_client_register_callback: Client Registration failed
E/Thermal-Lib(  276): Thermal-Lib-Client: thermal_client_register_callback: Client Registration failed
I/[MOT_RESM](  276): rmEventSignal: RESM is disabled
I/QCamera2HWI(  276): getParameters standard
I/CameraConfiguration( 5656): Screen resolution: Point(720, 1022)
I/CameraConfiguration( 5656): Supported preview sizes: 1280x960 1280x720 960x720 864x480 720x480 768x432 640x480 320x240 176x144 
I/Adreno-EGL(  276): <qeglDrvAPI_eglInitialize:410>: EGL 1.4 QUALCOMM build: AU_LINUX_ANDROID_LA.BF.1.1.1_RB1.05.00.02.042.016_msm8226_LA.BF.1.1.1_RB1__release_AU ()
I/Adreno-EGL(  276): OpenGL ES Shader Compiler Version: E031.25.03.00
I/Adreno-EGL(  276): Build Date: 02/11/15 Wed
I/Adreno-EGL(  276): Local Branch: 
I/Adreno-EGL(  276): Remote Branch: quic/LA.BF.1.1.1_rb1.10
I/Adreno-EGL(  276): Local Patches: NONE
I/Adreno-EGL(  276): Reconstruct Branch: AU_LINUX_ANDROID_LA.BF.1.1.1_RB1.05.00.02.042.016 + 62ca4eb + acd831d + 9f8b442 + e027a02 + cba30ba + 53c303a + a649d79 + 23e16f8 + 5e97da7 + cbd2a44 + 33d072a + 7aacf06 + 72b33e7 + 28f6f60 + b4c13d8 +  NOTHING
I/CameraConfiguration( 5656): Found best approximate preview size: Point(960, 720)
I/CameraConfiguration( 5656): Camera resolution: Point(960, 720)
I/QCamera2HWI(  276): getParameters standard
I/QCamera2HWI(  276): getParameters standard
I/CameraConfiguration( 5656): Initial camera parameters: antibanding=auto;antibanding-values=off,60hz,50hz,auto;auto-exposure-lock=false;auto-exposure-lock-supported=true;auto-whitebalance-lock=false;auto-whitebalance-lock-supported=true;effect=none;effect-values=none,mono,negative,solarize,sepia,posterize,whiteboard,blackboard,aqua;exposure-compensation=0;exposure-compensation-step=0.166667;flash-mode=off;flash-mode-values=off,auto,on,torch;focal-length=3.5;focus-areas=(0,0,0,0,0);focus-distances=Infinity,Infinity,Infinity;focus-mode=auto;focus-mode-values=auto,infinity,continuous-picture,continuous-video;horizontal-view-angle=54.9;jpeg-quality=95;jpeg-thumbnail-height=384;jpeg-thumbnail-quality=85;jpeg-thumbnail-size-values=512x384,512x288,320x240,320x180,0x0;jpeg-thumbnail-width=512;max-exposure-compensation=12;max-num-detected-faces-hw=5;max-num-detected-faces-sw=5;max-num-focus-areas=1;max-num-metering-areas=1;max-zoom=60;metering-areas=(0,0,0,0,0);min-exposure-compensation=-12;picture-format=jpeg;picture-format-values=jpeg;picture-size=2592x1944;picture-size-values=2592x1944,2592x1456,1920x1080,1440x1080,1280x960,1280x720,640x480,352x288;preferred-preview-size-for-video=1280x720;preview-format=yuv420sp;preview-format-values=yuv420sp,yuv420p;preview-fps-range=15000,30000;preview-fps-range-values=(15000,15000),(15000,30000);preview-frame-rate=30;preview-frame-rate-values=15,16,17,18,19,20,21,22,23,24,25,26,27,28,29,30;preview-size=1280x960;preview-size-values=1280x960,1280x720,960x720,864x480,768x432,720x480,640x480,320x240,176x144;scene-mode=auto;scene-mode-values=auto,hdr,auto_hdr;smooth-zoom-supported=true;vertical-view-angle=42.5;video-frame-format=yuv420sp;video-size-values=1280x720,864x480,720x480,640x480,352x288,320x240,176x144;video-snapshot-supported=true;video-stabilization-supported=false;whitebalance=auto;whitebalance-values=auto,incandescent,fluorescent,daylight,cloudy-daylight;zoom=0;zoom-ratios=100,102,104,107,109,112,114,117,120,123,125,128,131,135,138,141,144,148,151,155,158,162,166,170,174,178,182,186,190,195,200,204,209,214,219,224,229,235,240,246,251,257,263,270,276,282,289,296,303,310,317,324,332,340,348,356,364,373,381,390,400;zoom-supported=true
I/CameraConfiguration( 5656): Supported values: [off, auto, on, torch]
I/CameraConfiguration( 5656): Settable value: off
I/CameraConfiguration( 5656): Supported values: [auto, infinity, continuous-picture, continuous-video]
I/CameraConfiguration( 5656): Settable value: auto
I/QCameraHalWatchdog(  276): Starting Watchdog Thread...
D/QCameraParameters(  276): int32_t qcamera::QCameraParameters::initBatchUpdate(void*):Initializing batch parameter set
D/QCameraParameters(  276): updateFovParams: (2592x1944) is (54.900002/42.500000), (2592x1944) is (54.900002/42.500000)
D/QCameraParameters(  276): Param m_bNoDisplayMode = 0
D/QCameraParameters(  276): int32_t qcamera::QCameraParameters::setBrightness(const qcamera::QCameraParameters&): Brigtness not set by App 
D/QCameraParameters(  276): int32_t qcamera::QCameraParameters::setSharpness(const qcamera::QCameraParameters&): Sharpness not set by App 
D/QCameraParameters(  276): int32_t qcamera::QCameraParameters::setSaturation(const qcamera::QCameraParameters&): Saturation not set by App 
D/QCameraParameters(  276): int32_t qcamera::QCameraParameters::setContrast(const qcamera::QCameraParameters&): Contrast not set by App 
D/QCameraParameters(  276): int32_t qcamera::QCameraParameters::setSkinToneEnhancement(const qcamera::QCameraParameters&): Skintone enhancement not set by App 
D/QCameraParameters(  276): int32_t qcamera::QCameraParameters::AddSetParmEntryToBatch(void*, cam_intf_parm_type_t, uint32_t, void*): num_entry: 1, paramType: 62, paramLength: 4, aligned_size_req: 20
D/QCameraParameters(  276): int32_t qcamera::QCameraParameters::setLA(const char*): Setting LA value off 0
D/QCameraParameters(  276): int32_t qcamera::QCameraParameters::AddSetParmEntryToBatch(void*, cam_intf_parm_type_t, uint32_t, void*): num_entry: 2, paramType: 149, paramLength: 4, aligned_size_req: 20
D/QCameraParameters(  276): int32_t qcamera::QCameraParameters::AddSetParmEntryToBatch(void*, cam_intf_parm_type_t, uint32_t, void*): num_entry: 3, paramType: 10, paramLength: 4, aligned_size_req: 20
I/QCameraParameters(  276): int32_t qcamera::QCameraParameters::setLiveSnapshotSize(const qcamera::QCameraParameters&): live snapshot size 1024 x 768
D/QCameraParameters(  276): int32_t qcamera::QCameraParameters::AddSetParmEntryToBatch(void*, cam_intf_parm_type_t, uint32_t, void*): num_entry: 4, paramType: 130, paramLength: 4, aligned_size_req: 20
D/QCameraParameters(  276): int32_t qcamera::QCameraParameters::setAFBracket(const qcamera::QCameraParameters&): AF Bracketing is not supported
D/QCameraParameters(  276): int32_t qcamera::QCameraParameters::setChromaFlash(const qcamera::QCameraParameters&): Chroma Flash is not supported
D/QCameraParameters(  276): int32_t qcamera::QCameraParameters::setOptiZoom(const qcamera::QCameraParameters&): Opti Zoom is not supported
D/QCameraParameters(  276): int32_t qcamera::QCameraParameters::commitSetBatch():waiting for commitSetBatch to complete
D/QCameraParameters(  276): int32_t qcamera::QCameraParameters::setNumOfSnapshot(): nBurstNum = 1, nExpnum = 1
I/QCameraHalWatchdog(  276): Stopped Watchdog Thread...
I/QCameraHalWatchdog(  276): Starting Watchdog Thread...
I/QCameraHalWatchdog(  276): Stopped Watchdog Thread...
I/QCameraHalWatchdog(  276): Starting Watchdog Thread...
E/QCamera2HWI(  276): [KPI Perf] static int qcamera::QCamera2HardwareInterface::start_preview(camera_device*): E PROFILE_START_PREVIEW
E/QCameraHWI_Mem(  276): int qcamera::QCameraMemory::alloc(int, int, int) : No memory pool available
D/QCameraHWI_Mem(  276): static int qcamera::QCameraMemory::allocOneBuffer(qcamera::QCameraMemory::QCameraMemInfo&, int, int, bool) : ION buffer 0x1 with size 1004 allocated
D/QCamera2HWI(  276): uint8_t qcamera::QCamera2HardwareInterface::getBufNumRequired(cam_stream_type_t): Allocating 9 buffers for streamtype 7
D/QCamera2HWI(  276): uint8_t qcamera::QCamera2HardwareInterface::getBufNumRequired(cam_stream_type_t): Allocating 9 buffers for streamtype 7
E/QCameraHWI_Mem(  276): int qcamera::QCameraMemory::alloc(int, int, int) : No memory pool available
D/QCameraHWI_Mem(  276): static int qcamera::QCameraMemory::allocOneBuffer(qcamera::QCameraMemory::QCameraMemInfo&, int, int, bool) : ION buffer 0x1 with size 1004 allocated
E/QCameraHWI_Mem(  276): int qcamera::QCameraMemoryPool::allocateBuffer(qcamera::QCameraMemory::QCameraMemInfo&, int, int, bool, cam_stream_type_t) : Buffer not found!
D/QCameraHWI_Mem(  276): static int qcamera::QCameraMemory::allocOneBuffer(qcamera::QCameraMemory::QCameraMemInfo&, int, int, bool) : ION buffer 0x1 with size 283712 allocated
E/QCameraHWI_Mem(  276): int qcamera::QCameraMemoryPool::allocateBuffer(qcamera::QCameraMemory::QCameraMemInfo&, int, int, bool, cam_stream_type_t) : Buffer not found!
D/QCameraHWI_Mem(  276): static int qcamera::QCameraMemory::allocOneBuffer(qcamera::QCameraMemory::QCameraMemInfo&, int, int, bool) : ION buffer 0x1 with size 283712 allocated
E/QCameraHWI_Mem(  276): int qcamera::QCameraMemoryPool::allocateBuffer(qcamera::QCameraMemory::QCameraMemInfo&, int, int, bool, cam_stream_type_t) : Buffer not found!
D/QCameraHWI_Mem(  276): static int qcamera::QCameraMemory::allocOneBuffer(qcamera::QCameraMemory::QCameraMemInfo&, int, int, bool) : ION buffer 0x1 with size 283712 allocated
E/QCameraHWI_Mem(  276): int qcamera::QCameraMemoryPool::allocateBuffer(qcamera::QCameraMemory::QCameraMemInfo&, int, int, bool, cam_stream_type_t) : Buffer not found!
D/QCameraHWI_Mem(  276): static int qcamera::QCameraMemory::allocOneBuffer(qcamera::QCameraMemory::QCameraMemInfo&, int, int, bool) : ION buffer 0x1 with size 283712 allocated
E/QCameraHWI_Mem(  276): int qcamera::QCameraMemoryPool::allocateBuffer(qcamera::QCameraMemory::QCameraMemInfo&, int, int, bool, cam_stream_type_t) : Buffer not found!
D/QCameraHWI_Mem(  276): static int qcamera::QCameraMemory::allocOneBuffer(qcamera::QCameraMemory::QCameraMemInfo&, int, int, bool) : ION buffer 0x1 with size 283712 allocated
E/QCameraHWI_Mem(  276): int qcamera::QCameraMemoryPool::allocateBuffer(qcamera::QCameraMemory::QCameraMemInfo&, int, int, bool, cam_stream_type_t) : Buffer not found!
D/QCameraHWI_Mem(  276): static int qcamera::QCameraMemory::allocOneBuffer(qcamera::QCameraMemory::QCameraMemInfo&, int, int, bool) : ION buffer 0x1 with size 283712 allocated
E/QCameraHWI_Mem(  276): int qcamera::QCameraMemoryPool::allocateBuffer(qcamera::QCameraMemory::QCameraMemInfo&, int, int, bool, cam_stream_type_t) : Buffer not found!
D/QCameraHWI_Mem(  276): static int qcamera::QCameraMemory::allocOneBuffer(qcamera::QCameraMemory::QCameraMemInfo&, int, int, bool) : ION buffer 0x1 with size 283712 allocated
E/QCameraHWI_Mem(  276): int qcamera::QCameraMemoryPool::allocateBuffer(qcamera::QCameraMemory::QCameraMemInfo&, int, int, bool, cam_stream_type_t) : Buffer not found!
D/QCameraHWI_Mem(  276): static int qcamera::QCameraMemory::allocOneBuffer(qcamera::QCameraMemory::QCameraMemInfo&, int, int, bool) : ION buffer 0x1 with size 283712 allocated
E/QCameraHWI_Mem(  276): int qcamera::QCameraMemoryPool::allocateBuffer(qcamera::QCameraMemory::QCameraMemInfo&, int, int, bool, cam_stream_type_t) : Buffer not found!
D/QCameraHWI_Mem(  276): static int qcamera::QCameraMemory::allocOneBuffer(qcamera::QCameraMemory::QCameraMemInfo&, int, int, bool) : ION buffer 0x1 with size 283712 allocated
D/QCamera2HWI(  276): uint8_t qcamera::QCamera2HardwareInterface::getBufNumRequired(cam_stream_type_t): Allocating 9 buffers for streamtype 1
D/QCamera2HWI(  276): uint8_t qcamera::QCamera2HardwareInterface::getBufNumRequired(cam_stream_type_t): Allocating 9 buffers for streamtype 1
E/mm-camera(  301): mct_pipeline_add_stream_to_linked_streams: linked streams: 0x2
E/mm-camera(  301): mct_stream_start_link: Starting preview/postview stream linking 
E/mm-camera-sensor(  301): port_sensor_caps_reserve:129 ide 10002 stream type 1 w*h 960*720
E/mm-camera-sensor(  301): port_sensor_ext_link_func:198 ide 10002
E/mm-camera(  301): module_video_denoiser_port_check_caps_reserve:320] invalid capabilities, cannot connect port 1
E/mm-camera(  301): module_video_denoiser_port_check_caps_reserve:320] invalid capabilities, cannot connect port 1
E/mm-camera(  301): module_video_denoiser_port_check_caps_reserve:320] invalid capabilities, cannot connect port 1
E/mm-camera(  301): module_video_denoiser_port_check_caps_reserve:320] invalid capabilities, cannot connect port 1
E/mm-camera(  301): isp_util_find_matched_existing_src_port#171: X
D/MotISP_VNR(  301): LiveLux created for camera 0
E/mm-camera(  301): c2d_port_check_caps_reserve:77, identity=0x10002
E/mm-camera(  301): c2d_port_check_caps_reserve:143, identity=0x10002, reserved
E/mm-camera(  301): c2d_module_notify_add_stream:1161, info: success, identity=0x10002
E/mm-camera(  301): c2d_port_check_caps_reserve:77, identity=0x10002
E/mm-camera(  301): c2d_port_check_caps_reserve:143, identity=0x10002, reserved
D/SensorListener(  301): void android::SensorListener::enableSensor(android::SensorListener::sensor_type_t): SensorEventQueue enableSensor(TYPE_DISPLAY_ROTATE)
D/Sensors (  853): AccelerationSensor: Set Sensors state 0x3
D/Sensors (  853): AccelerationSensor: set delay 200
D/Sensors (  853): AccelerationSensor: set delay 200
D/Sensors (  853): AccelerationSensor: set delay 200
E/mm-camera(  301): module_faceproc_client_create:1036] Face proc feature mask e 0
E/mm-camera(  301): mct_pipeline_send_ctrl_events: Send Set Parm events
E/mm-camera-sensor(  301): module_sensor_event_control_set_parm:2554 CAM_INTF_PARM_LED_MODE 0 
E/mm-camera-sensor(  301): 
E/mm-camera(  301): isp_util_set_la: vfe not started yet
D/QCamera2HWI(  276): int qcamera::QCamera2HardwareInterface::startPreview(): E
E/mm-camera(  301): mct_pipeline_add_stream_to_linked_streams: linked streams: 0x82
E/mm-camera(  301): mct_stream_start_link: Starting meta stream linking: do nothing 
E/mm-camera-intf(  276): mm_stream_get_v4l2_fmt: Unknown fmt=78
E/mm-camera-intf(  276): mm_stream_request_buf: buf_num = 9, stream type = 7
D/mm-camera-intf(  276): mm_stream_qbuf: Starting poll on stream 0xb88fc250 type: 7
D/mm-camera-intf(  276): mm_stream_qbuf: Started poll on stream 0xb88fc250 type: 7
E/mm-camera(  301): mct_pipeline_process_set: stream_type = 7
E/QCameraParameters(  276): int qcamera::QCameraParameters::getPreviewHalPixelFormat() const: format 17
D/QCameraHWI_Mem(  276):  virtual int qcamera::QCameraGrallocMemory::allocate(int, int) : E 
D/QCameraHWI_Mem(  276): virtual int qcamera::QCameraGrallocMemory::allocate(int, int): usage = 1073872896, geometry: 0xb890ea28, 960, 720, 960, 720, 17
D/QCameraHWI_Mem(  276):  virtual int qcamera::QCameraGrallocMemory::allocate(int, int) : X 
E/mm-camera-intf(  276): mm_stream_request_buf: buf_num = 9, stream type = 1
D/mm-camera-intf(  276): mm_stream_qbuf: Starting poll on stream 0xb88fc408 type: 1
D/mm-camera-intf(  276): mm_stream_qbuf: Started poll on stream 0xb88fc408 type: 1
E/mm-camera(  301): mct_pipeline_process_set: stream_type = 1
E/mm-camera-sensor(  301): module_sensor_stream_on:1497 ide 10002 SENSOR_START_STREAM
E/mm-camera-sensor(  301): module_sensor_is_ready_for_stream_on:822 any bundle started 0
E/mm-camera-sensor(  301): module_sensor_is_ready_for_stream_on:832 s_bundle->stream_on_count 0
E/mm-camera-sensor(  301): module_sensor_is_ready_for_stream_on:833 is_bundle_started 0
E/mm-camera-sensor(  301): modules_sensor_set_new_resolution:960 SENSOR_SET_RESOLUTION 960*720 mask 2
E/mm-camera-sensor(  301): sensor_set_resolution:1897 Enter
E/mm-camera-sensor(  301): sensor_set_resolution:1921 Requested width 960, height 720
E/mm-camera-sensor(  301): sensor_set_resolution:1923 Requested stream mask 2 hfr mode 0 Cur fps 30.000000
E/mm-camera-sensor(  301): sensor_pick_resolution:1683 Enter
E/mm-camera-sensor(  301): sensor_pick_resolution:1702 Height 720 Width 960
E/mm-camera-sensor(  301): sensor_pick_resolution:1719 req_asp_ratio 133 stream type 2
E/mm-camera-sensor(  301): sensor_pick_resolution:1808 req_asp_ratio 133 sup_asp_ratio 133
E/mm-camera-sensor(  301): sensor_pick_resolution:1812 fabs 0
E/mm-camera-sensor(  301): sensor_pick_resolution:1808 req_asp_ratio 133 sup_asp_ratio 133
E/mm-camera-sensor(  301): sensor_pick_resolution:1812 fabs 0
E/mm-camera-sensor(  301): sensor_pick_resolution:1822 pick res 1
E/mm-camera-sensor(  301): sensor_pick_resolution:1874 Exit
E/mm-camera-sensor(  301): sensor_set_resolution:1932 Curr Res ID 8 New Res ID 1 New FPS 30.000000
