adb server is out of date.  killing...
* daemon started successfully *
--------- beginning of system
V/AlarmManager(  853): done {37192b37, *alarm*:android.intent.action.TIME_TICK} [135ms]
I/SFPerfTracer(  260):       trigger: frame rate (-49.180%)	(30.492 fps)	(32.795 ms) 	(47 drops)	(96 frames)
I/SFPerfTracer(  260):      triggers: (rate: 5893:251808) (compose: 0:45) (post: 0:5) (render: 17:2180) (96:469150 frames) (97:515137)
D/SFPerfTracer(  260):        layers: (3:10) (FocusedStackFrame (0xb745a918): 0:879)* (DimLayer (0xb745cd20): 0:23)* (DimLayer (0xb73d7dc0): 0:529)* (DimLayer (0xb73da1c8): 0:170)* (StatusBar (0xb74459e8): 2:34074) (com.android.systemui.ImageWallpaper (0xb7448610): 0:1034)* (com.nianticlabs.pokemongo/com.unity3d.player.UnityPlayerNativeActivity (0xb7469798): 0:31)* (SurfaceView (0xb73dd9d0): 96:14760) (NavigationBar (0xb74517c0): 0:42) 
V/AlarmManager(  853): sending alarm {1e478017 type 2 *walarm*:com.google.android.location.ALARM_WAKEUP_LOCATOR}
V/AlarmManager(  853): sending alarm {374ba116 type 2 *walarm*:com.google.android.location.ALARM_WAKEUP_ACTIVITY_DETECTION}
D/WifiService(  853): acquireWifiLockLocked: WifiLock{NlpWifiLock type=2 binder=android.os.BinderProxy@1feccc65}
V/AlarmManager(  853): done {1e478017, *walarm*:com.google.android.location.ALARM_WAKEUP_LOCATOR} [77ms]
V/AlarmManager(  853): done {374ba116, *walarm*:com.google.android.location.ALARM_WAKEUP_ACTIVITY_DETECTION} [121ms]
I/SFPerfTracer(  260):       trigger: frame rate (-48.541%)	(30.876 fps)	(32.388 ms) 	(15 drops)	(29 frames)
I/SFPerfTracer(  260):      triggers: (rate: 5894:251823) (compose: 0:45) (post: 0:5) (render: 17:2180) (29:469179 frames) (30:515167)
D/SFPerfTracer(  260):        layers: (3:10) (FocusedStackFrame (0xb745a918): 0:879)* (DimLayer (0xb745cd20): 0:23)* (DimLayer (0xb73d7dc0): 0:529)* (DimLayer (0xb73da1c8): 0:170)* (StatusBar (0xb74459e8): 0:34074) (com.android.systemui.ImageWallpaper (0xb7448610): 0:1034)* (com.nianticlabs.pokemongo/com.unity3d.player.UnityPlayerNativeActivity (0xb7469798): 0:31)* (SurfaceView (0xb73dd9d0): 30:14790) (NavigationBar (0xb74517c0): 0:42) 
I/SFPerfTracer(  260):      triggers: (rate: 0:22) (117472 sw vsyncs) (0 skipped) (2119:1256666 vsyncs) (2121:1389615)
D/WifiService(  853): releaseWifiLockLocked: WifiLock{NlpWifiLock type=2 binder=android.os.BinderProxy@1feccc65}
I/SFPerfTracer(  260):       trigger: frame rate (-48.631%)	(30.822 fps)	(32.445 ms) 	(14 drops)	(28 frames)
I/SFPerfTracer(  260):      triggers: (rate: 5895:251837) (compose: 0:45) (post: 0:5) (render: 17:2180) (28:469207 frames) (29:515196)
D/SFPerfTracer(  260):        layers: (3:10) (FocusedStackFrame (0xb745a918): 0:879)* (DimLayer (0xb745cd20): 0:23)* (DimLayer (0xb73d7dc0): 0:529)* (DimLayer (0xb73da1c8): 0:170)* (StatusBar (0xb74459e8): 0:34074) (com.android.systemui.ImageWallpaper (0xb7448610): 0:1034)* (com.nianticlabs.pokemongo/com.unity3d.player.UnityPlayerNativeActivity (0xb7469798): 0:31)* (SurfaceView (0xb73dd9d0): 29:14819) (NavigationBar (0xb74517c0): 0:42) 
I/SFPerfTracer(  260):       trigger: frame rate (-49.503%)	(30.298 fps)	(33.005 ms) 	(28 drops)	(62 frames)
I/SFPerfTracer(  260):      triggers: (rate: 5896:251865) (compose: 0:45) (post: 0:5) (render: 17:2180) (62:469269 frames) (63:515259)
D/SFPerfTracer(  260):        layers: (3:10) (FocusedStackFrame (0xb745a918): 0:879)* (DimLayer (0xb745cd20): 0:23)* (DimLayer (0xb73d7dc0): 0:529)* (DimLayer (0xb73da1c8): 0:170)* (StatusBar (0xb74459e8): 0:34074) (com.android.systemui.ImageWallpaper (0xb7448610): 0:1034)* (com.nianticlabs.pokemongo/com.unity3d.player.UnityPlayerNativeActivity (0xb7469798): 0:31)* (SurfaceView (0xb73dd9d0): 63:14882) (NavigationBar (0xb74517c0): 0:42) 
I/SFPerfTracer(  260):       trigger: frame rate (-48.463%)	(30.922 fps)	(32.339 ms) 	(9 drops)	(22 frames)
I/SFPerfTracer(  260):      triggers: (rate: 5897:251875) (compose: 0:45) (post: 0:5) (render: 17:2180) (22:469294 frames) (23:515286)
D/SFPerfTracer(  260):        layers: (3:10) (FocusedStackFrame (0xb745a918): 0:879)* (DimLayer (0xb745cd20): 0:23)* (DimLayer (0xb73d7dc0): 0:529)* (DimLayer (0xb73da1c8): 0:170)* (StatusBar (0xb74459e8): 1:34075) (com.android.systemui.ImageWallpaper (0xb7448610): 0:1034)* (com.nianticlabs.pokemongo/com.unity3d.player.UnityPlayerNativeActivity (0xb7469798): 0:31)* (SurfaceView (0xb73dd9d0): 23:14909) (NavigationBar (0xb74517c0): 0:42) 
I/SFPerfTracer(  260):       trigger: frame rate (-49.347%)	(30.392 fps)	(32.903 ms) 	(24 drops)	(48 frames)
I/SFPerfTracer(  260):      triggers: (rate: 5898:251899) (compose: 0:45) (post: 0:5) (render: 17:2180) (48:469342 frames) (49:515335)
D/SFPerfTracer(  260):        layers: (3:10) (FocusedStackFrame (0xb745a918): 0:879)* (DimLayer (0xb745cd20): 0:23)* (DimLayer (0xb73d7dc0): 0:529)* (DimLayer (0xb73da1c8): 0:170)* (StatusBar (0xb74459e8): 0:34075) (com.android.systemui.ImageWallpaper (0xb7448610): 0:1034)* (com.nianticlabs.pokemongo/com.unity3d.player.UnityPlayerNativeActivity (0xb7469798): 0:31)* (SurfaceView (0xb73dd9d0): 49:14958) (NavigationBar (0xb74517c0): 0:42) 
I/SFPerfTracer(  260):       trigger: frame rate (-46.942%)	(31.835 fps)	(31.412 ms) 	(3 drops)	(10 frames)
I/SFPerfTracer(  260):      triggers: (rate: 5899:251902) (compose: 0:45) (post: 0:5) (render: 17:2180) (10:469352 frames) (11:515346)
D/SFPerfTracer(  260):        layers: (3:10) (FocusedStackFrame (0xb745a918): 0:879)* (DimLayer (0xb745cd20): 0:23)* (DimLayer (0xb73d7dc0): 0:529)* (DimLayer (0xb73da1c8): 0:170)* (StatusBar (0xb74459e8): 0:34075) (com.android.systemui.ImageWallpaper (0xb7448610): 0:1034)* (com.nianticlabs.pokemongo/com.unity3d.player.UnityPlayerNativeActivity (0xb7469798): 0:31)* (SurfaceView (0xb73dd9d0): 11:14969) (NavigationBar (0xb74517c0): 0:42) 
I/SFPerfTracer(  260):       trigger: frame rate (-50.024%)	(29.986 fps)	(33.349 ms) 	(17 drops)	(31 frames)
I/SFPerfTracer(  260):      triggers: (rate: 5900:251919) (compose: 0:45) (post: 0:5) (render: 17:2180) (31:469383 frames) (32:515378)
D/SFPerfTracer(  260):        layers: (3:10) (FocusedStackFrame (0xb745a918): 0:879)* (DimLayer (0xb745cd20): 0:23)* (DimLayer (0xb73d7dc0): 0:529)* (DimLayer (0xb73da1c8): 0:170)* (StatusBar (0xb74459e8): 0:34075) (com.android.systemui.ImageWallpaper (0xb7448610): 0:1034)* (com.nianticlabs.pokemongo/com.unity3d.player.UnityPlayerNativeActivity (0xb7469798): 0:31)* (SurfaceView (0xb73dd9d0): 32:15001) (NavigationBar (0xb74517c0): 0:42) 
I/SFPerfTracer(  260):       trigger: frame rate (-47.049%)	(31.771 fps)	(31.476 ms) 	(9 drops)	(18 frames)
I/SFPerfTracer(  260):      triggers: (rate: 5901:251928) (compose: 0:45) (post: 0:5) (render: 17:2180) (18:469401 frames) (19:515397)
D/SFPerfTracer(  260):        layers: (3:10) (FocusedStackFrame (0xb745a918): 0:879)* (DimLayer (0xb745cd20): 0:23)* (DimLayer (0xb73d7dc0): 0:529)* (DimLayer (0xb73da1c8): 0:170)* (StatusBar (0xb74459e8): 0:34075) (com.android.systemui.ImageWallpaper (0xb7448610): 0:1034)* (com.nianticlabs.pokemongo/com.unity3d.player.UnityPlayerNativeActivity (0xb7469798): 0:31)* (SurfaceView (0xb73dd9d0): 19:15020) (NavigationBar (0xb74517c0): 0:42) 
V/AlarmManager(  853): sending alarm {374ba116 type 2 *walarm*:com.google.android.location.ALARM_WAKEUP_ACTIVITY_DETECTION}
V/AlarmManager(  853): done {374ba116, *walarm*:com.google.android.location.ALARM_WAKEUP_ACTIVITY_DETECTION} [25ms]
I/SFPerfTracer(  260):       trigger: frame rate (-49.002%)	(30.599 fps)	(32.681 ms) 	(11 drops)	(28 frames)
I/SFPerfTracer(  260):      triggers: (rate: 5902:251939) (compose: 0:45) (post: 0:5) (render: 17:2180) (28:469429 frames) (29:515426)
D/SFPerfTracer(  260):        layers: (3:10) (FocusedStackFrame (0xb745a918): 0:879)* (DimLayer (0xb745cd20): 0:23)* (DimLayer (0xb73d7dc0): 0:529)* (DimLayer (0xb73da1c8): 0:170)* (StatusBar (0xb74459e8): 0:34075) (com.android.systemui.ImageWallpaper (0xb7448610): 0:1034)* (com.nianticlabs.pokemongo/com.unity3d.player.UnityPlayerNativeActivity (0xb7469798): 0:31)* (SurfaceView (0xb73dd9d0): 29:15049) (NavigationBar (0xb74517c0): 0:42) 
I/SFPerfTracer(  260):       trigger: frame rate (-48.441%)	(30.936 fps)	(32.325 ms) 	(39 drops)	(90 frames)
I/SFPerfTracer(  260):      triggers: (rate: 5903:251982) (compose: 0:45) (post: 0:5) (render: 17:2180) (90:469528 frames) (91:515527)
D/SFPerfTracer(  260):        layers: (3:10) (FocusedStackFrame (0xb745a918): 0:879)* (DimLayer (0xb745cd20): 0:23)* (DimLayer (0xb73d7dc0): 0:529)* (DimLayer (0xb73da1c8): 0:170)* (StatusBar (0xb74459e8): 3:34078) (com.android.systemui.ImageWallpaper (0xb7448610): 0:1034)* (com.nianticlabs.pokemongo/com.unity3d.player.UnityPlayerNativeActivity (0xb7469798): 0:31)* (SurfaceView (0xb73dd9d0): 89:15148) (NavigationBar (0xb74517c0): 0:42) 
I/SFPerfTracer(  260):       trigger: frame rate (-49.044%)	(30.574 fps)	(32.708 ms) 	(13 drops)	(30 frames)
I/SFPerfTracer(  260):      triggers: (rate: 5904:251995) (compose: 0:45) (post: 0:5) (render: 17:2180) (30:469558 frames) (31:515558)
D/SFPerfTracer(  260):        layers: (3:10) (FocusedStackFrame (0xb745a918): 0:879)* (DimLayer (0xb745cd20): 0:23)* (DimLayer (0xb73d7dc0): 0:529)* (DimLayer (0xb73da1c8): 0:170)* (StatusBar (0xb74459e8): 0:34078) (com.android.systemui.ImageWallpaper (0xb7448610): 0:1034)* (com.nianticlabs.pokemongo/com.unity3d.player.UnityPlayerNativeActivity (0xb7469798): 0:31)* (SurfaceView (0xb73dd9d0): 31:15179) (NavigationBar (0xb74517c0): 0:42) 
I/SFPerfTracer(  260):      triggers: (rate: 0:22) (117472 sw vsyncs) (0 skipped) (778:1257444 vsyncs) (780:1390395)
I/SFPerfTracer(  260):       trigger: frame rate (-48.930%)	(30.642 fps)	(32.635 ms) 	(18 drops)	(39 frames)
I/SFPerfTracer(  260):      triggers: (rate: 5905:252013) (compose: 0:45) (post: 0:5) (render: 17:2180) (39:469597 frames) (40:515598)
D/SFPerfTracer(  260):        layers: (3:10) (FocusedStackFrame (0xb745a918): 0:879)* (DimLayer (0xb745cd20): 0:23)* (DimLayer (0xb73d7dc0): 0:529)* (DimLayer (0xb73da1c8): 0:170)* (StatusBar (0xb74459e8): 0:34078) (com.android.systemui.ImageWallpaper (0xb7448610): 0:1034)* (com.nianticlabs.pokemongo/com.unity3d.player.UnityPlayerNativeActivity (0xb7469798): 0:31)* (SurfaceView (0xb73dd9d0): 40:15219) (NavigationBar (0xb74517c0): 0:42) 
I/SFPerfTracer(  260):       trigger: frame rate (-49.529%)	(30.283 fps)	(33.022 ms) 	(22 drops)	(46 frames)
I/SFPerfTracer(  260):      triggers: (rate: 5906:252035) (compose: 0:45) (post: 0:5) (render: 17:2180) (46:469643 frames) (47:515645)
D/SFPerfTracer(  260):        layers: (3:10) (FocusedStackFrame (0xb745a918): 0:879)* (DimLayer (0xb745cd20): 0:23)* (DimLayer (0xb73d7dc0): 0:529)* (DimLayer (0xb73da1c8): 0:170)* (StatusBar (0xb74459e8): 0:34078) (com.android.systemui.ImageWallpaper (0xb7448610): 0:1034)* (com.nianticlabs.pokemongo/com.unity3d.player.UnityPlayerNativeActivity (0xb7469798): 0:31)* (SurfaceView (0xb73dd9d0): 47:15266) (NavigationBar (0xb74517c0): 0:42) 
V/AlarmManager(  853): sending alarm {374ba116 type 2 *walarm*:com.google.android.location.ALARM_WAKEUP_ACTIVITY_DETECTION}
V/AlarmManager(  853): done {374ba116, *walarm*:com.google.android.location.ALARM_WAKEUP_ACTIVITY_DETECTION} [39ms]
I/SFPerfTracer(  260):       trigger: frame rate (-47.109%)	(31.735 fps)	(31.511 ms) 	(21 drops)	(49 frames)
I/SFPerfTracer(  260):      triggers: (rate: 5907:252056) (compose: 0:45) (post: 0:5) (render: 17:2180) (49:469692 frames) (50:515695)
D/SFPerfTracer(  260):        layers: (3:10) (FocusedStackFrame (0xb745a918): 0:879)* (DimLayer (0xb745cd20): 0:23)* (DimLayer (0xb73d7dc0): 0:529)* (DimLayer (0xb73da1c8): 0:170)* (StatusBar (0xb74459e8): 2:34080) (com.android.systemui.ImageWallpaper (0xb7448610): 0:1034)* (com.nianticlabs.pokemongo/com.unity3d.player.UnityPlayerNativeActivity (0xb7469798): 0:31)* (SurfaceView (0xb73dd9d0): 48:15314) (NavigationBar (0xb74517c0): 0:42) 
V/AlarmManager(  853): sending alarm {1e478017 type 2 *walarm*:com.google.android.location.ALARM_WAKEUP_LOCATOR}
D/WifiService(  853): acquireWifiLockLocked: WifiLock{NlpWifiLock type=2 binder=android.os.BinderProxy@3668d6b}
V/AlarmManager(  853): done {1e478017, *walarm*:com.google.android.location.ALARM_WAKEUP_LOCATOR} [7ms]
D/WifiService(  853): releaseWifiLockLocked: WifiLock{NlpWifiLock type=2 binder=android.os.BinderProxy@3668d6b}
I/SFPerfTracer(  260):       trigger: frame rate (-48.997%)	(30.602 fps)	(32.678 ms) 	(65 drops)	(106 frames)
I/SFPerfTracer(  260):      triggers: (rate: 5908:252126) (compose: 0:45) (post: 0:5) (render: 17:2180) (106:469805 frames) (107:515810)
D/SFPerfTracer(  260):        layers: (3:10) (FocusedStackFrame (0xb745a918): 0:879)* (DimLayer (0xb745cd20): 0:23)* (DimLayer (0xb73d7dc0): 0:529)* (DimLayer (0xb73da1c8): 0:170)* (StatusBar (0xb74459e8): 2:34082) (com.android.systemui.ImageWallpaper (0xb7448610): 0:1034)* (com.nianticlabs.pokemongo/com.unity3d.player.UnityPlayerNativeActivity (0xb7469798): 0:31)* (SurfaceView (0xb73dd9d0): 106:15428) (NavigationBar (0xb74517c0): 0:42) 
I/SFPerfTracer(  260):       trigger: frame rate (-47.850%)	(31.290 fps)	(31.959 ms) 	(5 drops)	(13 frames)
I/SFPerfTracer(  260):      triggers: (rate: 5909:252131) (compose: 0:45) (post: 0:5) (render: 17:2180) (13:469818 frames) (14:515824)
D/SFPerfTracer(  260):        layers: (3:10) (FocusedStackFrame (0xb745a918): 0:879)* (DimLayer (0xb745cd20): 0:23)* (DimLayer (0xb73d7dc0): 0:529)* (DimLayer (0xb73da1c8): 0:170)* (StatusBar (0xb74459e8): 0:34082) (com.android.systemui.ImageWallpaper (0xb7448610): 0:1034)* (com.nianticlabs.pokemongo/com.unity3d.player.UnityPlayerNativeActivity (0xb7469798): 0:31)* (SurfaceView (0xb73dd9d0): 14:15442) (NavigationBar (0xb74517c0): 0:42) 
I/SFPerfTracer(  260):       trigger: frame rate (-45.310%)	(32.814 fps)	(30.475 ms) 	(12 drops)	(31 frames)
I/SFPerfTracer(  260):      triggers: (rate: 5910:252143) (compose: 0:45) (post: 0:5) (render: 17:2180) (31:469849 frames) (32:515856)
D/SFPerfTracer(  260):        layers: (3:10) (FocusedStackFrame (0xb745a918): 0:879)* (DimLayer (0xb745cd20): 0:23)* (DimLayer (0xb73d7dc0): 0:529)* (DimLayer (0xb73da1c8): 0:170)* (StatusBar (0xb74459e8): 2:34084) (com.android.systemui.ImageWallpaper (0xb7448610): 0:1034)* (com.nianticlabs.pokemongo/com.unity3d.player.UnityPlayerNativeActivity (0xb7469798): 0:31)* (SurfaceView (0xb73dd9d0): 30:15472) (NavigationBar (0xb74517c0): 0:42) 
V/AlarmManager(  853): sending alarm {374ba116 type 2 *walarm*:com.google.android.location.ALARM_WAKEUP_ACTIVITY_DETECTION}
V/AlarmManager(  853): done {374ba116, *walarm*:com.google.android.location.ALARM_WAKEUP_ACTIVITY_DETECTION} [15ms]
V/AlarmManager(  853): sending alarm {f5865bf type 3 *alarm*:com.google.android.gms/.lockbox.LockboxAlarmReceiver}
V/AlarmManager(  853): done {f5865bf, *alarm*:com.google.android.gms/.lockbox.LockboxAlarmReceiver} [108ms]
I/ActivityManager(  853): Start proc 1514:com.google.process.gapps/u0a19 for content provider com.google.android.gsf/.gservices.GservicesProvider
I/SFPerfTracer(  260):       trigger: frame rate (-49.049%)	(30.571 fps)	(32.711 ms) 	(50 drops)	(91 frames)
I/SFPerfTracer(  260):      triggers: (rate: 5911:252193) (compose: 0:45) (post: 0:5) (render: 17:2180) (91:469940 frames) (92:515948)
D/SFPerfTracer(  260):        layers: (3:10) (FocusedStackFrame (0xb745a918): 0:879)* (DimLayer (0xb745cd20): 0:23)* (DimLayer (0xb73d7dc0): 0:529)* (DimLayer (0xb73da1c8): 0:170)* (StatusBar (0xb74459e8): 2:34086) (com.android.systemui.ImageWallpaper (0xb7448610): 0:1034)* (com.nianticlabs.pokemongo/com.unity3d.player.UnityPlayerNativeActivity (0xb7469798): 0:31)* (SurfaceView (0xb73dd9d0): 90:15562) (NavigationBar (0xb74517c0): 0:42) 
I/SFPerfTracer(  260):       trigger: frame rate (-44.564%)	(33.262 fps)	(30.064 ms) 	(4 drops)	(11 frames)
I/SFPerfTracer(  260):      triggers: (rate: 5912:252197) (compose: 0:45) (post: 0:5) (render: 17:2180) (11:469951 frames) (12:515960)
D/SFPerfTracer(  260):        layers: (3:10) (FocusedStackFrame (0xb745a918): 0:879)* (DimLayer (0xb745cd20): 0:23)* (DimLayer (0xb73d7dc0): 0:529)* (DimLayer (0xb73da1c8): 0:170)* (StatusBar (0xb74459e8): 0:34086) (com.android.systemui.ImageWallpaper (0xb7448610): 0:1034)* (com.nianticlabs.pokemongo/com.unity3d.player.UnityPlayerNativeActivity (0xb7469798): 0:31)* (SurfaceView (0xb73dd9d0): 12:15574) (NavigationBar (0xb74517c0): 0:42) 
I/SFPerfTracer(  260):       trigger: frame rate (-49.878%)	(30.073 fps)	(33.252 ms) 	(14 drops)	(27 frames)
I/SFPerfTracer(  260):      triggers: (rate: 5913:252211) (compose: 0:45) (post: 0:5) (render: 17:2180) (27:469978 frames) (28:515988)
D/SFPerfTracer(  260):        layers: (3:10) (FocusedStackFrame (0xb745a918): 0:879)* (DimLayer (0xb745cd20): 0:23)* (DimLayer (0xb73d7dc0): 0:529)* (DimLayer (0xb73da1c8): 0:170)* (StatusBar (0xb74459e8): 0:34086) (com.android.systemui.ImageWallpaper (0xb7448610): 0:1034)* (com.nianticlabs.pokemongo/com.unity3d.player.UnityPlayerNativeActivity (0xb7469798): 0:31)* (SurfaceView (0xb73dd9d0): 28:15602) (NavigationBar (0xb74517c0): 0:42) 
I/SFPerfTracer(  260):       trigger: frame rate (-49.154%)	(30.508 fps)	(32.779 ms) 	(17 drops)	(32 frames)
I/SFPerfTracer(  260):      triggers: (rate: 5914:252228) (compose: 0:45) (post: 0:5) (render: 17:2180) (32:470010 frames) (33:516021)
D/SFPerfTracer(  260):        layers: (3:10) (FocusedStackFrame (0xb745a918): 0:879)* (DimLayer (0xb745cd20): 0:23)* (DimLayer (0xb73d7dc0): 0:529)* (DimLayer (0xb73da1c8): 0:170)* (StatusBar (0xb74459e8): 0:34086) (com.android.systemui.ImageWallpaper (0xb7448610): 0:1034)* (com.nianticlabs.pokemongo/com.unity3d.player.UnityPlayerNativeActivity (0xb7469798): 0:31)* (SurfaceView (0xb73dd9d0): 33:15635) (NavigationBar (0xb74517c0): 0:42) 
I/SFPerfTracer(  260):       trigger: frame rate (-49.221%)	(30.467 fps)	(32.822 ms) 	(21 drops)	(35 frames)
I/SFPerfTracer(  260):      triggers: (rate: 5915:252253) (compose: 0:45) (post: 0:5) (render: 17:2180) (35:470054 frames) (36:516067)
D/SFPerfTracer(  260):        layers: (3:10) (FocusedStackFrame (0xb745a918): 0:879)* (DimLayer (0xb745cd20): 0:23)* (DimLayer (0xb73d7dc0): 0:529)* (DimLayer (0xb73da1c8): 0:170)* (StatusBar (0xb74459e8): 0:34086) (com.android.systemui.ImageWallpaper (0xb7448610): 0:1034)* (com.nianticlabs.pokemongo/com.unity3d.player.UnityPlayerNativeActivity (0xb7469798): 0:31)* (SurfaceView (0xb73dd9d0): 36:15681) (NavigationBar (0xb74517c0): 0:42) 
I/SFPerfTracer(  260):       trigger: frame rate (-47.226%)	(31.665 fps)	(31.581 ms) 	(5 drops)	(10 frames)
I/SFPerfTracer(  260):      triggers: (rate: 5916:252262) (compose: 0:45) (post: 0:5) (render: 17:2180) (10:470074 frames) (11:516090)
D/SFPerfTracer(  260):        layers: (3:10) (FocusedStackFrame (0xb745a918): 0:879)* (DimLayer (0xb745cd20): 0:23)* (DimLayer (0xb73d7dc0): 0:529)* (DimLayer (0xb73da1c8): 0:170)* (StatusBar (0xb74459e8): 0:34086) (com.android.systemui.ImageWallpaper (0xb7448610): 0:1034)* (com.nianticlabs.pokemongo/com.unity3d.player.UnityPlayerNativeActivity (0xb7469798): 0:31)* (SurfaceView (0xb73dd9d0): 11:15704) (NavigationBar (0xb74517c0): 0:42) 
I/SFPerfTracer(  260):       trigger: frame rate (-49.121%)	(30.528 fps)	(32.757 ms) 	(20 drops)	(34 frames)
I/SFPerfTracer(  260):      triggers: (rate: 5917:252282) (compose: 0:45) (post: 0:5) (render: 17:2180) (34:470108 frames) (35:516125)
D/SFPerfTracer(  260):        layers: (3:10) (FocusedStackFrame (0xb745a918): 0:879)* (DimLayer (0xb745cd20): 0:23)* (DimLayer (0xb73d7dc0): 0:529)* (DimLayer (0xb73da1c8): 0:170)* (StatusBar (0xb74459e8): 0:34086) (com.android.systemui.ImageWallpaper (0xb7448610): 0:1034)* (com.nianticlabs.pokemongo/com.unity3d.player.UnityPlayerNativeActivity (0xb7469798): 0:31)* (SurfaceView (0xb73dd9d0): 35:15739) (NavigationBar (0xb74517c0): 0:42) 
V/AlarmManager(  853): sending alarm {374ba116 type 2 *walarm*:com.google.android.location.ALARM_WAKEUP_ACTIVITY_DETECTION}
V/AlarmManager(  853): done {374ba116, *walarm*:com.google.android.location.ALARM_WAKEUP_ACTIVITY_DETECTION} [22ms]
I/SFPerfTracer(  260):       trigger: frame rate (-49.269%)	(30.439 fps)	(32.853 ms) 	(56 drops)	(107 frames)
I/SFPerfTracer(  260):      triggers: (rate: 5918:252338) (compose: 0:45) (post: 0:5) (render: 17:2180) (107:470215 frames) (108:516233)
D/SFPerfTracer(  260):        layers: (3:10) (FocusedStackFrame (0xb745a918): 0:879)* (DimLayer (0xb745cd20): 0:23)* (DimLayer (0xb73d7dc0): 0:529)* (DimLayer (0xb73da1c8): 0:170)* (StatusBar (0xb74459e8): 1:34087) (com.android.systemui.ImageWallpaper (0xb7448610): 0:1034)* (com.nianticlabs.pokemongo/com.unity3d.player.UnityPlayerNativeActivity (0xb7469798): 0:31)* (SurfaceView (0xb73dd9d0): 107:15846) (NavigationBar (0xb74517c0): 0:42) 
D/BatteryService(  853): uevent={POWER_SUPPLY_TEMP=345, POWER_SUPPLY_STATUS=Discharging, POWER_SUPPLY_CAPACITY=67, ACTION=change, DEVPATH=/devices/qpnp-charger-e4a3ba00/power_supply/battery, POWER_SUPPLY_VOLTAGE_OCV=-22, POWER_SUPPLY_ONLINE=1, SUBSYSTEM=power_supply, POWER_SUPPLY_NUM_SYSTEM_TEMP_LEVELS=4, POWER_SUPPLY_INPUT_CURRENT_MAX=100000, POWER_SUPPLY_VOLTAGE_MAX_DESIGN=4350000, POWER_SUPPLY_CHARGE_FULL=2013000, POWER_SUPPLY_NAME=battery, POWER_SUPPLY_VOLTAGE_MIN_DESIGN=4300000, POWER_SUPPLY_VOLTAGE_MIN=4300000, POWER_SUPPLY_HEALTH=Good, POWER_SUPPLY_CYCLE_COUNT=5, POWER_SUPPLY_TECHNOLOGY=Li-ion, POWER_SUPPLY_CHARGE_TYPE=N/A, POWER_SUPPLY_PRESENT=1, POWER_SUPPLY_INPUT_CURRENT_SETTLED=0, POWER_SUPPLY_MODEL_NAME=UNKNOWN, POWER_SUPPLY_VOLTAGE_NOW=3833676, SEQNUM=45584, POWER_SUPPLY_TEMP_WARM=450, POWER_SUPPLY_TEMP_COOL=0, POWER_SUPPLY_CHARGE_FULL_DESIGN=2022000, POWER_SUPPLY_CURRENT_NOW=496760, POWER_SUPPLY_CHARGE_COUNTER=665791, POWER_SUPPLY_SYSTEM_TEMP_LEVEL=0, POWER_SUPPLY_INPUT_CURRENT_TRIM=33, POWER_SUPPLY_VOLTAGE_EMPTY=3200000, POWER_SUPPLY_CHARGE_RATE=None, POWER_SUPPLY_INPUT_VOLTAGE_REGULATION=1, POWER_SUPPLY_CHARGING_ENABLED=1}
I/SFPerfTracer(  260):       trigger: frame rate (-45.813%)	(32.512 fps)	(30.758 ms) 	(18 drops)	(33 frames)
I/SFPerfTracer(  260):      triggers: (rate: 5919:252356) (compose: 0:45) (post: 0:5) (render: 17:2180) (33:470248 frames) (34:516267)
D/SFPerfTracer(  260):        layers: (3:10) (FocusedStackFrame (0xb745a918): 0:879)* (DimLayer (0xb745cd20): 0:23)* (DimLayer (0xb73d7dc0): 0:529)* (DimLayer (0xb73da1c8): 0:170)* (StatusBar (0xb74459e8): 2:34089) (com.android.systemui.ImageWallpaper (0xb7448610): 0:1034)* (com.nianticlabs.pokemongo/com.unity3d.player.UnityPlayerNativeActivity (0xb7469798): 0:31)* (SurfaceView (0xb73dd9d0): 32:15878) (NavigationBar (0xb74517c0): 0:42) 
I/SFPerfTracer(  260):       trigger: frame rate (-47.387%)	(31.568 fps)	(31.678 ms) 	(7 drops)	(11 frames)
I/SFPerfTracer(  260):      triggers: (rate: 5920:252363) (compose: 0:45) (post: 0:5) (render: 17:2180) (11:470259 frames) (12:516279)
D/SFPerfTracer(  260):        layers: (3:10) (FocusedStackFrame (0xb745a918): 0:879)* (DimLayer (0xb745cd20): 0:23)* (DimLayer (0xb73d7dc0): 0:529)* (DimLayer (0xb73da1c8): 0:170)* (StatusBar (0xb74459e8): 1:34090) (com.android.systemui.ImageWallpaper (0xb7448610): 0:1034)* (com.nianticlabs.pokemongo/com.unity3d.player.UnityPlayerNativeActivity (0xb7469798): 0:31)* (SurfaceView (0xb73dd9d0): 12:15890) (NavigationBar (0xb74517c0): 0:42) 
V/AlarmManager(  853): sending alarm {1e478017 type 2 *walarm*:com.google.android.location.ALARM_WAKEUP_LOCATOR}
D/WifiService(  853): acquireWifiLockLocked: WifiLock{NlpWifiLock type=2 binder=android.os.BinderProxy@39db03cc}
V/AlarmManager(  853): done {1e478017, *walarm*:com.google.android.location.ALARM_WAKEUP_LOCATOR} [5ms]
D/WifiService(  853): releaseWifiLockLocked: WifiLock{NlpWifiLock type=2 binder=android.os.BinderProxy@39db03cc}
I/SFPerfTracer(  260):       trigger: frame rate (-49.692%)	(30.185 fps)	(33.129 ms) 	(59 drops)	(94 frames)
I/SFPerfTracer(  260):      triggers: (rate: 5921:252422) (compose: 0:45) (post: 0:5) (render: 17:2180) (94:470353 frames) (95:516374)
D/SFPerfTracer(  260):        layers: (3:10) (FocusedStackFrame (0xb745a918): 0:879)* (DimLayer (0xb745cd20): 0:23)* (DimLayer (0xb73d7dc0): 0:529)* (DimLayer (0xb73da1c8): 0:170)* (StatusBar (0xb74459e8): 0:34090) (com.android.systemui.ImageWallpaper (0xb7448610): 0:1034)* (com.nianticlabs.pokemongo/com.unity3d.player.UnityPlayerNativeActivity (0xb7469798): 0:31)* (SurfaceView (0xb73dd9d0): 95:15985) (NavigationBar (0xb74517c0): 0:42) 
I/SFPerfTracer(  260):       trigger: frame rate (-44.262%)	(33.443 fps)	(29.902 ms) 	(7 drops)	(15 frames)
I/SFPerfTracer(  260):      triggers: (rate: 5922:252429) (compose: 0:45) (post: 0:5) (render: 17:2180) (15:470368 frames) (16:516390)
D/SFPerfTracer(  260):        layers: (3:10) (FocusedStackFrame (0xb745a918): 0:879)* (DimLayer (0xb745cd20): 0:23)* (DimLayer (0xb73d7dc0): 0:529)* (DimLayer (0xb73da1c8): 0:170)* (StatusBar (0xb74459e8): 1:34091) (com.android.systemui.ImageWallpaper (0xb7448610): 0:1034)* (com.nianticlabs.pokemongo/com.unity3d.player.UnityPlayerNativeActivity (0xb7469798): 0:31)* (SurfaceView (0xb73dd9d0): 15:16000) (NavigationBar (0xb74517c0): 0:42) 
I/SFPerfTracer(  260):       trigger: frame rate (-47.845%)	(31.293 fps)	(31.956 ms) 	(32 drops)	(62 frames)
I/SFPerfTracer(  260):      triggers: (rate: 5923:252461) (compose: 0:45) (post: 0:5) (render: 17:2180) (62:470430 frames) (63:516453)
D/SFPerfTracer(  260):        layers: (3:10) (FocusedStackFrame (0xb745a918): 0:879)* (DimLayer (0xb745cd20): 0:23)* (DimLayer (0xb73d7dc0): 0:529)* (DimLayer (0xb73da1c8): 0:170)* (StatusBar (0xb74459e8): 2:34093) (com.android.systemui.ImageWallpaper (0xb7448610): 0:1034)* (com.nianticlabs.pokemongo/com.unity3d.player.UnityPlayerNativeActivity (0xb7469798): 0:31)* (SurfaceView (0xb73dd9d0): 61:16061) (NavigationBar (0xb74517c0): 0:42) 
I/SFPerfTracer(  260):       trigger: frame rate (-47.940%)	(31.236 fps)	(32.014 ms) 	(8 drops)	(14 frames)
I/SFPerfTracer(  260):      triggers: (rate: 5924:252470) (compose: 0:45) (post: 0:5) (render: 17:2180) (14:470449 frames) (15:516474)
D/SFPerfTracer(  260):        layers: (3:10) (FocusedStackFrame (0xb745a918): 0:879)* (DimLayer (0xb745cd20): 0:23)* (DimLayer (0xb73d7dc0): 0:529)* (DimLayer (0xb73da1c8): 0:170)* (StatusBar (0xb74459e8): 0:34093) (com.android.systemui.ImageWallpaper (0xb7448610): 0:1034)* (com.nianticlabs.pokemongo/com.unity3d.player.UnityPlayerNativeActivity (0xb7469798): 0:31)* (SurfaceView (0xb73dd9d0): 15:16082) (NavigationBar (0xb74517c0): 0:42) 
I/SFPerfTracer(  260):       trigger: frame rate (-49.334%)	(30.400 fps)	(32.895 ms) 	(39 drops)	(79 frames)
I/SFPerfTracer(  260):      triggers: (rate: 5925:252509) (compose: 0:45) (post: 0:5) (render: 17:2180) (79:470528 frames) (80:516554)
D/SFPerfTracer(  260):        layers: (3:10) (FocusedStackFrame (0xb745a918): 0:879)* (DimLayer (0xb745cd20): 0:23)* (DimLayer (0xb73d7dc0): 0:529)* (DimLayer (0xb73da1c8): 0:170)* (StatusBar (0xb74459e8): 1:34094) (com.android.systemui.ImageWallpaper (0xb7448610): 0:1034)* (com.nianticlabs.pokemongo/com.unity3d.player.UnityPlayerNativeActivity (0xb7469798): 0:31)* (SurfaceView (0xb73dd9d0): 79:16161) (NavigationBar (0xb74517c0): 0:42) 
D/ConnectivityService(  853): updateNetworkScore for NetworkAgentInfo [WIFI () - 131] to 56
D/ConnectivityService(  853): rematching NetworkAgentInfo [WIFI () - 131]
D/ConnectivityService(  853): Network NetworkAgentInfo [WIFI () - 131] was already satisfying request 1. No change.
D/ConnectivityService(  853): notifyType AVAILABLE for NetworkAgentInfo [WIFI () - 131]
V/AlarmManager(  853): sending alarm {37192b37 type 3 *alarm*:android.intent.action.TIME_TICK}
D/BatteryService(  853): uevent={POWER_SUPPLY_TEMP=346, POWER_SUPPLY_STATUS=Discharging, POWER_SUPPLY_CAPACITY=66, ACTION=change, DEVPATH=/devices/qpnp-charger-e4a3ba00/power_supply/battery, POWER_SUPPLY_VOLTAGE_OCV=-22, POWER_SUPPLY_ONLINE=1, SUBSYSTEM=power_supply, POWER_SUPPLY_NUM_SYSTEM_TEMP_LEVELS=4, POWER_SUPPLY_INPUT_CURRENT_MAX=100000, POWER_SUPPLY_VOLTAGE_MAX_DESIGN=4350000, POWER_SUPPLY_CHARGE_FULL=2013000, POWER_SUPPLY_NAME=battery, POWER_SUPPLY_VOLTAGE_MIN_DESIGN=4300000, POWER_SUPPLY_VOLTAGE_MIN=4300000, POWER_SUPPLY_HEALTH=Good, POWER_SUPPLY_CYCLE_COUNT=5, POWER_SUPPLY_TECHNOLOGY=Li-ion, POWER_SUPPLY_CHARGE_TYPE=N/A, POWER_SUPPLY_PRESENT=1, POWER_SUPPLY_INPUT_CURRENT_SETTLED=0, POWER_SUPPLY_MODEL_NAME=UNKNOWN, POWER_SUPPLY_VOLTAGE_NOW=3834854, SEQNUM=45614, POWER_SUPPLY_TEMP_WARM=450, POWER_SUPPLY_TEMP_COOL=0, POWER_SUPPLY_CHARGE_FULL_DESIGN=2022000, POWER_SUPPLY_CURRENT_NOW=307559, POWER_SUPPLY_CHARGE_COUNTER=668219, POWER_SUPPLY_SYSTEM_TEMP_LEVEL=0, POWER_SUPPLY_INPUT_CURRENT_TRIM=33, POWER_SUPPLY_VOLTAGE_EMPTY=3200000, POWER_SUPPLY_CHARGE_RATE=None, POWER_SUPPLY_INPUT_VOLTAGE_REGULATION=1, POWER_SUPPLY_CHARGING_ENABLED=1}
V/AlarmManager(  853): done {37192b37, *alarm*:android.intent.action.TIME_TICK} [43ms]
I/SFPerfTracer(  260):       trigger: frame rate (-49.761%)	(30.143 fps)	(33.175 ms) 	(214 drops)	(380 frames)
I/SFPerfTracer(  260):      triggers: (rate: 5926:252723) (compose: 0:45) (post: 0:5) (render: 17:2180) (380:470908 frames) (381:516935)
D/SFPerfTracer(  260):        layers: (3:10) (FocusedStackFrame (0xb745a918): 0:879)* (DimLayer (0xb745cd20): 0:23)* (DimLayer (0xb73d7dc0): 0:529)* (DimLayer (0xb73da1c8): 0:170)* (StatusBar (0xb74459e8): 6:34100) (com.android.systemui.ImageWallpaper (0xb7448610): 0:1034)* (com.nianticlabs.pokemongo/com.unity3d.player.UnityPlayerNativeActivity (0xb7469798): 0:31)* (SurfaceView (0xb73dd9d0): 380:16541) (NavigationBar (0xb74517c0): 0:42) 
D/ConnectivityService(  853): updateNetworkScore for NetworkAgentInfo [WIFI () - 131] to 60
D/ConnectivityService(  853): rematching NetworkAgentInfo [WIFI () - 131]
D/ConnectivityService(  853): Network NetworkAgentInfo [WIFI () - 131] was already satisfying request 1. No change.
D/ConnectivityService(  853): notifyType AVAILABLE for NetworkAgentInfo [WIFI () - 131]
V/AlarmManager(  853): sending alarm {1e478017 type 2 *walarm*:com.google.android.location.ALARM_WAKEUP_LOCATOR}
D/WifiService(  853): acquireWifiLockLocked: WifiLock{NlpWifiLock type=2 binder=android.os.BinderProxy@1f9e2273}
V/AlarmManager(  853): done {1e478017, *walarm*:com.google.android.location.ALARM_WAKEUP_LOCATOR} [5ms]
I/SFPerfTracer(  260):       trigger: frame rate (-49.295%)	(30.423 fps)	(32.870 ms) 	(26 drops)	(39 frames)
I/SFPerfTracer(  260):      triggers: (rate: 5927:252749) (compose: 0:45) (post: 0:5) (render: 17:2180) (39:470947 frames) (40:516975)
D/SFPerfTracer(  260):        layers: (3:10) (FocusedStackFrame (0xb745a918): 0:879)* (DimLayer (0xb745cd20): 0:23)* (DimLayer (0xb73d7dc0): 0:529)* (DimLayer (0xb73da1c8): 0:170)* (StatusBar (0xb74459e8): 1:34101) (com.android.systemui.ImageWallpaper (0xb7448610): 0:1034)* (com.nianticlabs.pokemongo/com.unity3d.player.UnityPlayerNativeActivity (0xb7469798): 0:31)* (SurfaceView (0xb73dd9d0): 40:16581) (NavigationBar (0xb74517c0): 0:42) 
D/WifiService(  853): releaseWifiLockLocked: WifiLock{NlpWifiLock type=2 binder=android.os.BinderProxy@1f9e2273}
I/SFPerfTracer(  260):       trigger: frame rate (-49.471%)	(30.318 fps)	(32.984 ms) 	(73 drops)	(150 frames)
I/SFPerfTracer(  260):      triggers: (rate: 5928:252822) (compose: 0:45) (post: 0:5) (render: 17:2180) (150:471097 frames) (151:517126)
D/SFPerfTracer(  260):        layers: (3:10) (FocusedStackFrame (0xb745a918): 0:879)* (DimLayer (0xb745cd20): 0:23)* (DimLayer (0xb73d7dc0): 0:529)* (DimLayer (0xb73da1c8): 0:170)* (StatusBar (0xb74459e8): 1:34102) (com.android.systemui.ImageWallpaper (0xb7448610): 0:1034)* (com.nianticlabs.pokemongo/com.unity3d.player.UnityPlayerNativeActivity (0xb7469798): 0:31)* (SurfaceView (0xb73dd9d0): 150:16731) (NavigationBar (0xb74517c0): 0:42) 
I/SFPerfTracer(  260):      triggers: (rate: 0:22) (117472 sw vsyncs) (0 skipped) (3201:1260645 vsyncs) (3203:1393598)
I/SFPerfTracer(  260):       trigger: frame rate (-48.144%)	(31.114 fps)	(32.140 ms) 	(19 drops)	(43 frames)
I/SFPerfTracer(  260):      triggers: (rate: 5929:252841) (compose: 0:45) (post: 0:5) (render: 17:2180) (43:471140 frames) (44:517170)
D/SFPerfTracer(  260):        layers: (3:10) (FocusedStackFrame (0xb745a918): 0:879)* (DimLayer (0xb745cd20): 0:23)* (DimLayer (0xb73d7dc0): 0:529)* (DimLayer (0xb73da1c8): 0:170)* (StatusBar (0xb74459e8): 2:34104) (com.android.systemui.ImageWallpaper (0xb7448610): 0:1034)* (com.nianticlabs.pokemongo/com.unity3d.player.UnityPlayerNativeActivity (0xb7469798): 0:31)* (SurfaceView (0xb73dd9d0): 43:16774) (NavigationBar (0xb74517c0): 0:42) 
I/SFPerfTracer(  260):       trigger: frame rate (-62.148%)	(22.711 fps)	(44.031 ms) 	(30 drops)	(28 frames)
I/SFPerfTracer(  260):      triggers: (rate: 5930:252878) (compose: 0:45) (post: 0:5) (render: 17:2180) (28:471173 frames) (29:517207)
D/SFPerfTracer(  260):        layers: (3:10) (FocusedStackFrame (0xb745a918): 0:879)* (DimLayer (0xb745cd20): 0:23)* (DimLayer (0xb73d7dc0): 0:529)* (DimLayer (0xb73da1c8): 0:170)* (StatusBar (0xb74459e8): 1:34106) (com.android.systemui.ImageWallpaper (0xb7448610): 0:1034)* (com.nianticlabs.pokemongo/com.unity3d.player.UnityPlayerNativeActivity (0xb7469798): 0:31)* (SurfaceView (0xb73dd9d0): 28:16809) (NavigationBar (0xb74517c0): 0:42) 
I/SFPerfTracer(  260):       trigger: frame rate (-49.308%)	(30.415 fps)	(32.879 ms) 	(106 drops)	(187 frames)
I/SFPerfTracer(  260):      triggers: (rate: 5931:252988) (compose: 0:45) (post: 0:5) (render: 17:2180) (187:471374 frames) (188:517411)
D/SFPerfTracer(  260):        layers: (3:10) (FocusedStackFrame (0xb745a918): 0:879)* (DimLayer (0xb745cd20): 0:23)* (DimLayer (0xb73d7dc0): 0:529)* (DimLayer (0xb73da1c8): 0:170)* (StatusBar (0xb74459e8): 3:34109) (com.android.systemui.ImageWallpaper (0xb7448610): 0:1034)* (com.nianticlabs.pokemongo/com.unity3d.player.UnityPlayerNativeActivity (0xb7469798): 0:31)* (SurfaceView (0xb73dd9d0): 186:17011) (NavigationBar (0xb74517c0): 0:42) 
I/SFPerfTracer(  260):       trigger: frame rate (-48.734%)	(30.760 fps)	(32.510 ms) 	(10 drops)	(24 frames)
I/SFPerfTracer(  260):      triggers: (rate: 5932:252998) (compose: 0:45) (post: 0:5) (render: 17:2180) (24:471398 frames) (25:517436)
D/SFPerfTracer(  260):        layers: (3:10) (FocusedStackFrame (0xb745a918): 0:879)* (DimLayer (0xb745cd20): 0:23)* (DimLayer (0xb73d7dc0): 0:529)* (DimLayer (0xb73da1c8): 0:170)* (StatusBar (0xb74459e8): 0:34109) (com.android.systemui.ImageWallpaper (0xb7448610): 0:1034)* (com.nianticlabs.pokemongo/com.unity3d.player.UnityPlayerNativeActivity (0xb7469798): 0:31)* (SurfaceView (0xb73dd9d0): 25:17036) (NavigationBar (0xb74517c0): 0:42) 
I/ActivityManager(  853): Process com.google.process.gapps (pid 1514) has died
D/WifiService(  853): Client connection lost with reason: 4
I/ActivityManager(  853): Process com.facebook.katana (pid 336) has died
W/ActivityManager(  853): Scheduling restart of crashed service com.facebook.katana/com.facebook.mqttlite.MqttService in 1000ms
I/ActivityManager(  853): Process com.qualcomm.atfwd (pid 28158) has died
W/ActivityManager(  853): Scheduling restart of crashed service com.qualcomm.atfwd/.AtFwdService in 10951ms
I/ActivityManager(  853): Start proc 1896:com.facebook.katana/u0a109 for service com.facebook.katana/com.facebook.mqttlite.MqttService
I/SFPerfTracer(  260):      triggers: (rate: 0:22) (117472 sw vsyncs) (0 skipped) (725:1261370 vsyncs) (727:1394325)
W/ResourcesManager( 1896): Asset path '/system/framework/com.google.android.maps.jar' does not exist or contains no resources.
V/AlarmManager(  853): sending alarm {1e478017 type 2 *walarm*:com.google.android.location.ALARM_WAKEUP_LOCATOR}
D/WifiService(  853): acquireWifiLockLocked: WifiLock{NlpWifiLock type=2 binder=android.os.BinderProxy@1f9e2273}
V/AlarmManager(  853): done {1e478017, *walarm*:com.google.android.location.ALARM_WAKEUP_LOCATOR} [25ms]
I/SFPerfTracer(  260):       trigger: frame rate (-59.063%)	(24.562 fps)	(40.713 ms) 	(10 drops)	(11 frames)
I/SFPerfTracer(  260):      triggers: (rate: 5933:253025) (compose: 0:45) (post: 0:5) (render: 17:2180) (11:471434 frames) (12:517485)
D/SFPerfTracer(  260):        layers: (3:10) (FocusedStackFrame (0xb745a918): 0:879)* (DimLayer (0xb745cd20): 0:23)* (DimLayer (0xb73d7dc0): 0:529)* (DimLayer (0xb73da1c8): 0:170)* (StatusBar (0xb74459e8): 0:34110) (com.android.systemui.ImageWallpaper (0xb7448610): 0:1034)* (com.nianticlabs.pokemongo/com.unity3d.player.UnityPlayerNativeActivity (0xb7469798): 0:31)* (SurfaceView (0xb73dd9d0): 12:17084) (NavigationBar (0xb74517c0): 0:42) 
I/ActivityManager(  853): Process com.motorola.MotGallery2 (pid 548) has died
W/ActivityManager(  853): Scheduling restart of crashed service com.motorola.MotGallery2/com.motorola.blur.service.blur.JobSchedulerService in 17965ms
D/WifiService(  853): releaseWifiLockLocked: WifiLock{NlpWifiLock type=2 binder=android.os.BinderProxy@1f9e2273}
I/SFPerfTracer(  260):      triggers: (rate: 0:22) (117472 sw vsyncs) (0 skipped) (137:1261507 vsyncs) (139:1394464)
I/SFPerfTracer(  260):       trigger: frame rate (-52.834%)	(28.300 fps)	(35.336 ms) 	(22 drops)	(33 frames)
I/SFPerfTracer(  260):      triggers: (rate: 5934:253054) (compose: 0:45) (post: 0:5) (render: 17:2180) (33:471479 frames) (34:517535)
D/SFPerfTracer(  260):        layers: (3:10) (FocusedStackFrame (0xb745a918): 0:879)* (DimLayer (0xb745cd20): 0:23)* (DimLayer (0xb73d7dc0): 0:529)* (DimLayer (0xb73da1c8): 0:170)* (StatusBar (0xb74459e8): 2:34113) (com.android.systemui.ImageWallpaper (0xb7448610): 0:1034)* (com.nianticlabs.pokemongo/com.unity3d.player.UnityPlayerNativeActivity (0xb7469798): 0:31)* (SurfaceView (0xb73dd9d0): 33:17132) (NavigationBar (0xb74517c0): 0:42) 
I/ActivityManager(  853): Process com.android.cellbroadcastreceiver (pid 755) has died
W/ActivityManager(  853): Scheduling restart of crashed service com.android.cellbroadcastreceiver/.CBLocUpdateService in 44230ms
I/SFPerfTracer(  260):       trigger: frame rate (-53.335%)	(27.999 fps)	(35.716 ms) 	(45 drops)	(63 frames)
I/SFPerfTracer(  260):      triggers: (rate: 5935:253099) (compose: 0:45) (post: 0:5) (render: 17:2180) (63:471542 frames) (64:517599)
D/SFPerfTracer(  260):        layers: (3:10) (FocusedStackFrame (0xb745a918): 0:879)* (DimLayer (0xb745cd20): 0:23)* (DimLayer (0xb73d7dc0): 0:529)* (DimLayer (0xb73da1c8): 0:170)* (StatusBar (0xb74459e8): 2:34115) (com.android.systemui.ImageWallpaper (0xb7448610): 0:1034)* (com.nianticlabs.pokemongo/com.unity3d.player.UnityPlayerNativeActivity (0xb7469798): 0:31)* (SurfaceView (0xb73dd9d0): 62:17194) (NavigationBar (0xb74517c0): 0:42) 
D/WifiService(  853): New client listening to asynchronous messages
I/SFPerfTracer(  260):       trigger: frame rate (-53.551%)	(27.869 fps)	(35.882 ms) 	(24 drops)	(39 frames)
I/SFPerfTracer(  260):      triggers: (rate: 5936:253123) (compose: 0:45) (post: 0:5) (render: 17:2180) (39:471581 frames) (40:517639)
D/SFPerfTracer(  260):        layers: (3:10) (FocusedStackFrame (0xb745a918): 0:879)* (DimLayer (0xb745cd20): 0:23)* (DimLayer (0xb73d7dc0): 0:529)* (DimLayer (0xb73da1c8): 0:170)* (StatusBar (0xb74459e8): 1:34116) (com.android.systemui.ImageWallpaper (0xb7448610): 0:1034)* (com.nianticlabs.pokemongo/com.unity3d.player.UnityPlayerNativeActivity (0xb7469798): 0:31)* (SurfaceView (0xb73dd9d0): 39:17233) (NavigationBar (0xb74517c0): 0:42) 
D/WifiService(  853): Client connection lost with reason: 4
I/ActivityManager(  853): Process com.facebook.katana (pid 1896) has died
W/ActivityManager(  853): Scheduling restart of crashed service com.facebook.katana/com.facebook.mqttlite.MqttService in 50065ms
V/AlarmManager(  853): sending alarm {f5865bf type 3 *alarm*:com.google.android.gms/.lockbox.LockboxAlarmReceiver}
V/AlarmManager(  853): done {f5865bf, *alarm*:com.google.android.gms/.lockbox.LockboxAlarmReceiver} [175ms]
I/ActivityManager(  853): Start proc 1971:com.google.process.gapps/u0a19 for content provider com.google.android.gsf/.gservices.GservicesProvider
I/SFPerfTracer(  260):       trigger: frame rate (-52.636%)	(28.418 fps)	(35.188 ms) 	(21 drops)	(36 frames)
I/SFPerfTracer(  260):      triggers: (rate: 5937:253144) (compose: 0:45) (post: 0:5) (render: 17:2180) (36:471617 frames) (37:517676)
D/SFPerfTracer(  260):        layers: (3:10) (FocusedStackFrame (0xb745a918): 0:879)* (DimLayer (0xb745cd20): 0:23)* (DimLayer (0xb73d7dc0): 0:529)* (DimLayer (0xb73da1c8): 0:170)* (StatusBar (0xb74459e8): 1:34117) (com.android.systemui.ImageWallpaper (0xb7448610): 0:1034)* (com.nianticlabs.pokemongo/com.unity3d.player.UnityPlayerNativeActivity (0xb7469798): 0:31)* (SurfaceView (0xb73dd9d0): 37:17270) (NavigationBar (0xb74517c0): 0:42) 
I/ActivityManager(  853): Process com.google.process.gapps (pid 1971) has died
I/ActivityManager(  853): Start proc 1999:com.qualcomm.atfwd/1000 for service com.qualcomm.atfwd/.AtFwdService
I/SFPerfTracer(  260):       trigger: frame rate (-51.386%)	(29.168 fps)	(34.284 ms) 	(20 drops)	(35 frames)
I/SFPerfTracer(  260):      triggers: (rate: 5938:253164) (compose: 0:45) (post: 0:5) (render: 17:2180) (35:471652 frames) (36:517712)
D/SFPerfTracer(  260):        layers: (3:10) (FocusedStackFrame (0xb745a918): 0:879)* (DimLayer (0xb745cd20): 0:23)* (DimLayer (0xb73d7dc0): 0:529)* (DimLayer (0xb73da1c8): 0:170)* (StatusBar (0xb74459e8): 0:34117) (com.android.systemui.ImageWallpaper (0xb7448610): 0:1034)* (com.nianticlabs.pokemongo/com.unity3d.player.UnityPlayerNativeActivity (0xb7469798): 0:31)* (SurfaceView (0xb73dd9d0): 36:17306) (NavigationBar (0xb74517c0): 0:42) 
I/SFPerfTracer(  260):      triggers: (rate: 0:22) (117472 sw vsyncs) (0 skipped) (463:1261970 vsyncs) (465:1394929)
I/SFPerfTracer(  260):       trigger: frame rate (-53.175%)	(28.095 fps)	(35.593 ms) 	(14 drops)	(21 frames)
I/SFPerfTracer(  260):      triggers: (rate: 5939:253178) (compose: 0:45) (post: 0:5) (render: 17:2180) (21:471673 frames) (22:517734)
D/SFPerfTracer(  260):        layers: (3:10) (FocusedStackFrame (0xb745a918): 0:879)* (DimLayer (0xb745cd20): 0:23)* (DimLayer (0xb73d7dc0): 0:529)* (DimLayer (0xb73da1c8): 0:170)* (StatusBar (0xb74459e8): 0:34117) (com.android.systemui.ImageWallpaper (0xb7448610): 0:1034)* (com.nianticlabs.pokemongo/com.unity3d.player.UnityPlayerNativeActivity (0xb7469798): 0:31)* (SurfaceView (0xb73dd9d0): 22:17328) (NavigationBar (0xb74517c0): 0:42) 
I/SFPerfTracer(  260):       trigger: frame rate (-49.572%)	(30.257 fps)	(33.050 ms) 	(76 drops)	(114 frames)
I/SFPerfTracer(  260):      triggers: (rate: 5940:253254) (compose: 0:45) (post: 0:5) (render: 17:2180) (114:471787 frames) (115:517849)
D/SFPerfTracer(  260):        layers: (3:10) (FocusedStackFrame (0xb745a918): 0:879)* (DimLayer (0xb745cd20): 0:23)* (DimLayer (0xb73d7dc0): 0:529)* (DimLayer (0xb73da1c8): 0:170)* (StatusBar (0xb74459e8): 1:34118) (com.android.systemui.ImageWallpaper (0xb7448610): 0:1034)* (com.nianticlabs.pokemongo/com.unity3d.player.UnityPlayerNativeActivity (0xb7469798): 0:31)* (SurfaceView (0xb73dd9d0): 114:17442) (NavigationBar (0xb74517c0): 0:42) 
V/AlarmManager(  853): sending alarm {200289ac type 3 *alarm*:com.google.android.location.fused.LOCATION_STATUS_ALARM_ACTION_0}
V/AlarmManager(  853): done {200289ac, *alarm*:com.google.android.location.fused.LOCATION_STATUS_ALARM_ACTION_0} [3ms]
I/SFPerfTracer(  260):       trigger: frame rate (-49.279%)	(30.433 fps)	(32.859 ms) 	(24 drops)	(41 frames)
I/SFPerfTracer(  260):      triggers: (rate: 5941:253278) (compose: 0:45) (post: 0:5) (render: 17:2180) (41:471828 frames) (42:517891)
D/SFPerfTracer(  260):        layers: (3:10) (FocusedStackFrame (0xb745a918): 0:879)* (DimLayer (0xb745cd20): 0:23)* (DimLayer (0xb73d7dc0): 0:529)* (DimLayer (0xb73da1c8): 0:170)* (StatusBar (0xb74459e8): 1:34119) (com.android.systemui.ImageWallpaper (0xb7448610): 0:1034)* (com.nianticlabs.pokemongo/com.unity3d.player.UnityPlayerNativeActivity (0xb7469798): 0:31)* (SurfaceView (0xb73dd9d0): 42:17484) (NavigationBar (0xb74517c0): 0:42) 
D/BatteryService(  853): uevent={POWER_SUPPLY_TEMP=350, POWER_SUPPLY_STATUS=Discharging, POWER_SUPPLY_CAPACITY=66, ACTION=change, DEVPATH=/devices/qpnp-charger-e4a3ba00/power_supply/battery, POWER_SUPPLY_VOLTAGE_OCV=-22, POWER_SUPPLY_ONLINE=1, SUBSYSTEM=power_supply, POWER_SUPPLY_NUM_SYSTEM_TEMP_LEVELS=4, POWER_SUPPLY_INPUT_CURRENT_MAX=100000, POWER_SUPPLY_VOLTAGE_MAX_DESIGN=4350000, POWER_SUPPLY_CHARGE_FULL=2013000, POWER_SUPPLY_NAME=battery, POWER_SUPPLY_VOLTAGE_MIN_DESIGN=4300000, POWER_SUPPLY_VOLTAGE_MIN=4300000, POWER_SUPPLY_HEALTH=Good, POWER_SUPPLY_CYCLE_COUNT=5, POWER_SUPPLY_TECHNOLOGY=Li-ion, POWER_SUPPLY_CHARGE_TYPE=N/A, POWER_SUPPLY_PRESENT=1, POWER_SUPPLY_INPUT_CURRENT_SETTLED=0, POWER_SUPPLY_MODEL_NAME=UNKNOWN, POWER_SUPPLY_VOLTAGE_NOW=3833790, SEQNUM=45665, POWER_SUPPLY_TEMP_WARM=450, POWER_SUPPLY_TEMP_COOL=0, POWER_SUPPLY_CHARGE_FULL_DESIGN=2022000, POWER_SUPPLY_CURRENT_NOW=366738, POWER_SUPPLY_CHARGE_COUNTER=673358, POWER_SUPPLY_SYSTEM_TEMP_LEVEL=0, POWER_SUPPLY_INPUT_CURRENT_TRIM=33, POWER_SUPPLY_VOLTAGE_EMPTY=3200000, POWER_SUPPLY_CHARGE_RATE=None, POWER_SUPPLY_INPUT_VOLTAGE_REGULATION=1, POWER_SUPPLY_CHARGING_ENABLED=1}
I/ActivityManager(  853): Start proc 2079:com.motorola.MotGallery2/u0a31 for service com.motorola.MotGallery2/com.motorola.blur.service.blur.JobSchedulerService
I/SFPerfTracer(  260):      triggers: (rate: 0:22) (117472 sw vsyncs) (0 skipped) (591:1262561 vsyncs) (593:1395522)
W/ResourcesManager( 2079): Asset path '/system/framework/com.motorola.gallery' does not exist or contains no resources.
W/ResourcesManager( 2079): Asset path '/system/framework/com.google.android.media.effects.jar' does not exist or contains no resources.
W/ResourcesManager( 2079): Asset path '/system/framework/com.motorola.frameworks.core.addon.jar' does not exist or contains no resources.
I/ActivityManager(  853): Start proc 2102:android.process.media/u0a15 for content provider com.android.providers.media/.MediaProvider
V/AlarmManager(  853): sending alarm {1e478017 type 2 *walarm*:com.google.android.location.ALARM_WAKEUP_LOCATOR}
W/ResourcesManager( 2102): Asset path '/system/framework/com.motorola.android.encryption.jar' does not exist or contains no resources.
D/WifiService(  853): acquireWifiLockLocked: WifiLock{NlpWifiLock type=2 binder=android.os.BinderProxy@e0f3675}
V/AlarmManager(  853): done {1e478017, *walarm*:com.google.android.location.ALARM_WAKEUP_LOCATOR} [196ms]
I/openssl ( 2102): Crypto mode not selected, openssl will run on its regular mode.
I/openssl ( 2102): Crypto mode 0 already enabled
D/WifiService(  853): releaseWifiLockLocked: WifiLock{NlpWifiLock type=2 binder=android.os.BinderProxy@e0f3675}
I/ActivityManager(  853): Process android.process.media (pid 2102) has died
I/SFPerfTracer(  260):       trigger: frame rate (-50.821%)	(29.508 fps)	(33.890 ms) 	(103 drops)	(180 frames)
I/SFPerfTracer(  260):      triggers: (rate: 5942:253381) (compose: 0:45) (post: 0:5) (render: 17:2181) (180:472008 frames) (181:518072)
D/SFPerfTracer(  260):        layers: (3:10) (FocusedStackFrame (0xb745a918): 0:879)* (DimLayer (0xb745cd20): 0:23)* (DimLayer (0xb73d7dc0): 0:529)* (DimLayer (0xb73da1c8): 0:170)* (StatusBar (0xb74459e8): 3:34122) (com.android.systemui.ImageWallpaper (0xb7448610): 0:1034)* (com.nianticlabs.pokemongo/com.unity3d.player.UnityPlayerNativeActivity (0xb7469798): 0:31)* (SurfaceView (0xb73dd9d0): 179:17663) (NavigationBar (0xb74517c0): 0:42) 
V/AlarmManager(  853): sending alarm {1e478017 type 2 *walarm*:com.google.android.location.ALARM_WAKEUP_LOCATOR}
I/SFPerfTracer(  260):       trigger: frame rate (-48.701%)	(30.780 fps)	(32.489 ms) 	(59 drops)	(100 frames)
I/SFPerfTracer(  260):      triggers: (rate: 5943:253443) (compose: 0:45) (post: 0:5) (render: 17:2181) (100:472114 frames) (101:518180)
D/SFPerfTracer(  260):        layers: (3:10) (FocusedStackFrame (0xb745a918): 0:879)* (DimLayer (0xb745cd20): 0:23)* (DimLayer (0xb73d7dc0): 0:529)* (DimLayer (0xb73da1c8): 0:170)* (StatusBar (0xb74459e8): 3:34125) (com.android.systemui.ImageWallpaper (0xb7448610): 0:1034)* (com.nianticlabs.pokemongo/com.unity3d.player.UnityPlayerNativeActivity (0xb7469798): 0:31)* (SurfaceView (0xb73dd9d0): 99:17769) (NavigationBar (0xb74517c0): 0:42) 
D/WifiService(  853): acquireWifiLockLocked: WifiLock{NlpWifiLock type=2 binder=android.os.BinderProxy@e0f3675}
V/AlarmManager(  853): done {1e478017, *walarm*:com.google.android.location.ALARM_WAKEUP_LOCATOR} [53ms]
I/SFPerfTracer(  260):       trigger: frame rate (-47.305%)	(31.617 fps)	(31.629 ms) 	(7 drops)	(13 frames)
I/SFPerfTracer(  260):      triggers: (rate: 5944:253450) (compose: 0:45) (post: 0:5) (render: 17:2181) (13:472127 frames) (14:518194)
D/SFPerfTracer(  260):        layers: (3:10) (FocusedStackFrame (0xb745a918): 0:879)* (DimLayer (0xb745cd20): 0:23)* (DimLayer (0xb73d7dc0): 0:529)* (DimLayer (0xb73da1c8): 0:170)* (StatusBar (0xb74459e8): 0:34125) (com.android.systemui.ImageWallpaper (0xb7448610): 0:1034)* (com.nianticlabs.pokemongo/com.unity3d.player.UnityPlayerNativeActivity (0xb7469798): 0:31)* (SurfaceView (0xb73dd9d0): 14:17783) (NavigationBar (0xb74517c0): 0:42) 
D/WifiService(  853): releaseWifiLockLocked: WifiLock{NlpWifiLock type=2 binder=android.os.BinderProxy@e0f3675}
I/SFPerfTracer(  260):       trigger: frame rate (-49.353%)	(30.388 fps)	(32.907 ms) 	(18 drops)	(40 frames)
I/SFPerfTracer(  260):      triggers: (rate: 5945:253468) (compose: 0:45) (post: 0:5) (render: 17:2181) (40:472167 frames) (41:518235)
D/SFPerfTracer(  260):        layers: (3:10) (FocusedStackFrame (0xb745a918): 0:879)* (DimLayer (0xb745cd20): 0:23)* (DimLayer (0xb73d7dc0): 0:529)* (DimLayer (0xb73da1c8): 0:170)* (StatusBar (0xb74459e8): 1:34126) (com.android.systemui.ImageWallpaper (0xb7448610): 0:1034)* (com.nianticlabs.pokemongo/com.unity3d.player.UnityPlayerNativeActivity (0xb7469798): 0:31)* (SurfaceView (0xb73dd9d0): 41:17824) (NavigationBar (0xb74517c0): 0:42) 
I/SFPerfTracer(  260):       trigger: frame rate (-48.378%)	(30.973 fps)	(32.286 ms) 	(12 drops)	(17 frames)
